c:\users\raphael.baumeler\stm32cubeide_1.10.1\stm32cubeide\plugins\com.st.stm32cube.ide.mcu.externaltools.gnu-tools-for-stm32.10.3-2021.10.win32_1.0.0.202111181127\tools\bin\../lib/gcc/arm-none-eabi/10.3.1/../../../../arm-none-eabi/include/c++/10.3.1/arm-none-eabi/thumb/v7e-m+fp/hard/bits/gthr-default.h:229:1:int __gthread_key_delete(__gthread_key_t)	16	static
../CPP_Core/Src/SpiritLevelSignelAxis3LED.cpp:10:1:SpiritLevelSignelAxis3LED::SpiritLevelSignelAxis3LED()	16	static
../CPP_Core/Src/SpiritLevelSignelAxis3LED.cpp:14:1:SpiritLevelSignelAxis3LED::~SpiritLevelSignelAxis3LED()	16	static
../CPP_Core/Src/SpiritLevelSignelAxis3LED.cpp:14:1:virtual SpiritLevelSignelAxis3LED::~SpiritLevelSignelAxis3LED()	16	static
C:/Users/raphael.baumeler/STM32CubeIDE/workspace_1.10.1/EP_CPP_IKS01A3_SpitirLevel/CPP_Core/Inc/STM32H7Led.h:13:7:constexpr STM32H7Led& STM32H7Led::operator=(const STM32H7Led&)	16	static
../CPP_Core/Src/SpiritLevelSignelAxis3LED.cpp:18:6:void SpiritLevelSignelAxis3LED::init()	64	static
../CPP_Core/Src/SpiritLevelSignelAxis3LED.cpp:25:6:void SpiritLevelSignelAxis3LED::updateValues()	16	static
../CPP_Core/Src/SpiritLevelSignelAxis3LED.cpp:29:6:void SpiritLevelSignelAxis3LED::show()	32	static
../CPP_Core/Src/SpiritLevelSignelAxis3LED.cpp:64:6:void SpiritLevelSignelAxis3LED::setZero()	16	static
../CPP_Core/Src/SpiritLevelSignelAxis3LED.cpp:66:1:void __static_initialization_and_destruction_0(int, int)	16	static
../CPP_Core/Src/SpiritLevelSignelAxis3LED.cpp:66:1:cpp)	8	static
../CPP_Core/Src/SpiritLevelSignelAxis3LED.cpp:66:1:cpp)	8	static
