c:\users\raphael.baumeler\stm32cubeide_1.10.1\stm32cubeide\plugins\com.st.stm32cube.ide.mcu.externaltools.gnu-tools-for-stm32.10.3-2021.10.win32_1.0.0.202111181127\tools\bin\../lib/gcc/arm-none-eabi/10.3.1/../../../../arm-none-eabi/include/c++/10.3.1/arm-none-eabi/thumb/v7e-m+fp/hard/bits/gthr-default.h:229:1:int __gthread_key_delete(__gthread_key_t)	16	static
c:\users\raphael.baumeler\stm32cubeide_1.10.1\stm32cubeide\plugins\com.st.stm32cube.ide.mcu.externaltools.gnu-tools-for-stm32.10.3-2021.10.win32_1.0.0.202111181127\tools\bin\../lib/gcc/arm-none-eabi/10.3.1/../../../../arm-none-eabi/include/c++/10.3.1/bits/stl_vector.h:288:7:std::_Vector_base<_Tp, _Alloc>::_Vector_base() [with _Tp = float; _Alloc = util::ring_allocator<float>]	16	static
c:\users\raphael.baumeler\stm32cubeide_1.10.1\stm32cubeide\plugins\com.st.stm32cube.ide.mcu.externaltools.gnu-tools-for-stm32.10.3-2021.10.win32_1.0.0.202111181127\tools\bin\../lib/gcc/arm-none-eabi/10.3.1/../../../../arm-none-eabi/include/c++/10.3.1/bits/stl_vector.h:487:7:std::vector<_Tp, _Alloc>::vector() [with _Tp = float; _Alloc = util::ring_allocator<float>]	16	static
../CPP_Core/InternalTemperature.cpp:10:1:InternalTemperature::InternalTemperature()	16	static
../CPP_Core/InternalTemperature.cpp:15:1:InternalTemperature::~InternalTemperature()	16	static
../CPP_Core/InternalTemperature.cpp:15:1:virtual InternalTemperature::~InternalTemperature()	16	static
C:/Users/raphael.baumeler/STM32CubeIDE/workspace_1.10.1/EmbReal_Ex_Baumeler_Raphael/CPP_Core/Inc/util_ring_allocator.h:28:7:constexpr util::ring_allocator_base::ring_allocator_base()	16	static
C:/Users/raphael.baumeler/STM32CubeIDE/workspace_1.10.1/EmbReal_Ex_Baumeler_Raphael/CPP_Core/Inc/util_ring_allocator.h:25:15:util::ring_allocator_base::~ring_allocator_base()	16	static
C:/Users/raphael.baumeler/STM32CubeIDE/workspace_1.10.1/EmbReal_Ex_Baumeler_Raphael/CPP_Core/Inc/util_ring_allocator.h:25:15:virtual util::ring_allocator_base::~ring_allocator_base()	16	static
C:/Users/raphael.baumeler/STM32CubeIDE/workspace_1.10.1/EmbReal_Ex_Baumeler_Raphael/CPP_Core/Inc/util_ring_allocator.h:128:7:constexpr util::ring_allocator<T, buffer_alignment>::ring_allocator() [with T = float; unsigned int buffer_alignment = 16]	16	static
C:/Users/raphael.baumeler/STM32CubeIDE/workspace_1.10.1/EmbReal_Ex_Baumeler_Raphael/CPP_Core/Inc/util_ring_allocator.h:116:11:util::ring_allocator<float>::~ring_allocator()	16	static
C:/Users/raphael.baumeler/STM32CubeIDE/workspace_1.10.1/EmbReal_Ex_Baumeler_Raphael/CPP_Core/Inc/util_ring_allocator.h:116:11:virtual util::ring_allocator<float>::~ring_allocator()	16	static
c:\users\raphael.baumeler\stm32cubeide_1.10.1\stm32cubeide\plugins\com.st.stm32cube.ide.mcu.externaltools.gnu-tools-for-stm32.10.3-2021.10.win32_1.0.0.202111181127\tools\bin\../lib/gcc/arm-none-eabi/10.3.1/../../../../arm-none-eabi/include/c++/10.3.1/bits/stl_vector.h:131:2:std::_Vector_base<_Tp, _Alloc>::_Vector_impl::_Vector_impl() [with _Tp = float; _Alloc = util::ring_allocator<float>]	16	static
c:\users\raphael.baumeler\stm32cubeide_1.10.1\stm32cubeide\plugins\com.st.stm32cube.ide.mcu.externaltools.gnu-tools-for-stm32.10.3-2021.10.win32_1.0.0.202111181127\tools\bin\../lib/gcc/arm-none-eabi/10.3.1/../../../../arm-none-eabi/include/c++/10.3.1/bits/stl_vector.h:333:7:std::_Vector_base<_Tp, _Alloc>::~_Vector_base() [with _Tp = float; _Alloc = util::ring_allocator<float>]	16	static
c:\users\raphael.baumeler\stm32cubeide_1.10.1\stm32cubeide\plugins\com.st.stm32cube.ide.mcu.externaltools.gnu-tools-for-stm32.10.3-2021.10.win32_1.0.0.202111181127\tools\bin\../lib/gcc/arm-none-eabi/10.3.1/../../../../arm-none-eabi/include/c++/10.3.1/bits/stl_vector.h:678:7:std::vector<_Tp, _Alloc>::~vector() [with _Tp = float; _Alloc = util::ring_allocator<float>]	24	static
c:\users\raphael.baumeler\stm32cubeide_1.10.1\stm32cubeide\plugins\com.st.stm32cube.ide.mcu.externaltools.gnu-tools-for-stm32.10.3-2021.10.win32_1.0.0.202111181127\tools\bin\../lib/gcc/arm-none-eabi/10.3.1/../../../../arm-none-eabi/include/c++/10.3.1/bits/stl_vector.h:97:2:std::_Vector_base<_Tp, _Alloc>::_Vector_impl_data::_Vector_impl_data() [with _Tp = float; _Alloc = util::ring_allocator<float>]	16	static
c:\users\raphael.baumeler\stm32cubeide_1.10.1\stm32cubeide\plugins\com.st.stm32cube.ide.mcu.externaltools.gnu-tools-for-stm32.10.3-2021.10.win32_1.0.0.202111181127\tools\bin\../lib/gcc/arm-none-eabi/10.3.1/../../../../arm-none-eabi/include/c++/10.3.1/bits/stl_vector.h:350:7:void std::_Vector_base<_Tp, _Alloc>::_M_deallocate(std::_Vector_base<_Tp, _Alloc>::pointer, std::size_t) [with _Tp = float; _Alloc = util::ring_allocator<float>]	24	static
c:\users\raphael.baumeler\stm32cubeide_1.10.1\stm32cubeide\plugins\com.st.stm32cube.ide.mcu.externaltools.gnu-tools-for-stm32.10.3-2021.10.win32_1.0.0.202111181127\tools\bin\../lib/gcc/arm-none-eabi/10.3.1/../../../../arm-none-eabi/include/c++/10.3.1/bits/stl_vector.h:276:7:std::_Vector_base<_Tp, _Alloc>::_Tp_alloc_type& std::_Vector_base<_Tp, _Alloc>::_M_get_Tp_allocator() [with _Tp = float; _Alloc = util::ring_allocator<float>]	16	static
c:\users\raphael.baumeler\stm32cubeide_1.10.1\stm32cubeide\plugins\com.st.stm32cube.ide.mcu.externaltools.gnu-tools-for-stm32.10.3-2021.10.win32_1.0.0.202111181127\tools\bin\../lib/gcc/arm-none-eabi/10.3.1/../../../../arm-none-eabi/include/c++/10.3.1/bits/alloc_traits.h:721:5:void std::_Destroy(_ForwardIterator, _ForwardIterator, _Allocator&) [with _ForwardIterator = float*; _Allocator = util::ring_allocator<float>]	24	static
c:\users\raphael.baumeler\stm32cubeide_1.10.1\stm32cubeide\plugins\com.st.stm32cube.ide.mcu.externaltools.gnu-tools-for-stm32.10.3-2021.10.win32_1.0.0.202111181127\tools\bin\../lib/gcc/arm-none-eabi/10.3.1/../../../../arm-none-eabi/include/c++/10.3.1/bits/alloc_traits.h:340:7:static void std::allocator_traits< <template-parameter-1-1> >::deallocate(_Alloc&, std::allocator_traits< <template-parameter-1-1> >::pointer, std::allocator_traits< <template-parameter-1-1> >::size_type) [with _Alloc = util::ring_allocator<float>]	24	static
c:\users\raphael.baumeler\stm32cubeide_1.10.1\stm32cubeide\plugins\com.st.stm32cube.ide.mcu.externaltools.gnu-tools-for-stm32.10.3-2021.10.win32_1.0.0.202111181127\tools\bin\../lib/gcc/arm-none-eabi/10.3.1/../../../../arm-none-eabi/include/c++/10.3.1/bits/move.h:49:5:constexpr _Tp* std::__addressof(_Tp&) [with _Tp = float]	16	static
c:\users\raphael.baumeler\stm32cubeide_1.10.1\stm32cubeide\plugins\com.st.stm32cube.ide.mcu.externaltools.gnu-tools-for-stm32.10.3-2021.10.win32_1.0.0.202111181127\tools\bin\../lib/gcc/arm-none-eabi/10.3.1/../../../../arm-none-eabi/include/c++/10.3.1/bits/alloc_traits.h:372:2:static void std::allocator_traits< <template-parameter-1-1> >::destroy(_Alloc&, _Tp*) [with _Tp = float; _Alloc = util::ring_allocator<float>]	16	static
C:/Users/raphael.baumeler/STM32CubeIDE/workspace_1.10.1/EmbReal_Ex_Baumeler_Raphael/CPP_Core/Inc/util_ring_allocator.h:166:12:void util::ring_allocator<T, buffer_alignment>::deallocate(util::ring_allocator<T, buffer_alignment>::pointer, util::ring_allocator_base::size_type) [with T = float; unsigned int buffer_alignment = 16]	24	static
c:\users\raphael.baumeler\stm32cubeide_1.10.1\stm32cubeide\plugins\com.st.stm32cube.ide.mcu.externaltools.gnu-tools-for-stm32.10.3-2021.10.win32_1.0.0.202111181127\tools\bin\../lib/gcc/arm-none-eabi/10.3.1/../../../../arm-none-eabi/include/c++/10.3.1/bits/alloc_traits.h:265:2:destroy(__p)) std::allocator_traits< <template-parameter-1-1> >::_S_destroy(_Alloc2&, _Tp*, int) [with _Alloc2 = util::ring_allocator<float>; _Tp = float; _Alloc = util::ring_allocator<float>]	24	static
C:/Users/raphael.baumeler/STM32CubeIDE/workspace_1.10.1/EmbReal_Ex_Baumeler_Raphael/CPP_Core/Inc/util_ring_allocator.h:164:12:void util::ring_allocator<T, buffer_alignment>::destroy(util::ring_allocator<T, buffer_alignment>::pointer) [with T = float; unsigned int buffer_alignment = 16]	16	static
c:\users\raphael.baumeler\stm32cubeide_1.10.1\stm32cubeide\plugins\com.st.stm32cube.ide.mcu.externaltools.gnu-tools-for-stm32.10.3-2021.10.win32_1.0.0.202111181127\tools\bin\../lib/gcc/arm-none-eabi/10.3.1/../../../../arm-none-eabi/include/c++/10.3.1/bits/stl_vector.h:128:14:std::_Vector_base<float, util::ring_allocator<float> >::_Vector_impl::~_Vector_impl()	16	static
c:\users\raphael.baumeler\stm32cubeide_1.10.1\stm32cubeide\plugins\com.st.stm32cube.ide.mcu.externaltools.gnu-tools-for-stm32.10.3-2021.10.win32_1.0.0.202111181127\tools\bin\../lib/gcc/arm-none-eabi/10.3.1/../../../../arm-none-eabi/include/c++/10.3.1/bits/stl_vector.h:128:14:virtual std::_Vector_base<float, util::ring_allocator<float> >::_Vector_impl::~_Vector_impl()	16	static
