Archive member included to satisfy reference by file (symbol)

c:/users/raphael.baumeler/stm32cubeide_1.10.1/stm32cubeide/plugins/com.st.stm32cube.ide.mcu.externaltools.gnu-tools-for-stm32.10.3-2021.10.win32_1.0.0.202111181127/tools/bin/../lib/gcc/arm-none-eabi/10.3.1/../../../../arm-none-eabi/lib/thumb/v7e-m+fp/hard\libm.a(lib_a-s_trunc.o)
                              ./MEMS/App/app_mems.o (trunc)
c:/users/raphael.baumeler/stm32cubeide_1.10.1/stm32cubeide/plugins/com.st.stm32cube.ide.mcu.externaltools.gnu-tools-for-stm32.10.3-2021.10.win32_1.0.0.202111181127/tools/bin/../lib/gcc/arm-none-eabi/10.3.1/../../../../arm-none-eabi/lib/thumb/v7e-m+fp/hard\libm.a(lib_a-w_pow.o)
                              ./MEMS/App/app_mems.o (pow)
c:/users/raphael.baumeler/stm32cubeide_1.10.1/stm32cubeide/plugins/com.st.stm32cube.ide.mcu.externaltools.gnu-tools-for-stm32.10.3-2021.10.win32_1.0.0.202111181127/tools/bin/../lib/gcc/arm-none-eabi/10.3.1/../../../../arm-none-eabi/lib/thumb/v7e-m+fp/hard\libm.a(lib_a-e_pow.o)
                              c:/users/raphael.baumeler/stm32cubeide_1.10.1/stm32cubeide/plugins/com.st.stm32cube.ide.mcu.externaltools.gnu-tools-for-stm32.10.3-2021.10.win32_1.0.0.202111181127/tools/bin/../lib/gcc/arm-none-eabi/10.3.1/../../../../arm-none-eabi/lib/thumb/v7e-m+fp/hard\libm.a(lib_a-w_pow.o) (__ieee754_pow)
c:/users/raphael.baumeler/stm32cubeide_1.10.1/stm32cubeide/plugins/com.st.stm32cube.ide.mcu.externaltools.gnu-tools-for-stm32.10.3-2021.10.win32_1.0.0.202111181127/tools/bin/../lib/gcc/arm-none-eabi/10.3.1/../../../../arm-none-eabi/lib/thumb/v7e-m+fp/hard\libm.a(lib_a-e_sqrt.o)
                              c:/users/raphael.baumeler/stm32cubeide_1.10.1/stm32cubeide/plugins/com.st.stm32cube.ide.mcu.externaltools.gnu-tools-for-stm32.10.3-2021.10.win32_1.0.0.202111181127/tools/bin/../lib/gcc/arm-none-eabi/10.3.1/../../../../arm-none-eabi/lib/thumb/v7e-m+fp/hard\libm.a(lib_a-e_pow.o) (__ieee754_sqrt)
c:/users/raphael.baumeler/stm32cubeide_1.10.1/stm32cubeide/plugins/com.st.stm32cube.ide.mcu.externaltools.gnu-tools-for-stm32.10.3-2021.10.win32_1.0.0.202111181127/tools/bin/../lib/gcc/arm-none-eabi/10.3.1/../../../../arm-none-eabi/lib/thumb/v7e-m+fp/hard\libm.a(lib_a-math_err.o)
                              c:/users/raphael.baumeler/stm32cubeide_1.10.1/stm32cubeide/plugins/com.st.stm32cube.ide.mcu.externaltools.gnu-tools-for-stm32.10.3-2021.10.win32_1.0.0.202111181127/tools/bin/../lib/gcc/arm-none-eabi/10.3.1/../../../../arm-none-eabi/lib/thumb/v7e-m+fp/hard\libm.a(lib_a-e_pow.o) (__math_uflow)
c:/users/raphael.baumeler/stm32cubeide_1.10.1/stm32cubeide/plugins/com.st.stm32cube.ide.mcu.externaltools.gnu-tools-for-stm32.10.3-2021.10.win32_1.0.0.202111181127/tools/bin/../lib/gcc/arm-none-eabi/10.3.1/../../../../arm-none-eabi/lib/thumb/v7e-m+fp/hard\libm.a(lib_a-s_fabs.o)
                              c:/users/raphael.baumeler/stm32cubeide_1.10.1/stm32cubeide/plugins/com.st.stm32cube.ide.mcu.externaltools.gnu-tools-for-stm32.10.3-2021.10.win32_1.0.0.202111181127/tools/bin/../lib/gcc/arm-none-eabi/10.3.1/../../../../arm-none-eabi/lib/thumb/v7e-m+fp/hard\libm.a(lib_a-e_pow.o) (fabs)
c:/users/raphael.baumeler/stm32cubeide_1.10.1/stm32cubeide/plugins/com.st.stm32cube.ide.mcu.externaltools.gnu-tools-for-stm32.10.3-2021.10.win32_1.0.0.202111181127/tools/bin/../lib/gcc/arm-none-eabi/10.3.1/../../../../arm-none-eabi/lib/thumb/v7e-m+fp/hard\libm.a(lib_a-s_finite.o)
                              c:/users/raphael.baumeler/stm32cubeide_1.10.1/stm32cubeide/plugins/com.st.stm32cube.ide.mcu.externaltools.gnu-tools-for-stm32.10.3-2021.10.win32_1.0.0.202111181127/tools/bin/../lib/gcc/arm-none-eabi/10.3.1/../../../../arm-none-eabi/lib/thumb/v7e-m+fp/hard\libm.a(lib_a-w_pow.o) (finite)
c:/users/raphael.baumeler/stm32cubeide_1.10.1/stm32cubeide/plugins/com.st.stm32cube.ide.mcu.externaltools.gnu-tools-for-stm32.10.3-2021.10.win32_1.0.0.202111181127/tools/bin/../lib/gcc/arm-none-eabi/10.3.1/../../../../arm-none-eabi/lib/thumb/v7e-m+fp/hard\libm.a(lib_a-s_scalbn.o)
                              c:/users/raphael.baumeler/stm32cubeide_1.10.1/stm32cubeide/plugins/com.st.stm32cube.ide.mcu.externaltools.gnu-tools-for-stm32.10.3-2021.10.win32_1.0.0.202111181127/tools/bin/../lib/gcc/arm-none-eabi/10.3.1/../../../../arm-none-eabi/lib/thumb/v7e-m+fp/hard\libm.a(lib_a-e_pow.o) (scalbn)
c:/users/raphael.baumeler/stm32cubeide_1.10.1/stm32cubeide/plugins/com.st.stm32cube.ide.mcu.externaltools.gnu-tools-for-stm32.10.3-2021.10.win32_1.0.0.202111181127/tools/bin/../lib/gcc/arm-none-eabi/10.3.1/../../../../arm-none-eabi/lib/thumb/v7e-m+fp/hard\libc_nano.a(lib_a-errno.o)
                              ./Core/Src/syscalls.o (__errno)
c:/users/raphael.baumeler/stm32cubeide_1.10.1/stm32cubeide/plugins/com.st.stm32cube.ide.mcu.externaltools.gnu-tools-for-stm32.10.3-2021.10.win32_1.0.0.202111181127/tools/bin/../lib/gcc/arm-none-eabi/10.3.1/../../../../arm-none-eabi/lib/thumb/v7e-m+fp/hard\libc_nano.a(lib_a-exit.o)
[...]
Memory Configuration

Name             Origin             Length             Attributes
RAM              0x0000000020000000 0x0000000000050000 xrw
FLASH            0x0000000008000000 0x0000000000100000 xr
*default*        0x0000000000000000 0xffffffffffffffff

Linker script and memory map

LOAD c:/users/raphael.baumeler/stm32cubeide_1.10.1/stm32cubeide/plugins/com.st.stm32cube.ide.mcu.externaltools.gnu-tools-for-stm32.10.3-2021.10.win32_1.0.0.202111181127/tools/bin/../lib/gcc/arm-none-eabi/10.3.1/thumb/v7e-m+fp/hard/crti.o
LOAD c:/users/raphael.baumeler/stm32cubeide_1.10.1/stm32cubeide/plugins/com.st.stm32cube.ide.mcu.externaltools.gnu-tools-for-stm32.10.3-2021.10.win32_1.0.0.202111181127/tools/bin/../lib/gcc/arm-none-eabi/10.3.1/thumb/v7e-m+fp/hard/crtbegin.o
LOAD c:/users/raphael.baumeler/stm32cubeide_1.10.1/stm32cubeide/plugins/com.st.stm32cube.ide.mcu.externaltools.gnu-tools-for-stm32.10.3-2021.10.win32_1.0.0.202111181127/tools/bin/../lib/gcc/arm-none-eabi/10.3.1/../../../../arm-none-eabi/lib/thumb/v7e-m+fp/hard/crt0.o
LOAD ./Core/Src/main.o
LOAD ./Core/Src/stm32f7xx_hal_msp.o
LOAD ./Core/Src/stm32f7xx_it.o
LOAD ./Core/Src/stm32f7xx_nucleo_bus.o
LOAD ./Core/Src/syscalls.o
LOAD ./Core/Src/sysmem.o
LOAD ./Core/Src/system_stm32f7xx.o
LOAD ./Core/Startup/startup_stm32f746zgtx.o
LOAD ./Drivers/BSP/Components/hts221/hts221.o
LOAD ./Drivers/BSP/Components/hts221/hts221_reg.o
LOAD ./Drivers/BSP/Components/lis2dw12/lis2dw12.o
LOAD ./Drivers/BSP/Components/lis2dw12/lis2dw12_reg.o
LOAD ./Drivers/BSP/Components/lis2mdl/lis2mdl.o
LOAD ./Drivers/BSP/Components/lis2mdl/lis2mdl_reg.o
LOAD ./Drivers/BSP/Components/lps22hh/lps22hh.o
LOAD ./Drivers/BSP/Components/lps22hh/lps22hh_reg.o
LOAD ./Drivers/BSP/Components/lsm6dso/lsm6dso.o
LOAD ./Drivers/BSP/Components/lsm6dso/lsm6dso_reg.o
LOAD ./Drivers/BSP/Components/stts751/stts751.o
LOAD ./Drivers/BSP/Components/stts751/stts751_reg.o
LOAD ./Drivers/BSP/IKS01A3/iks01a3_env_sensors.o
LOAD ./Drivers/BSP/IKS01A3/iks01a3_env_sensors_ex.o
LOAD ./Drivers/BSP/IKS01A3/iks01a3_motion_sensors.o
LOAD ./Drivers/BSP/IKS01A3/iks01a3_motion_sensors_ex.o
LOAD ./Drivers/BSP/STM32F7xx_Nucleo/stm32f7xx_nucleo.o
LOAD ./Drivers/STM32F7xx_HAL_Driver/Src/stm32f7xx_hal.o
LOAD ./Drivers/STM32F7xx_HAL_Driver/Src/stm32f7xx_hal_cortex.o
LOAD ./Drivers/STM32F7xx_HAL_Driver/Src/stm32f7xx_hal_dma.o
LOAD ./Drivers/STM32F7xx_HAL_Driver/Src/stm32f7xx_hal_dma_ex.o
LOAD ./Drivers/STM32F7xx_HAL_Driver/Src/stm32f7xx_hal_eth.o
LOAD ./Drivers/STM32F7xx_HAL_Driver/Src/stm32f7xx_hal_exti.o
LOAD ./Drivers/STM32F7xx_HAL_Driver/Src/stm32f7xx_hal_flash.o
LOAD ./Drivers/STM32F7xx_HAL_Driver/Src/stm32f7xx_hal_flash_ex.o
LOAD ./Drivers/STM32F7xx_HAL_Driver/Src/stm32f7xx_hal_gpio.o
LOAD ./Drivers/STM32F7xx_HAL_Driver/Src/stm32f7xx_hal_i2c.o
LOAD ./Drivers/STM32F7xx_HAL_Driver/Src/stm32f7xx_hal_i2c_ex.o
LOAD ./Drivers/STM32F7xx_HAL_Driver/Src/stm32f7xx_hal_pcd.o
LOAD ./Drivers/STM32F7xx_HAL_Driver/Src/stm32f7xx_hal_pcd_ex.o
LOAD ./Drivers/STM32F7xx_HAL_Driver/Src/stm32f7xx_hal_pwr.o
LOAD ./Drivers/STM32F7xx_HAL_Driver/Src/stm32f7xx_hal_pwr_ex.o
LOAD ./Drivers/STM32F7xx_HAL_Driver/Src/stm32f7xx_hal_rcc.o
LOAD ./Drivers/STM32F7xx_HAL_Driver/Src/stm32f7xx_hal_rcc_ex.o
LOAD ./Drivers/STM32F7xx_HAL_Driver/Src/stm32f7xx_hal_tim.o
LOAD ./Drivers/STM32F7xx_HAL_Driver/Src/stm32f7xx_hal_tim_ex.o
LOAD ./Drivers/STM32F7xx_HAL_Driver/Src/stm32f7xx_hal_uart.o
LOAD ./Drivers/STM32F7xx_HAL_Driver/Src/stm32f7xx_hal_uart_ex.o
LOAD ./Drivers/STM32F7xx_HAL_Driver/Src/stm32f7xx_ll_usb.o
LOAD ./MEMS/App/app_mems.o
START GROUP
LOAD c:/users/raphael.baumeler/stm32cubeide_1.10.1/stm32cubeide/plugins/com.st.stm32cube.ide.mcu.externaltools.gnu-tools-for-stm32.10.3-2021.10.win32_1.0.0.202111181127/tools/bin/../lib/gcc/arm-none-eabi/10.3.1/../../../../arm-none-eabi/lib/thumb/v7e-m+fp/hard\libstdc++_nano.a
LOAD c:/users/raphael.baumeler/stm32cubeide_1.10.1/stm32cubeide/plugins/com.st.stm32cube.ide.mcu.externaltools.gnu-tools-for-stm32.10.3-2021.10.win32_1.0.0.202111181127/tools/bin/../lib/gcc/arm-none-eabi/10.3.1/../../../../arm-none-eabi/lib/thumb/v7e-m+fp/hard\libsupc++_nano.a
END GROUP
LOAD c:/users/raphael.baumeler/stm32cubeide_1.10.1/stm32cubeide/plugins/com.st.stm32cube.ide.mcu.externaltools.gnu-tools-for-stm32.10.3-2021.10.win32_1.0.0.202111181127/tools/bin/../lib/gcc/arm-none-eabi/10.3.1/../../../../arm-none-eabi/lib/thumb/v7e-m+fp/hard\libstdc++_nano.a
LOAD c:/users/raphael.baumeler/stm32cubeide_1.10.1/stm32cubeide/plugins/com.st.stm32cube.ide.mcu.externaltools.gnu-tools-for-stm32.10.3-2021.10.win32_1.0.0.202111181127/tools/bin/../lib/gcc/arm-none-eabi/10.3.1/../../../../arm-none-eabi/lib/thumb/v7e-m+fp/hard\libm.a
LOAD c:/users/raphael.baumeler/stm32cubeide_1.10.1/stm32cubeide/plugins/com.st.stm32cube.ide.mcu.externaltools.gnu-tools-for-stm32.10.3-2021.10.win32_1.0.0.202111181127/tools/bin/../lib/gcc/arm-none-eabi/10.3.1/../../../../arm-none-eabi/lib/thumb/v7e-m+fp/hard\libc_nano.a
START GROUP
LOAD c:/users/raphael.baumeler/stm32cubeide_1.10.1/stm32cubeide/plugins/com.st.stm32cube.ide.mcu.externaltools.gnu-tools-for-stm32.10.3-2021.10.win32_1.0.0.202111181127/tools/bin/../lib/gcc/arm-none-eabi/10.3.1/thumb/v7e-m+fp/hard\libgcc.a
LOAD c:/users/raphael.baumeler/stm32cubeide_1.10.1/stm32cubeide/plugins/com.st.stm32cube.ide.mcu.externaltools.gnu-tools-for-stm32.10.3-2021.10.win32_1.0.0.202111181127/tools/bin/../lib/gcc/arm-none-eabi/10.3.1/../../../../arm-none-eabi/lib/thumb/v7e-m+fp/hard\libc_nano.a
END GROUP
START GROUP
LOAD c:/users/raphael.baumeler/stm32cubeide_1.10.1/stm32cubeide/plugins/com.st.stm32cube.ide.mcu.externaltools.gnu-tools-for-stm32.10.3-2021.10.win32_1.0.0.202111181127/tools/bin/../lib/gcc/arm-none-eabi/10.3.1/thumb/v7e-m+fp/hard\libgcc.a
LOAD c:/users/raphael.baumeler/stm32cubeide_1.10.1/stm32cubeide/plugins/com.st.stm32cube.ide.mcu.externaltools.gnu-tools-for-stm32.10.3-2021.10.win32_1.0.0.202111181127/tools/bin/../lib/gcc/arm-none-eabi/10.3.1/../../../../arm-none-eabi/lib/thumb/v7e-m+fp/hard\libc_nano.a
LOAD c:/users/raphael.baumeler/stm32cubeide_1.10.1/stm32cubeide/plugins/com.st.stm32cube.ide.mcu.externaltools.gnu-tools-for-stm32.10.3-2021.10.win32_1.0.0.202111181127/tools/bin/../lib/gcc/arm-none-eabi/10.3.1/../../../../arm-none-eabi/lib/thumb/v7e-m+fp/hard\libnosys.a
END GROUP
START GROUP
LOAD c:/users/raphael.baumeler/stm32cubeide_1.10.1/stm32cubeide/plugins/com.st.stm32cube.ide.mcu.externaltools.gnu-tools-for-stm32.10.3-2021.10.win32_1.0.0.202111181127/tools/bin/../lib/gcc/arm-none-eabi/10.3.1/thumb/v7e-m+fp/hard\libgcc.a
LOAD c:/users/raphael.baumeler/stm32cubeide_1.10.1/stm32cubeide/plugins/com.st.stm32cube.ide.mcu.externaltools.gnu-tools-for-stm32.10.3-2021.10.win32_1.0.0.202111181127/tools/bin/../lib/gcc/arm-none-eabi/10.3.1/../../../../arm-none-eabi/lib/thumb/v7e-m+fp/hard\libc_nano.a
LOAD c:/users/raphael.baumeler/stm32cubeide_1.10.1/stm32cubeide/plugins/com.st.stm32cube.ide.mcu.externaltools.gnu-tools-for-stm32.10.3-2021.10.win32_1.0.0.202111181127/tools/bin/../lib/gcc/arm-none-eabi/10.3.1/../../../../arm-none-eabi/lib/thumb/v7e-m+fp/hard\libnosys.a
END GROUP
LOAD c:/users/raphael.baumeler/stm32cubeide_1.10.1/stm32cubeide/plugins/com.st.stm32cube.ide.mcu.externaltools.gnu-tools-for-stm32.10.3-2021.10.win32_1.0.0.202111181127/tools/bin/../lib/gcc/arm-none-eabi/10.3.1/thumb/v7e-m+fp/hard/crtend.o
LOAD c:/users/raphael.baumeler/stm32cubeide_1.10.1/stm32cubeide/plugins/com.st.stm32cube.ide.mcu.externaltools.gnu-tools-for-stm32.10.3-2021.10.win32_1.0.0.202111181127/tools/bin/../lib/gcc/arm-none-eabi/10.3.1/thumb/v7e-m+fp/hard/crtn.o
                0x0000000020050000                _estack = (ORIGIN (RAM) + LENGTH (RAM))
                0x0000000000000200                _Min_Heap_Size = 0x200
                0x0000000000000400                _Min_Stack_Size = 0x400

.isr_vector     0x0000000008000000      0x1c8
                0x0000000008000000                . = ALIGN (0x4)
 *(.isr_vector)
 .isr_vector    0x0000000008000000      0x1c8 ./Core/Startup/startup_stm32f746zgtx.o
                0x0000000008000000                g_pfnVectors
                0x00000000080001c8                . = ALIGN (0x4)

.text           0x00000000080001d0    0x106f4
                0x00000000080001d0                . = ALIGN (0x4)
 *(.text)
 .text          0x00000000080001d0       0x40 c:/users/raphael.baumeler/stm32cubeide_1.10.1/stm32cubeide/plugins/com.st.stm32cube.ide.mcu.externaltools.gnu-tools-for-stm32.10.3-2021.10.win32_1.0.0.202111181127/tools/bin/../lib/gcc/arm-none-eabi/10.3.1/thumb/v7e-m+fp/hard/crtbegin.o
 .text          0x0000000008000210       0xa0 c:/users/raphael.baumeler/stm32cubeide_1.10.1/stm32cubeide/plugins/com.st.stm32cube.ide.mcu.externaltools.gnu-tools-for-stm32.10.3-2021.10.win32_1.0.0.202111181127/tools/bin/../lib/gcc/arm-none-eabi/10.3.1/../../../../arm-none-eabi/lib/thumb/v7e-m+fp/hard\libc_nano.a(lib_a-memchr.o)
                0x0000000008000210                memchr
 .text          0x00000000080002b0      0x378 c:/users/raphael.baumeler/stm32cubeide_1.10.1/stm32cubeide/plugins/com.st.stm32cube.ide.mcu.externaltools.gnu-tools-for-stm32.10.3-2021.10.win32_1.0.0.202111181127/tools/bin/../lib/gcc/arm-none-eabi/10.3.1/thumb/v7e-m+fp/hard\libgcc.a(_arm_addsubdf3.o)
                0x00000000080002b0                __aeabi_drsub
                0x00000000080002b8                __aeabi_dsub
                0x00000000080002b8                __subdf3
                0x00000000080002bc                __aeabi_dadd
                0x00000000080002bc                __adddf3
                0x0000000008000534                __floatunsidf
                0x0000000008000534                __aeabi_ui2d
                0x0000000008000554                __floatsidf
                0x0000000008000554                __aeabi_i2d
                0x0000000008000578                __aeabi_f2d
                0x0000000008000578                __extendsfdf2
                0x00000000080005bc                __floatundidf
                0x00000000080005bc                __aeabi_ul2d
                0x00000000080005cc                __floatdidf
                0x00000000080005cc                __aeabi_l2d
 .text          0x0000000008000628      0x424 c:/users/raphael.baumeler/stm32cubeide_1.10.1/stm32cubeide/plugins/com.st.stm32cube.ide.mcu.externaltools.gnu-tools-for-stm32.10.3-2021.10.win32_1.0.0.202111181127/tools/bin/../lib/gcc/arm-none-eabi/10.3.1/thumb/v7e-m+fp/hard\libgcc.a(_arm_muldivdf3.o)
                0x0000000008000628                __aeabi_dmul
                0x0000000008000628                __muldf3
                0x000000000800087c                __divdf3
                0x000000000800087c                __aeabi_ddiv
 .text          0x0000000008000a4c      0x110 c:/users/raphael.baumeler/stm32cubeide_1.10.1/stm32cubeide/plugins/com.st.stm32cube.ide.mcu.externaltools.gnu-tools-for-stm32.10.3-2021.10.win32_1.0.0.202111181127/tools/bin/../lib/gcc/arm-none-eabi/10.3.1/thumb/v7e-m+fp/hard\libgcc.a(_arm_cmpdf2.o)
                0x0000000008000a4c                __gtdf2
                0x0000000008000a4c                __gedf2
                0x0000000008000a54                __ltdf2
                0x0000000008000a54                __ledf2
                0x0000000008000a5c                __nedf2
                0x0000000008000a5c                __eqdf2
                0x0000000008000a5c                __cmpdf2
                0x0000000008000ad8                __aeabi_cdrcmple
                0x0000000008000ae8                __aeabi_cdcmpeq
                0x0000000008000ae8                __aeabi_cdcmple
                0x0000000008000af8                __aeabi_dcmpeq
                0x0000000008000b0c                __aeabi_dcmplt
                0x0000000008000b20                __aeabi_dcmple
                0x0000000008000b34                __aeabi_dcmpge
                0x0000000008000b48                __aeabi_dcmpgt
 .text          0x0000000008000b5c       0x2c c:/users/raphael.baumeler/stm32cubeide_1.10.1/stm32cubeide/plugins/com.st.stm32cube.ide.mcu.externaltools.gnu-tools-for-stm32.10.3-2021.10.win32_1.0.0.202111181127/tools/bin/../lib/gcc/arm-none-eabi/10.3.1/thumb/v7e-m+fp/hard\libgcc.a(_arm_unorddf2.o)
                0x0000000008000b5c                __unorddf2
                0x0000000008000b5c                __aeabi_dcmpun
 .text          0x0000000008000b88       0x50 c:/users/raphael.baumeler/stm32cubeide_1.10.1/stm32cubeide/plugins/com.st.stm32cube.ide.mcu.externaltools.gnu-tools-for-stm32.10.3-2021.10.win32_1.0.0.202111181127/tools/bin/../lib/gcc/arm-none-eabi/10.3.1/thumb/v7e-m+fp/hard\libgcc.a(_arm_fixdfsi.o)
                0x0000000008000b88                __aeabi_d2iz
                0x0000000008000b88                __fixdfsi
 .text          0x0000000008000bd8       0xa0 c:/users/raphael.baumeler/stm32cubeide_1.10.1/stm32cubeide/plugins/com.st.stm32cube.ide.mcu.externaltools.gnu-tools-for-stm32.10.3-2021.10.win32_1.0.0.202111181127/tools/bin/../lib/gcc/arm-none-eabi/10.3.1/thumb/v7e-m+fp/hard\libgcc.a(_arm_truncdfsf2.o)
                0x0000000008000bd8                __truncdfsf2
                0x0000000008000bd8                __aeabi_d2f
 .text          0x0000000008000c78       0x30 c:/users/raphael.baumeler/stm32cubeide_1.10.1/stm32cubeide/plugins/com.st.stm32cube.ide.mcu.externaltools.gnu-tools-for-stm32.10.3-2021.10.win32_1.0.0.202111181127/tools/bin/../lib/gcc/arm-none-eabi/10.3.1/thumb/v7e-m+fp/hard\libgcc.a(_aeabi_uldivmod.o)
                0x0000000008000c78                __aeabi_uldivmod
 .text          0x0000000008000ca8      0x2d0 c:/users/raphael.baumeler/stm32cubeide_1.10.1/stm32cubeide/plugins/com.st.stm32cube.ide.mcu.externaltools.gnu-tools-for-stm32.10.3-2021.10.win32_1.0.0.202111181127/tools/bin/../lib/gcc/arm-none-eabi/10.3.1/thumb/v7e-m+fp/hard\libgcc.a(_udivmoddi4.o)
                0x0000000008000ca8                __udivmoddi4
 .text          0x0000000008000f78        0x4 c:/users/raphael.baumeler/stm32cubeide_1.10.1/stm32cubeide/plugins/com.st.stm32cube.ide.mcu.externaltools.gnu-tools-for-stm32.10.3-2021.10.win32_1.0.0.202111181127/tools/bin/../lib/gcc/arm-none-eabi/10.3.1/thumb/v7e-m+fp/hard\libgcc.a(_dvmd_tls.o)
                0x0000000008000f78                __aeabi_idiv0
                0x0000000008000f78                __aeabi_ldiv0
 *(.text*)
 .text.main     0x0000000008000f7c       0x22 ./Core/Src/main.o
                0x0000000008000f7c                main
 *fill*         0x0000000008000f9e        0x2 
 .text.SystemClock_Config
                0x0000000008000fa0       0xd0 ./Core/Src/main.o
                0x0000000008000fa0                SystemClock_Config
 .text.MX_ETH_Init
                0x0000000008001070       0x9c ./Core/Src/main.o
 .text.MX_USB_OTG_FS_PCD_Init
                0x000000000800110c       0x5c ./Core/Src/main.o
 .text.MX_GPIO_Init
                0x0000000008001168      0x1c4 ./Core/Src/main.o
 .text.Error_Handler
                0x000000000800132c        0xa ./Core/Src/main.o
                0x000000000800132c                Error_Handler
 *fill*         0x0000000008001336        0x2 
 .text.HAL_MspInit
                0x0000000008001338       0x48 ./Core/Src/stm32f7xx_hal_msp.o
                0x0000000008001338                HAL_MspInit
 .text.HAL_ETH_MspInit
                0x0000000008001380      0x170 ./Core/Src/stm32f7xx_hal_msp.o
                0x0000000008001380                HAL_ETH_MspInit
 .text.HAL_PCD_MspInit
                0x00000000080014f0       0xf4 ./Core/Src/stm32f7xx_hal_msp.o
                0x00000000080014f0                HAL_PCD_MspInit
 .text.NMI_Handler
                0x00000000080015e4        0x6 ./Core/Src/stm32f7xx_it.o
                0x00000000080015e4                NMI_Handler
 .text.HardFault_Handler
                0x00000000080015ea        0x6 ./Core/Src/stm32f7xx_it.o
                0x00000000080015ea                HardFault_Handler
 .text.MemManage_Handler
                0x00000000080015f0        0x6 ./Core/Src/stm32f7xx_it.o
                0x00000000080015f0                MemManage_Handler
 .text.BusFault_Handler
                0x00000000080015f6        0x6 ./Core/Src/stm32f7xx_it.o
                0x00000000080015f6                BusFault_Handler
 .text.UsageFault_Handler
                0x00000000080015fc        0x6 ./Core/Src/stm32f7xx_it.o
                0x00000000080015fc                UsageFault_Handler
 .text.SVC_Handler
                0x0000000008001602        0xe ./Core/Src/stm32f7xx_it.o
                0x0000000008001602                SVC_Handler
 .text.DebugMon_Handler
                0x0000000008001610        0xe ./Core/Src/stm32f7xx_it.o
                0x0000000008001610                DebugMon_Handler
 .text.PendSV_Handler
                0x000000000800161e        0xe ./Core/Src/stm32f7xx_it.o
                0x000000000800161e                PendSV_Handler
 .text.SysTick_Handler
                0x000000000800162c        0xc ./Core/Src/stm32f7xx_it.o
                0x000000000800162c                SysTick_Handler
 .text.EXTI3_IRQHandler
                0x0000000008001638        0xe ./Core/Src/stm32f7xx_it.o
                0x0000000008001638                EXTI3_IRQHandler
 .text.EXTI9_5_IRQHandler
                0x0000000008001646       0x16 ./Core/Src/stm32f7xx_it.o
                0x0000000008001646                EXTI9_5_IRQHandler
 .text.EXTI15_10_IRQHandler
                0x000000000800165c       0x24 ./Core/Src/stm32f7xx_it.o
                0x000000000800165c                EXTI15_10_IRQHandler
 .text.BSP_I2C1_Init
                0x0000000008001680       0x7c ./Core/Src/stm32f7xx_nucleo_bus.o
                0x0000000008001680                BSP_I2C1_Init
 .text.BSP_I2C1_DeInit
                0x00000000080016fc       0x50 ./Core/Src/stm32f7xx_nucleo_bus.o
                0x00000000080016fc                BSP_I2C1_DeInit
 .text.BSP_I2C1_WriteReg
                0x000000000800174c       0x64 ./Core/Src/stm32f7xx_nucleo_bus.o
                0x000000000800174c                BSP_I2C1_WriteReg
 .text.BSP_I2C1_ReadReg
                0x00000000080017b0       0x64 ./Core/Src/stm32f7xx_nucleo_bus.o
                0x00000000080017b0                BSP_I2C1_ReadReg
 .text.BSP_GetTick
                0x0000000008001814        0xe ./Core/Src/stm32f7xx_nucleo_bus.o
                0x0000000008001814                BSP_GetTick
 *fill*         0x0000000008001822        0x2 
 .text.MX_I2C1_Init
                0x0000000008001824       0x88 ./Core/Src/stm32f7xx_nucleo_bus.o
                0x0000000008001824                MX_I2C1_Init
 .text.I2C1_MspInit
                0x00000000080018ac       0xc4 ./Core/Src/stm32f7xx_nucleo_bus.o
 .text.I2C1_MspDeInit
                0x0000000008001970       0x38 ./Core/Src/stm32f7xx_nucleo_bus.o
 .text._read    0x00000000080019a8       0x3a ./Core/Src/syscalls.o
                0x00000000080019a8                _read
 .text._write   0x00000000080019e2       0x38 ./Core/Src/syscalls.o
                0x00000000080019e2                _write
 .text._close   0x0000000008001a1a       0x18 ./Core/Src/syscalls.o
                0x0000000008001a1a                _close
 .text._fstat   0x0000000008001a32       0x20 ./Core/Src/syscalls.o
                0x0000000008001a32                _fstat
 .text._isatty  0x0000000008001a52       0x16 ./Core/Src/syscalls.o
                0x0000000008001a52                _isatty
 .text._lseek   0x0000000008001a68       0x1a ./Core/Src/syscalls.o
                0x0000000008001a68                _lseek
 *fill*         0x0000000008001a82        0x2 
 .text._sbrk    0x0000000008001a84       0x6c ./Core/Src/sysmem.o
                0x0000000008001a84                _sbrk
 .text.SystemInit
                0x0000000008001af0       0x24 ./Core/Src/system_stm32f7xx.o
                0x0000000008001af0                SystemInit
 .text.Reset_Handler
                0x0000000008001b14       0x50 ./Core/Startup/startup_stm32f746zgtx.o
                0x0000000008001b14                Reset_Handler
 .text.Default_Handler
                0x0000000008001b64        0x2 ./Core/Startup/startup_stm32f746zgtx.o
                0x0000000008001b64                RTC_Alarm_IRQHandler
                0x0000000008001b64                EXTI2_IRQHandler
                0x0000000008001b64                TIM8_CC_IRQHandler
                0x0000000008001b64                UART8_IRQHandler
                0x0000000008001b64                SPI4_IRQHandler
                0x0000000008001b64                TIM1_CC_IRQHandler
                0x0000000008001b64                DMA2_Stream5_IRQHandler
                0x0000000008001b64                DMA1_Stream5_IRQHandler
                0x0000000008001b64                PVD_IRQHandler
                0x0000000008001b64                TAMP_STAMP_IRQHandler
                0x0000000008001b64                CAN2_RX1_IRQHandler
                0x0000000008001b64                TIM8_TRG_COM_TIM14_IRQHandler
                0x0000000008001b64                TIM1_UP_TIM10_IRQHandler
                0x0000000008001b64                TIM8_UP_TIM13_IRQHandler
                0x0000000008001b64                I2C3_ER_IRQHandler
                0x0000000008001b64                EXTI0_IRQHandler
                0x0000000008001b64                I2C2_EV_IRQHandler
                0x0000000008001b64                DMA1_Stream2_IRQHandler
                0x0000000008001b64                CAN1_RX0_IRQHandler
                0x0000000008001b64                FPU_IRQHandler
                0x0000000008001b64                OTG_HS_WKUP_IRQHandler
                0x0000000008001b64                LTDC_ER_IRQHandler
                0x0000000008001b64                CAN2_SCE_IRQHandler
                0x0000000008001b64                DMA2_Stream2_IRQHandler
                0x0000000008001b64                SPI1_IRQHandler
                0x0000000008001b64                TIM6_DAC_IRQHandler
                0x0000000008001b64                TIM1_BRK_TIM9_IRQHandler
                0x0000000008001b64                DCMI_IRQHandler
                0x0000000008001b64                CAN2_RX0_IRQHandler
                0x0000000008001b64                DMA2_Stream3_IRQHandler
                0x0000000008001b64                SAI2_IRQHandler
                0x0000000008001b64                USART6_IRQHandler
                0x0000000008001b64                USART3_IRQHandler
                0x0000000008001b64                CAN1_RX1_IRQHandler
                0x0000000008001b64                UART5_IRQHandler
                0x0000000008001b64                DMA2_Stream0_IRQHandler
                0x0000000008001b64                TIM4_IRQHandler
                0x0000000008001b64                QUADSPI_IRQHandler
                0x0000000008001b64                I2C1_EV_IRQHandler
                0x0000000008001b64                DMA1_Stream6_IRQHandler
                0x0000000008001b64                DMA1_Stream1_IRQHandler
                0x0000000008001b64                UART4_IRQHandler
                0x0000000008001b64                TIM3_IRQHandler
                0x0000000008001b64                RCC_IRQHandler
                0x0000000008001b64                TIM8_BRK_TIM12_IRQHandler
                0x0000000008001b64                Default_Handler
                0x0000000008001b64                CEC_IRQHandler
                0x0000000008001b64                ADC_IRQHandler
                0x0000000008001b64                DMA1_Stream7_IRQHandler
                0x0000000008001b64                SPI5_IRQHandler
                0x0000000008001b64                TIM7_IRQHandler
                0x0000000008001b64                SDMMC1_IRQHandler
                0x0000000008001b64                CAN2_TX_IRQHandler
                0x0000000008001b64                TIM5_IRQHandler
                0x0000000008001b64                DMA2_Stream7_IRQHandler
                0x0000000008001b64                I2C3_EV_IRQHandler
                0x0000000008001b64                RTC_WKUP_IRQHandler
                0x0000000008001b64                LTDC_IRQHandler
                0x0000000008001b64                ETH_WKUP_IRQHandler
                0x0000000008001b64                SPDIF_RX_IRQHandler
                0x0000000008001b64                SPI2_IRQHandler
                0x0000000008001b64                OTG_HS_EP1_IN_IRQHandler
                0x0000000008001b64                DMA1_Stream0_IRQHandler
                0x0000000008001b64                CAN1_TX_IRQHandler
                0x0000000008001b64                EXTI4_IRQHandler
                0x0000000008001b64                RNG_IRQHandler
                0x0000000008001b64                ETH_IRQHandler
                0x0000000008001b64                OTG_HS_EP1_OUT_IRQHandler
                0x0000000008001b64                WWDG_IRQHandler
                0x0000000008001b64                SPI6_IRQHandler
                0x0000000008001b64                I2C4_EV_IRQHandler
                0x0000000008001b64                TIM2_IRQHandler
                0x0000000008001b64                OTG_FS_WKUP_IRQHandler
                0x0000000008001b64                TIM1_TRG_COM_TIM11_IRQHandler
                0x0000000008001b64                OTG_HS_IRQHandler
                0x0000000008001b64                DMA2D_IRQHandler
                0x0000000008001b64                EXTI1_IRQHandler
                0x0000000008001b64                UART7_IRQHandler
                0x0000000008001b64                USART2_IRQHandler
                0x0000000008001b64                I2C2_ER_IRQHandler
                0x0000000008001b64                DMA2_Stream1_IRQHandler
                0x0000000008001b64                CAN1_SCE_IRQHandler
                0x0000000008001b64                FLASH_IRQHandler
                0x0000000008001b64                DMA2_Stream4_IRQHandler
                0x0000000008001b64                USART1_IRQHandler
                0x0000000008001b64                OTG_FS_IRQHandler
                0x0000000008001b64                SPI3_IRQHandler
                0x0000000008001b64                DMA1_Stream4_IRQHandler
                0x0000000008001b64                I2C1_ER_IRQHandler
                0x0000000008001b64                FMC_IRQHandler
                0x0000000008001b64                LPTIM1_IRQHandler
                0x0000000008001b64                I2C4_ER_IRQHandler
                0x0000000008001b64                DMA2_Stream6_IRQHandler
                0x0000000008001b64                SAI1_IRQHandler
                0x0000000008001b64                DMA1_Stream3_IRQHandler
 *fill*         0x0000000008001b66        0x2 
 .text.HTS221_RegisterBusIO
                0x0000000008001b68       0x8c ./Drivers/BSP/Components/hts221/hts221.o
                0x0000000008001b68                HTS221_RegisterBusIO
 .text.HTS221_Init
                0x0000000008001bf4       0x36 ./Drivers/BSP/Components/hts221/hts221.o
                0x0000000008001bf4                HTS221_Init
 .text.HTS221_DeInit
                0x0000000008001c2a       0x48 ./Drivers/BSP/Components/hts221/hts221.o
                0x0000000008001c2a                HTS221_DeInit
 .text.HTS221_ReadID
                0x0000000008001c72       0x2c ./Drivers/BSP/Components/hts221/hts221.o
                0x0000000008001c72                HTS221_ReadID
 *fill*         0x0000000008001c9e        0x2 
 .text.HTS221_GetCapabilities
                0x0000000008001ca0       0x48 ./Drivers/BSP/Components/hts221/hts221.o
                0x0000000008001ca0                HTS221_GetCapabilities
 .text.HTS221_HUM_Enable
                0x0000000008001ce8       0x4a ./Drivers/BSP/Components/hts221/hts221.o
                0x0000000008001ce8                HTS221_HUM_Enable
 .text.HTS221_HUM_Disable
                0x0000000008001d32       0x4a ./Drivers/BSP/Components/hts221/hts221.o
                0x0000000008001d32                HTS221_HUM_Disable
 .text.HTS221_HUM_GetOutputDataRate
                0x0000000008001d7c       0x1c ./Drivers/BSP/Components/hts221/hts221.o
                0x0000000008001d7c                HTS221_HUM_GetOutputDataRate
 .text.HTS221_HUM_SetOutputDataRate
                0x0000000008001d98       0x20 ./Drivers/BSP/Components/hts221/hts221.o
                0x0000000008001d98                HTS221_HUM_SetOutputDataRate
 .text.HTS221_HUM_GetHumidity
                0x0000000008001db8      0x110 ./Drivers/BSP/Components/hts221/hts221.o
                0x0000000008001db8                HTS221_HUM_GetHumidity
 .text.HTS221_TEMP_Enable
                0x0000000008001ec8       0x4a ./Drivers/BSP/Components/hts221/hts221.o
                0x0000000008001ec8                HTS221_TEMP_Enable
 .text.HTS221_TEMP_Disable
                0x0000000008001f12       0x4a ./Drivers/BSP/Components/hts221/hts221.o
                0x0000000008001f12                HTS221_TEMP_Disable
 .text.HTS221_TEMP_GetOutputDataRate
                0x0000000008001f5c       0x1c ./Drivers/BSP/Components/hts221/hts221.o
                0x0000000008001f5c                HTS221_TEMP_GetOutputDataRate
 .text.HTS221_TEMP_SetOutputDataRate
                0x0000000008001f78       0x20 ./Drivers/BSP/Components/hts221/hts221.o
                0x0000000008001f78                HTS221_TEMP_SetOutputDataRate
 .text.HTS221_TEMP_GetTemperature
                0x0000000008001f98       0xd4 ./Drivers/BSP/Components/hts221/hts221.o
                0x0000000008001f98                HTS221_TEMP_GetTemperature
 .text.HTS221_GetOutputDataRate
                0x000000000800206c       0x88 ./Drivers/BSP/Components/hts221/hts221.o
 .text.HTS221_SetOutputDataRate
                0x00000000080020f4       0x60 ./Drivers/BSP/Components/hts221/hts221.o
 .text.HTS221_Initialize
                0x0000000008002154       0x58 ./Drivers/BSP/Components/hts221/hts221.o
 .text.Linear_Interpolation
                0x00000000080021ac       0x72 ./Drivers/BSP/Components/hts221/hts221.o
 .text.ReadRegWrap
                0x000000000800221e       0x62 ./Drivers/BSP/Components/hts221/hts221.o
 .text.WriteRegWrap
                0x0000000008002280       0x62 ./Drivers/BSP/Components/hts221/hts221.o
 .text.hts221_read_reg
                0x00000000080022e2       0x30 ./Drivers/BSP/Components/hts221/hts221_reg.o
                0x00000000080022e2                hts221_read_reg
 .text.hts221_write_reg
                0x0000000008002312       0x30 ./Drivers/BSP/Components/hts221/hts221_reg.o
                0x0000000008002312                hts221_write_reg
 .text.hts221_data_rate_set
                0x0000000008002342       0x4c ./Drivers/BSP/Components/hts221/hts221_reg.o
                0x0000000008002342                hts221_data_rate_set
 *fill*         0x000000000800238e        0x2 
 .text.hts221_data_rate_get
                0x0000000008002390       0x70 ./Drivers/BSP/Components/hts221/hts221_reg.o
                0x0000000008002390                hts221_data_rate_get
 .text.hts221_block_data_update_set
                0x0000000008002400       0x4c ./Drivers/BSP/Components/hts221/hts221_reg.o
                0x0000000008002400                hts221_block_data_update_set
 .text.hts221_humidity_raw_get
                0x000000000800244c       0x46 ./Drivers/BSP/Components/hts221/hts221_reg.o
                0x000000000800244c                hts221_humidity_raw_get
 .text.hts221_temperature_raw_get
                0x0000000008002492       0x46 ./Drivers/BSP/Components/hts221/hts221_reg.o
                0x0000000008002492                hts221_temperature_raw_get
 .text.hts221_device_id_get
                0x00000000080024d8       0x22 ./Drivers/BSP/Components/hts221/hts221_reg.o
                0x00000000080024d8                hts221_device_id_get
 .text.hts221_power_on_set
                0x00000000080024fa       0x4c ./Drivers/BSP/Components/hts221/hts221_reg.o
                0x00000000080024fa                hts221_power_on_set
 .text.hts221_hum_rh_point_0_get
                0x0000000008002546       0x3c ./Drivers/BSP/Components/hts221/hts221_reg.o
                0x0000000008002546                hts221_hum_rh_point_0_get
 .text.hts221_hum_rh_point_1_get
                0x0000000008002582       0x3c ./Drivers/BSP/Components/hts221/hts221_reg.o
                0x0000000008002582                hts221_hum_rh_point_1_get
 .text.hts221_temp_deg_point_0_get
                0x00000000080025be       0x62 ./Drivers/BSP/Components/hts221/hts221_reg.o
                0x00000000080025be                hts221_temp_deg_point_0_get
 .text.hts221_temp_deg_point_1_get
                0x0000000008002620       0x62 ./Drivers/BSP/Components/hts221/hts221_reg.o
                0x0000000008002620                hts221_temp_deg_point_1_get
 .text.hts221_hum_adc_point_0_get
                0x0000000008002682       0x48 ./Drivers/BSP/Components/hts221/hts221_reg.o
                0x0000000008002682                hts221_hum_adc_point_0_get
 .text.hts221_hum_adc_point_1_get
                0x00000000080026ca       0x48 ./Drivers/BSP/Components/hts221/hts221_reg.o
                0x00000000080026ca                hts221_hum_adc_point_1_get
 .text.hts221_temp_adc_point_0_get
                0x0000000008002712       0x48 ./Drivers/BSP/Components/hts221/hts221_reg.o
                0x0000000008002712                hts221_temp_adc_point_0_get
 .text.hts221_temp_adc_point_1_get
                0x000000000800275a       0x48 ./Drivers/BSP/Components/hts221/hts221_reg.o
                0x000000000800275a                hts221_temp_adc_point_1_get
 *fill*         0x00000000080027a2        0x2 
 .text.LIS2DW12_RegisterBusIO
                0x00000000080027a4       0xcc ./Drivers/BSP/Components/lis2dw12/lis2dw12.o
                0x00000000080027a4                LIS2DW12_RegisterBusIO
 .text.LIS2DW12_Init
                0x0000000008002870       0xc4 ./Drivers/BSP/Components/lis2dw12/lis2dw12.o
                0x0000000008002870                LIS2DW12_Init
 .text.LIS2DW12_DeInit
                0x0000000008002934       0x44 ./Drivers/BSP/Components/lis2dw12/lis2dw12.o
                0x0000000008002934                LIS2DW12_DeInit
 .text.LIS2DW12_ReadID
                0x0000000008002978       0x2c ./Drivers/BSP/Components/lis2dw12/lis2dw12.o
                0x0000000008002978                LIS2DW12_ReadID
 .text.LIS2DW12_GetCapabilities
                0x00000000080029a4       0x5c ./Drivers/BSP/Components/lis2dw12/lis2dw12.o
                0x00000000080029a4                LIS2DW12_GetCapabilities
 .text.LIS2DW12_ACC_Enable
                0x0000000008002a00       0x52 ./Drivers/BSP/Components/lis2dw12/lis2dw12.o
                0x0000000008002a00                LIS2DW12_ACC_Enable
 .text.LIS2DW12_ACC_Disable
                0x0000000008002a52       0x40 ./Drivers/BSP/Components/lis2dw12/lis2dw12.o
                0x0000000008002a52                LIS2DW12_ACC_Disable
 *fill*         0x0000000008002a92        0x2 
 .text.LIS2DW12_ACC_GetSensitivity
                0x0000000008002a94      0x190 ./Drivers/BSP/Components/lis2dw12/lis2dw12.o
                0x0000000008002a94                LIS2DW12_ACC_GetSensitivity
 .text.LIS2DW12_ACC_GetOutputDataRate
                0x0000000008002c24      0x404 ./Drivers/BSP/Components/lis2dw12/lis2dw12.o
                0x0000000008002c24                LIS2DW12_ACC_GetOutputDataRate
 .text.LIS2DW12_ACC_SetOutputDataRate
                0x0000000008003028       0x24 ./Drivers/BSP/Components/lis2dw12/lis2dw12.o
                0x0000000008003028                LIS2DW12_ACC_SetOutputDataRate
 .text.LIS2DW12_ACC_SetOutputDataRate_With_Mode
                0x000000000800304c       0x4c ./Drivers/BSP/Components/lis2dw12/lis2dw12.o
                0x000000000800304c                LIS2DW12_ACC_SetOutputDataRate_With_Mode
 .text.LIS2DW12_ACC_GetFullScale
                0x0000000008003098       0x84 ./Drivers/BSP/Components/lis2dw12/lis2dw12.o
                0x0000000008003098                LIS2DW12_ACC_GetFullScale
 .text.LIS2DW12_ACC_SetFullScale
                0x000000000800311c       0x50 ./Drivers/BSP/Components/lis2dw12/lis2dw12.o
                0x000000000800311c                LIS2DW12_ACC_SetFullScale
 .text.LIS2DW12_ACC_GetAxesRaw
                0x000000000800316c      0x148 ./Drivers/BSP/Components/lis2dw12/lis2dw12.o
                0x000000000800316c                LIS2DW12_ACC_GetAxesRaw
 .text.LIS2DW12_ACC_GetAxes
                0x00000000080032b4       0xaa ./Drivers/BSP/Components/lis2dw12/lis2dw12.o
                0x00000000080032b4                LIS2DW12_ACC_GetAxes
 .text.LIS2DW12_Write_Reg
                0x000000000800335e       0x36 ./Drivers/BSP/Components/lis2dw12/lis2dw12.o
                0x000000000800335e                LIS2DW12_Write_Reg
 .text.LIS2DW12_ACC_SetOutputDataRate_When_Enabled
                0x0000000008003394      0x238 ./Drivers/BSP/Components/lis2dw12/lis2dw12.o
 .text.LIS2DW12_ACC_SetOutputDataRate_When_Disabled
                0x00000000080035cc      0x124 ./Drivers/BSP/Components/lis2dw12/lis2dw12.o
 .text.ReadRegWrap
                0x00000000080036f0       0x36 ./Drivers/BSP/Components/lis2dw12/lis2dw12.o
 .text.WriteRegWrap
                0x0000000008003726       0x36 ./Drivers/BSP/Components/lis2dw12/lis2dw12.o
 .text.lis2dw12_read_reg
                0x000000000800375c       0x30 ./Drivers/BSP/Components/lis2dw12/lis2dw12_reg.o
                0x000000000800375c                lis2dw12_read_reg
 .text.lis2dw12_write_reg
                0x000000000800378c       0x30 ./Drivers/BSP/Components/lis2dw12/lis2dw12_reg.o
                0x000000000800378c                lis2dw12_write_reg
 .text.lis2dw12_power_mode_set
                0x00000000080037bc       0x9c ./Drivers/BSP/Components/lis2dw12/lis2dw12_reg.o
                0x00000000080037bc                lis2dw12_power_mode_set
 .text.lis2dw12_power_mode_get
                0x0000000008003858      0x174 ./Drivers/BSP/Components/lis2dw12/lis2dw12_reg.o
                0x0000000008003858                lis2dw12_power_mode_get
 .text.lis2dw12_data_rate_set
                0x00000000080039cc       0x8a ./Drivers/BSP/Components/lis2dw12/lis2dw12_reg.o
                0x00000000080039cc                lis2dw12_data_rate_set
 *fill*         0x0000000008003a56        0x2 
 .text.lis2dw12_data_rate_get
                0x0000000008003a58      0x194 ./Drivers/BSP/Components/lis2dw12/lis2dw12_reg.o
                0x0000000008003a58                lis2dw12_data_rate_get
 .text.lis2dw12_block_data_update_set
                0x0000000008003bec       0x4c ./Drivers/BSP/Components/lis2dw12/lis2dw12_reg.o
                0x0000000008003bec                lis2dw12_block_data_update_set
 .text.lis2dw12_full_scale_set
                0x0000000008003c38       0x4c ./Drivers/BSP/Components/lis2dw12/lis2dw12_reg.o
                0x0000000008003c38                lis2dw12_full_scale_set
 .text.lis2dw12_full_scale_get
                0x0000000008003c84       0x70 ./Drivers/BSP/Components/lis2dw12/lis2dw12_reg.o
                0x0000000008003c84                lis2dw12_full_scale_get
 .text.lis2dw12_acceleration_raw_get
                0x0000000008003cf4       0x96 ./Drivers/BSP/Components/lis2dw12/lis2dw12_reg.o
                0x0000000008003cf4                lis2dw12_acceleration_raw_get
 .text.lis2dw12_device_id_get
                0x0000000008003d8a       0x22 ./Drivers/BSP/Components/lis2dw12/lis2dw12_reg.o
                0x0000000008003d8a                lis2dw12_device_id_get
 .text.lis2dw12_auto_increment_set
                0x0000000008003dac       0x4c ./Drivers/BSP/Components/lis2dw12/lis2dw12_reg.o
                0x0000000008003dac                lis2dw12_auto_increment_set
 .text.lis2dw12_fifo_mode_set
                0x0000000008003df8       0x4c ./Drivers/BSP/Components/lis2dw12/lis2dw12_reg.o
                0x0000000008003df8                lis2dw12_fifo_mode_set
 .text.LIS2MDL_RegisterBusIO
                0x0000000008003e44       0xf8 ./Drivers/BSP/Components/lis2mdl/lis2mdl.o
                0x0000000008003e44                LIS2MDL_RegisterBusIO
 .text.LIS2MDL_Init
                0x0000000008003f3c      0x10c ./Drivers/BSP/Components/lis2mdl/lis2mdl.o
                0x0000000008003f3c                LIS2MDL_Init
 .text.LIS2MDL_DeInit
                0x0000000008004048       0x2c ./Drivers/BSP/Components/lis2mdl/lis2mdl.o
                0x0000000008004048                LIS2MDL_DeInit
 .text.LIS2MDL_ReadID
                0x0000000008004074       0x4c ./Drivers/BSP/Components/lis2mdl/lis2mdl.o
                0x0000000008004074                LIS2MDL_ReadID
 .text.LIS2MDL_GetCapabilities
                0x00000000080040c0       0x5c ./Drivers/BSP/Components/lis2mdl/lis2mdl.o
                0x00000000080040c0                LIS2MDL_GetCapabilities
 .text.LIS2MDL_MAG_Enable
                0x000000000800411c       0x84 ./Drivers/BSP/Components/lis2mdl/lis2mdl.o
                0x000000000800411c                LIS2MDL_MAG_Enable
 .text.LIS2MDL_MAG_Disable
                0x00000000080041a0       0x86 ./Drivers/BSP/Components/lis2mdl/lis2mdl.o
                0x00000000080041a0                LIS2MDL_MAG_Disable
 .text.LIS2MDL_MAG_GetSensitivity
                0x0000000008004226       0x20 ./Drivers/BSP/Components/lis2mdl/lis2mdl.o
                0x0000000008004226                LIS2MDL_MAG_GetSensitivity
 *fill*         0x0000000008004246        0x2 
 .text.LIS2MDL_MAG_GetOutputDataRate
                0x0000000008004248       0x8c ./Drivers/BSP/Components/lis2mdl/lis2mdl.o
                0x0000000008004248                LIS2MDL_MAG_GetOutputDataRate
 .text.LIS2MDL_MAG_SetOutputDataRate
                0x00000000080042d4       0xc8 ./Drivers/BSP/Components/lis2mdl/lis2mdl.o
                0x00000000080042d4                LIS2MDL_MAG_SetOutputDataRate
 .text.LIS2MDL_MAG_GetFullScale
                0x000000000800439c       0x1e ./Drivers/BSP/Components/lis2mdl/lis2mdl.o
                0x000000000800439c                LIS2MDL_MAG_GetFullScale
 .text.LIS2MDL_MAG_SetFullScale
                0x00000000080043ba       0x18 ./Drivers/BSP/Components/lis2mdl/lis2mdl.o
                0x00000000080043ba                LIS2MDL_MAG_SetFullScale
 .text.LIS2MDL_MAG_GetAxesRaw
                0x00000000080043d2       0x48 ./Drivers/BSP/Components/lis2mdl/lis2mdl.o
                0x00000000080043d2                LIS2MDL_MAG_GetAxesRaw
 .text.LIS2MDL_MAG_GetAxes
                0x000000000800441a      0x114 ./Drivers/BSP/Components/lis2mdl/lis2mdl.o
                0x000000000800441a                LIS2MDL_MAG_GetAxes
 .text.LIS2MDL_Write_Reg
                0x000000000800452e       0x56 ./Drivers/BSP/Components/lis2mdl/lis2mdl.o
                0x000000000800452e                LIS2MDL_Write_Reg
 .text.ReadMagRegWrap
                0x0000000008004584       0x82 ./Drivers/BSP/Components/lis2mdl/lis2mdl.o
 .text.WriteMagRegWrap
                0x0000000008004606       0x82 ./Drivers/BSP/Components/lis2mdl/lis2mdl.o
 .text.LSM6DSOX_SENSORHUB_LIS2MDL_ReadShData
                0x0000000008004688      0x27e ./Drivers/BSP/Components/lis2mdl/lis2mdl.o
 .text.LSM6DSOX_SENSORHUB_LIS2MDL_WriteShData
                0x0000000008004906      0x23c ./Drivers/BSP/Components/lis2mdl/lis2mdl.o
 .text.lis2mdl_read_reg
                0x0000000008004b42       0x30 ./Drivers/BSP/Components/lis2mdl/lis2mdl_reg.o
                0x0000000008004b42                lis2mdl_read_reg
 .text.lis2mdl_write_reg
                0x0000000008004b72       0x30 ./Drivers/BSP/Components/lis2mdl/lis2mdl_reg.o
                0x0000000008004b72                lis2mdl_write_reg
 .text.lis2mdl_operating_mode_set
                0x0000000008004ba2       0x4c ./Drivers/BSP/Components/lis2mdl/lis2mdl_reg.o
                0x0000000008004ba2                lis2mdl_operating_mode_set
 .text.lis2mdl_data_rate_set
                0x0000000008004bee       0x4c ./Drivers/BSP/Components/lis2mdl/lis2mdl_reg.o
                0x0000000008004bee                lis2mdl_data_rate_set
 *fill*         0x0000000008004c3a        0x2 
 .text.lis2mdl_data_rate_get
                0x0000000008004c3c       0x70 ./Drivers/BSP/Components/lis2mdl/lis2mdl_reg.o
                0x0000000008004c3c                lis2mdl_data_rate_get
 .text.lis2mdl_block_data_update_set
                0x0000000008004cac       0x4c ./Drivers/BSP/Components/lis2mdl/lis2mdl_reg.o
                0x0000000008004cac                lis2mdl_block_data_update_set
 .text.lis2mdl_magnetic_raw_get
                0x0000000008004cf8       0x96 ./Drivers/BSP/Components/lis2mdl/lis2mdl_reg.o
                0x0000000008004cf8                lis2mdl_magnetic_raw_get
 .text.lis2mdl_device_id_get
                0x0000000008004d8e       0x22 ./Drivers/BSP/Components/lis2mdl/lis2mdl_reg.o
                0x0000000008004d8e                lis2mdl_device_id_get
 .text.lis2mdl_self_test_set
                0x0000000008004db0       0x4c ./Drivers/BSP/Components/lis2mdl/lis2mdl_reg.o
                0x0000000008004db0                lis2mdl_self_test_set
 .text.lis2mdl_i2c_interface_set
                0x0000000008004dfc       0x4c ./Drivers/BSP/Components/lis2mdl/lis2mdl_reg.o
                0x0000000008004dfc                lis2mdl_i2c_interface_set
 .text.LPS22HH_RegisterBusIO
                0x0000000008004e48       0xcc ./Drivers/BSP/Components/lps22hh/lps22hh.o
                0x0000000008004e48                LPS22HH_RegisterBusIO
 .text.LPS22HH_Init
                0x0000000008004f14       0x36 ./Drivers/BSP/Components/lps22hh/lps22hh.o
                0x0000000008004f14                LPS22HH_Init
 .text.LPS22HH_DeInit
                0x0000000008004f4a       0x48 ./Drivers/BSP/Components/lps22hh/lps22hh.o
                0x0000000008004f4a                LPS22HH_DeInit
 .text.LPS22HH_ReadID
                0x0000000008004f92       0x2c ./Drivers/BSP/Components/lps22hh/lps22hh.o
                0x0000000008004f92                LPS22HH_ReadID
 *fill*         0x0000000008004fbe        0x2 
 .text.LPS22HH_GetCapabilities
                0x0000000008004fc0       0x48 ./Drivers/BSP/Components/lps22hh/lps22hh.o
                0x0000000008004fc0                LPS22HH_GetCapabilities
 .text.LPS22HH_PRESS_Enable
                0x0000000008005008       0x48 ./Drivers/BSP/Components/lps22hh/lps22hh.o
                0x0000000008005008                LPS22HH_PRESS_Enable
 .text.LPS22HH_PRESS_Disable
                0x0000000008005050       0x68 ./Drivers/BSP/Components/lps22hh/lps22hh.o
                0x0000000008005050                LPS22HH_PRESS_Disable
 .text.LPS22HH_PRESS_GetOutputDataRate
                0x00000000080050b8       0x1c ./Drivers/BSP/Components/lps22hh/lps22hh.o
                0x00000000080050b8                LPS22HH_PRESS_GetOutputDataRate
 .text.LPS22HH_PRESS_SetOutputDataRate
                0x00000000080050d4       0x38 ./Drivers/BSP/Components/lps22hh/lps22hh.o
                0x00000000080050d4                LPS22HH_PRESS_SetOutputDataRate
 .text.LPS22HH_PRESS_GetPressure
                0x000000000800510c       0x50 ./Drivers/BSP/Components/lps22hh/lps22hh.o
                0x000000000800510c                LPS22HH_PRESS_GetPressure
 .text.LPS22HH_TEMP_Enable
                0x000000000800515c       0x48 ./Drivers/BSP/Components/lps22hh/lps22hh.o
                0x000000000800515c                LPS22HH_TEMP_Enable
 .text.LPS22HH_TEMP_Disable
                0x00000000080051a4       0x68 ./Drivers/BSP/Components/lps22hh/lps22hh.o
                0x00000000080051a4                LPS22HH_TEMP_Disable
 .text.LPS22HH_TEMP_GetOutputDataRate
                0x000000000800520c       0x1c ./Drivers/BSP/Components/lps22hh/lps22hh.o
                0x000000000800520c                LPS22HH_TEMP_GetOutputDataRate
 .text.LPS22HH_TEMP_SetOutputDataRate
                0x0000000008005228       0x38 ./Drivers/BSP/Components/lps22hh/lps22hh.o
                0x0000000008005228                LPS22HH_TEMP_SetOutputDataRate
 .text.LPS22HH_TEMP_GetTemperature
                0x0000000008005260       0x52 ./Drivers/BSP/Components/lps22hh/lps22hh.o
                0x0000000008005260                LPS22HH_TEMP_GetTemperature
 .text.LPS22HH_Write_Reg
                0x00000000080052b2       0x36 ./Drivers/BSP/Components/lps22hh/lps22hh.o
                0x00000000080052b2                LPS22HH_Write_Reg
 .text.LPS22HH_GetOutputDataRate
                0x00000000080052e8       0xc8 ./Drivers/BSP/Components/lps22hh/lps22hh.o
 .text.LPS22HH_SetOutputDataRate_When_Enabled
                0x00000000080053b0       0xe4 ./Drivers/BSP/Components/lps22hh/lps22hh.o
 .text.LPS22HH_SetOutputDataRate_When_Disabled
                0x0000000008005494       0xb4 ./Drivers/BSP/Components/lps22hh/lps22hh.o
 .text.LPS22HH_Initialize
                0x0000000008005548       0x92 ./Drivers/BSP/Components/lps22hh/lps22hh.o
 .text.ReadRegWrap
                0x00000000080055da       0x36 ./Drivers/BSP/Components/lps22hh/lps22hh.o
 .text.WriteRegWrap
                0x0000000008005610       0x36 ./Drivers/BSP/Components/lps22hh/lps22hh.o
 .text.lps22hh_read_reg
                0x0000000008005646       0x30 ./Drivers/BSP/Components/lps22hh/lps22hh_reg.o
                0x0000000008005646                lps22hh_read_reg
 .text.lps22hh_write_reg
                0x0000000008005676       0x30 ./Drivers/BSP/Components/lps22hh/lps22hh_reg.o
                0x0000000008005676                lps22hh_write_reg
 *fill*         0x00000000080056a6        0x2 
 .text.lps22hh_from_lsb_to_hpa
                0x00000000080056a8       0x30 ./Drivers/BSP/Components/lps22hh/lps22hh_reg.o
                0x00000000080056a8                lps22hh_from_lsb_to_hpa
 .text.lps22hh_from_lsb_to_celsius
                0x00000000080056d8       0x34 ./Drivers/BSP/Components/lps22hh/lps22hh_reg.o
                0x00000000080056d8                lps22hh_from_lsb_to_celsius
 .text.lps22hh_block_data_update_set
                0x000000000800570c       0x4c ./Drivers/BSP/Components/lps22hh/lps22hh_reg.o
                0x000000000800570c                lps22hh_block_data_update_set
 .text.lps22hh_data_rate_set
                0x0000000008005758       0x9c ./Drivers/BSP/Components/lps22hh/lps22hh_reg.o
                0x0000000008005758                lps22hh_data_rate_set
 .text.lps22hh_data_rate_get
                0x00000000080057f4      0x150 ./Drivers/BSP/Components/lps22hh/lps22hh_reg.o
                0x00000000080057f4                lps22hh_data_rate_get
 .text.lps22hh_pressure_raw_get
                0x0000000008005944       0x52 ./Drivers/BSP/Components/lps22hh/lps22hh_reg.o
                0x0000000008005944                lps22hh_pressure_raw_get
 .text.lps22hh_temperature_raw_get
                0x0000000008005996       0x46 ./Drivers/BSP/Components/lps22hh/lps22hh_reg.o
                0x0000000008005996                lps22hh_temperature_raw_get
 .text.lps22hh_device_id_get
                0x00000000080059dc       0x22 ./Drivers/BSP/Components/lps22hh/lps22hh_reg.o
                0x00000000080059dc                lps22hh_device_id_get
 .text.lps22hh_auto_increment_set
                0x00000000080059fe       0x4c ./Drivers/BSP/Components/lps22hh/lps22hh_reg.o
                0x00000000080059fe                lps22hh_auto_increment_set
 .text.lps22hh_lp_bandwidth_set
                0x0000000008005a4a       0x4c ./Drivers/BSP/Components/lps22hh/lps22hh_reg.o
                0x0000000008005a4a                lps22hh_lp_bandwidth_set
 .text.lps22hh_i3c_interface_set
                0x0000000008005a96       0x5e ./Drivers/BSP/Components/lps22hh/lps22hh_reg.o
                0x0000000008005a96                lps22hh_i3c_interface_set
 .text.LSM6DSO_RegisterBusIO
                0x0000000008005af4       0xcc ./Drivers/BSP/Components/lsm6dso/lsm6dso.o
                0x0000000008005af4                LSM6DSO_RegisterBusIO
 .text.LSM6DSO_Init
                0x0000000008005bc0       0xea ./Drivers/BSP/Components/lsm6dso/lsm6dso.o
                0x0000000008005bc0                LSM6DSO_Init
 .text.LSM6DSO_DeInit
                0x0000000008005caa       0x4e ./Drivers/BSP/Components/lsm6dso/lsm6dso.o
                0x0000000008005caa                LSM6DSO_DeInit
 .text.LSM6DSO_ReadID
                0x0000000008005cf8       0x2c ./Drivers/BSP/Components/lsm6dso/lsm6dso.o
                0x0000000008005cf8                LSM6DSO_ReadID
 .text.LSM6DSO_GetCapabilities
                0x0000000008005d24       0x5c ./Drivers/BSP/Components/lsm6dso/lsm6dso.o
                0x0000000008005d24                LSM6DSO_GetCapabilities
 .text.LSM6DSO_ACC_Enable
                0x0000000008005d80       0x48 ./Drivers/BSP/Components/lsm6dso/lsm6dso.o
                0x0000000008005d80                LSM6DSO_ACC_Enable
 .text.LSM6DSO_ACC_Disable
                0x0000000008005dc8       0x5e ./Drivers/BSP/Components/lsm6dso/lsm6dso.o
                0x0000000008005dc8                LSM6DSO_ACC_Disable
 *fill*         0x0000000008005e26        0x2 
 .text.LSM6DSO_ACC_GetSensitivity
                0x0000000008005e28       0x8c ./Drivers/BSP/Components/lsm6dso/lsm6dso.o
                0x0000000008005e28                LSM6DSO_ACC_GetSensitivity
 .text.LSM6DSO_ACC_GetOutputDataRate
                0x0000000008005eb4      0x108 ./Drivers/BSP/Components/lsm6dso/lsm6dso.o
                0x0000000008005eb4                LSM6DSO_ACC_GetOutputDataRate
 .text.LSM6DSO_ACC_SetOutputDataRate
                0x0000000008005fbc       0x22 ./Drivers/BSP/Components/lsm6dso/lsm6dso.o
                0x0000000008005fbc                LSM6DSO_ACC_SetOutputDataRate
 *fill*         0x0000000008005fde        0x2 
 .text.LSM6DSO_ACC_SetOutputDataRate_With_Mode
                0x0000000008005fe0      0x33c ./Drivers/BSP/Components/lsm6dso/lsm6dso.o
                0x0000000008005fe0                LSM6DSO_ACC_SetOutputDataRate_With_Mode
 .text.LSM6DSO_ACC_GetFullScale
                0x000000000800631c       0x7c ./Drivers/BSP/Components/lsm6dso/lsm6dso.o
                0x000000000800631c                LSM6DSO_ACC_GetFullScale
 .text.LSM6DSO_ACC_SetFullScale
                0x0000000008006398       0x50 ./Drivers/BSP/Components/lsm6dso/lsm6dso.o
                0x0000000008006398                LSM6DSO_ACC_SetFullScale
 .text.LSM6DSO_ACC_GetAxesRaw
                0x00000000080063e8       0x48 ./Drivers/BSP/Components/lsm6dso/lsm6dso.o
                0x00000000080063e8                LSM6DSO_ACC_GetAxesRaw
 .text.LSM6DSO_ACC_GetAxes
                0x0000000008006430       0xae ./Drivers/BSP/Components/lsm6dso/lsm6dso.o
                0x0000000008006430                LSM6DSO_ACC_GetAxes
 .text.LSM6DSO_GYRO_Enable
                0x00000000080064de       0x48 ./Drivers/BSP/Components/lsm6dso/lsm6dso.o
                0x00000000080064de                LSM6DSO_GYRO_Enable
 .text.LSM6DSO_GYRO_Disable
                0x0000000008006526       0x5e ./Drivers/BSP/Components/lsm6dso/lsm6dso.o
                0x0000000008006526                LSM6DSO_GYRO_Disable
 .text.LSM6DSO_GYRO_GetSensitivity
                0x0000000008006584       0xa4 ./Drivers/BSP/Components/lsm6dso/lsm6dso.o
                0x0000000008006584                LSM6DSO_GYRO_GetSensitivity
 .text.LSM6DSO_GYRO_GetOutputDataRate
                0x0000000008006628       0xf8 ./Drivers/BSP/Components/lsm6dso/lsm6dso.o
                0x0000000008006628                LSM6DSO_GYRO_GetOutputDataRate
 .text.LSM6DSO_GYRO_SetOutputDataRate
                0x0000000008006720       0x22 ./Drivers/BSP/Components/lsm6dso/lsm6dso.o
                0x0000000008006720                LSM6DSO_GYRO_SetOutputDataRate
 *fill*         0x0000000008006742        0x2 
 .text.LSM6DSO_GYRO_SetOutputDataRate_With_Mode
                0x0000000008006744      0x12c ./Drivers/BSP/Components/lsm6dso/lsm6dso.o
                0x0000000008006744                LSM6DSO_GYRO_SetOutputDataRate_With_Mode
 .text.LSM6DSO_GYRO_GetFullScale
                0x0000000008006870       0x94 ./Drivers/BSP/Components/lsm6dso/lsm6dso.o
                0x0000000008006870                LSM6DSO_GYRO_GetFullScale
 .text.LSM6DSO_GYRO_SetFullScale
                0x0000000008006904       0x5e ./Drivers/BSP/Components/lsm6dso/lsm6dso.o
                0x0000000008006904                LSM6DSO_GYRO_SetFullScale
 .text.LSM6DSO_GYRO_GetAxesRaw
                0x0000000008006962       0x48 ./Drivers/BSP/Components/lsm6dso/lsm6dso.o
                0x0000000008006962                LSM6DSO_GYRO_GetAxesRaw
 .text.LSM6DSO_GYRO_GetAxes
                0x00000000080069aa       0xa8 ./Drivers/BSP/Components/lsm6dso/lsm6dso.o
                0x00000000080069aa                LSM6DSO_GYRO_GetAxes
 .text.LSM6DSO_Write_Reg
                0x0000000008006a52       0x36 ./Drivers/BSP/Components/lsm6dso/lsm6dso.o
                0x0000000008006a52                LSM6DSO_Write_Reg
 .text.LSM6DSO_ACC_SetOutputDataRate_When_Enabled
                0x0000000008006a88      0x130 ./Drivers/BSP/Components/lsm6dso/lsm6dso.o
 .text.LSM6DSO_ACC_SetOutputDataRate_When_Disabled
                0x0000000008006bb8      0x120 ./Drivers/BSP/Components/lsm6dso/lsm6dso.o
 .text.LSM6DSO_GYRO_SetOutputDataRate_When_Enabled
                0x0000000008006cd8      0x118 ./Drivers/BSP/Components/lsm6dso/lsm6dso.o
 .text.LSM6DSO_GYRO_SetOutputDataRate_When_Disabled
                0x0000000008006df0      0x104 ./Drivers/BSP/Components/lsm6dso/lsm6dso.o
 .text.ReadRegWrap
                0x0000000008006ef4       0x36 ./Drivers/BSP/Components/lsm6dso/lsm6dso.o
 .text.WriteRegWrap
                0x0000000008006f2a       0x36 ./Drivers/BSP/Components/lsm6dso/lsm6dso.o
 .text.lsm6dso_read_reg
                0x0000000008006f60       0x30 ./Drivers/BSP/Components/lsm6dso/lsm6dso_reg.o
                0x0000000008006f60                lsm6dso_read_reg
 .text.lsm6dso_write_reg
                0x0000000008006f90       0x30 ./Drivers/BSP/Components/lsm6dso/lsm6dso_reg.o
                0x0000000008006f90                lsm6dso_write_reg
 .text.lsm6dso_xl_full_scale_set
                0x0000000008006fc0       0x4c ./Drivers/BSP/Components/lsm6dso/lsm6dso_reg.o
                0x0000000008006fc0                lsm6dso_xl_full_scale_set
 .text.lsm6dso_xl_full_scale_get
                0x000000000800700c       0x70 ./Drivers/BSP/Components/lsm6dso/lsm6dso_reg.o
                0x000000000800700c                lsm6dso_xl_full_scale_get
 .text.lsm6dso_xl_data_rate_set
                0x000000000800707c      0x1f8 ./Drivers/BSP/Components/lsm6dso/lsm6dso_reg.o
                0x000000000800707c                lsm6dso_xl_data_rate_set
 .text.lsm6dso_xl_data_rate_get
                0x0000000008007274       0xd0 ./Drivers/BSP/Components/lsm6dso/lsm6dso_reg.o
                0x0000000008007274                lsm6dso_xl_data_rate_get
 .text.lsm6dso_gy_full_scale_set
                0x0000000008007344       0x4c ./Drivers/BSP/Components/lsm6dso/lsm6dso_reg.o
                0x0000000008007344                lsm6dso_gy_full_scale_set
 .text.lsm6dso_gy_full_scale_get
                0x0000000008007390       0x84 ./Drivers/BSP/Components/lsm6dso/lsm6dso_reg.o
                0x0000000008007390                lsm6dso_gy_full_scale_get
 .text.lsm6dso_gy_data_rate_set
                0x0000000008007414      0x1f8 ./Drivers/BSP/Components/lsm6dso/lsm6dso_reg.o
                0x0000000008007414                lsm6dso_gy_data_rate_set
 .text.lsm6dso_gy_data_rate_get
                0x000000000800760c       0xc4 ./Drivers/BSP/Components/lsm6dso/lsm6dso_reg.o
                0x000000000800760c                lsm6dso_gy_data_rate_get
 .text.lsm6dso_block_data_update_set
                0x00000000080076d0       0x4c ./Drivers/BSP/Components/lsm6dso/lsm6dso_reg.o
                0x00000000080076d0                lsm6dso_block_data_update_set
 .text.lsm6dso_angular_rate_raw_get
                0x000000000800771c       0x96 ./Drivers/BSP/Components/lsm6dso/lsm6dso_reg.o
                0x000000000800771c                lsm6dso_angular_rate_raw_get
 .text.lsm6dso_acceleration_raw_get
                0x00000000080077b2       0x96 ./Drivers/BSP/Components/lsm6dso/lsm6dso_reg.o
                0x00000000080077b2                lsm6dso_acceleration_raw_get
 .text.lsm6dso_mem_bank_set
                0x0000000008007848       0x4c ./Drivers/BSP/Components/lsm6dso/lsm6dso_reg.o
                0x0000000008007848                lsm6dso_mem_bank_set
 .text.lsm6dso_device_id_get
                0x0000000008007894       0x22 ./Drivers/BSP/Components/lsm6dso/lsm6dso_reg.o
                0x0000000008007894                lsm6dso_device_id_get
 .text.lsm6dso_auto_increment_set
                0x00000000080078b6       0x4c ./Drivers/BSP/Components/lsm6dso/lsm6dso_reg.o
                0x00000000080078b6                lsm6dso_auto_increment_set
 .text.lsm6dso_i3c_disable_set
                0x0000000008007902       0x8c ./Drivers/BSP/Components/lsm6dso/lsm6dso_reg.o
                0x0000000008007902                lsm6dso_i3c_disable_set
 .text.lsm6dso_fifo_mode_set
                0x000000000800798e       0x4c ./Drivers/BSP/Components/lsm6dso/lsm6dso_reg.o
                0x000000000800798e                lsm6dso_fifo_mode_set
 .text.lsm6dso_fsm_enable_get
                0x00000000080079da       0x42 ./Drivers/BSP/Components/lsm6dso/lsm6dso_reg.o
                0x00000000080079da                lsm6dso_fsm_enable_get
 .text.lsm6dso_fsm_data_rate_get
                0x0000000008007a1c       0x90 ./Drivers/BSP/Components/lsm6dso/lsm6dso_reg.o
                0x0000000008007a1c                lsm6dso_fsm_data_rate_get
 .text.STTS751_RegisterBusIO
                0x0000000008007aac       0x8c ./Drivers/BSP/Components/stts751/stts751.o
                0x0000000008007aac                STTS751_RegisterBusIO
 .text.STTS751_Init
                0x0000000008007b38       0x74 ./Drivers/BSP/Components/stts751/stts751.o
                0x0000000008007b38                STTS751_Init
 .text.STTS751_DeInit
                0x0000000008007bac       0x36 ./Drivers/BSP/Components/stts751/stts751.o
                0x0000000008007bac                STTS751_DeInit
 .text.STTS751_ReadID
                0x0000000008007be2       0x36 ./Drivers/BSP/Components/stts751/stts751.o
                0x0000000008007be2                STTS751_ReadID
 .text.STTS751_GetCapabilities
                0x0000000008007c18       0x48 ./Drivers/BSP/Components/stts751/stts751.o
                0x0000000008007c18                STTS751_GetCapabilities
 .text.STTS751_TEMP_Enable
                0x0000000008007c60       0x44 ./Drivers/BSP/Components/stts751/stts751.o
                0x0000000008007c60                STTS751_TEMP_Enable
 .text.STTS751_TEMP_Disable
                0x0000000008007ca4       0x58 ./Drivers/BSP/Components/stts751/stts751.o
                0x0000000008007ca4                STTS751_TEMP_Disable
 .text.STTS751_TEMP_GetOutputDataRate
                0x0000000008007cfc       0xf4 ./Drivers/BSP/Components/stts751/stts751.o
                0x0000000008007cfc                STTS751_TEMP_GetOutputDataRate
 .text.STTS751_TEMP_SetOutputDataRate
                0x0000000008007df0      0x184 ./Drivers/BSP/Components/stts751/stts751.o
                0x0000000008007df0                STTS751_TEMP_SetOutputDataRate
 .text.STTS751_TEMP_GetTemperature
                0x0000000008007f74       0x44 ./Drivers/BSP/Components/stts751/stts751.o
                0x0000000008007f74                STTS751_TEMP_GetTemperature
 .text.ReadRegWrap
                0x0000000008007fb8       0x6e ./Drivers/BSP/Components/stts751/stts751.o
 .text.WriteRegWrap
                0x0000000008008026       0x6e ./Drivers/BSP/Components/stts751/stts751.o
 .text.stts751_read_reg
                0x0000000008008094       0x30 ./Drivers/BSP/Components/stts751/stts751_reg.o
                0x0000000008008094                stts751_read_reg
 .text.stts751_write_reg
                0x00000000080080c4       0x30 ./Drivers/BSP/Components/stts751/stts751_reg.o
                0x00000000080080c4                stts751_write_reg
 .text.stts751_from_lsb_to_celsius
                0x00000000080080f4       0x34 ./Drivers/BSP/Components/stts751/stts751_reg.o
                0x00000000080080f4                stts751_from_lsb_to_celsius
 .text.stts751_temp_data_rate_set
                0x0000000008008128       0xac ./Drivers/BSP/Components/stts751/stts751_reg.o
                0x0000000008008128                stts751_temp_data_rate_set
 .text.stts751_temp_data_rate_get
                0x00000000080081d4      0x100 ./Drivers/BSP/Components/stts751/stts751_reg.o
                0x00000000080081d4                stts751_temp_data_rate_get
 .text.stts751_resolution_set
                0x00000000080082d4       0x4c ./Drivers/BSP/Components/stts751/stts751_reg.o
                0x00000000080082d4                stts751_resolution_set
 .text.stts751_resolution_get
                0x0000000008008320       0x70 ./Drivers/BSP/Components/stts751/stts751_reg.o
                0x0000000008008320                stts751_resolution_get
 .text.stts751_temperature_raw_get
                0x0000000008008390       0x5e ./Drivers/BSP/Components/stts751/stts751_reg.o
                0x0000000008008390                stts751_temperature_raw_get
 .text.stts751_pin_event_route_set
                0x00000000080083ee       0x4c ./Drivers/BSP/Components/stts751/stts751_reg.o
                0x00000000080083ee                stts751_pin_event_route_set
 .text.stts751_device_id_get
                0x000000000800843a       0x4e ./Drivers/BSP/Components/stts751/stts751_reg.o
                0x000000000800843a                stts751_device_id_get
 .text.IKS01A3_ENV_SENSOR_Init
                0x0000000008008488      0x1f8 ./Drivers/BSP/IKS01A3/iks01a3_env_sensors.o
                0x0000000008008488                IKS01A3_ENV_SENSOR_Init
 .text.IKS01A3_ENV_SENSOR_GetCapabilities
                0x0000000008008680       0x54 ./Drivers/BSP/IKS01A3/iks01a3_env_sensors.o
                0x0000000008008680                IKS01A3_ENV_SENSOR_GetCapabilities
 .text.IKS01A3_ENV_SENSOR_ReadID
                0x00000000080086d4       0x54 ./Drivers/BSP/IKS01A3/iks01a3_env_sensors.o
                0x00000000080086d4                IKS01A3_ENV_SENSOR_ReadID
 .text.IKS01A3_ENV_SENSOR_GetOutputDataRate
                0x0000000008008728       0x88 ./Drivers/BSP/IKS01A3/iks01a3_env_sensors.o
                0x0000000008008728                IKS01A3_ENV_SENSOR_GetOutputDataRate
 .text.IKS01A3_ENV_SENSOR_GetValue
                0x00000000080087b0       0x88 ./Drivers/BSP/IKS01A3/iks01a3_env_sensors.o
                0x00000000080087b0                IKS01A3_ENV_SENSOR_GetValue
 .text.HTS221_0_Probe
                0x0000000008008838      0x174 ./Drivers/BSP/IKS01A3/iks01a3_env_sensors.o
 .text.LPS22HH_0_Probe
                0x00000000080089ac      0x178 ./Drivers/BSP/IKS01A3/iks01a3_env_sensors.o
 .text.STTS751_0_Probe
                0x0000000008008b24      0x148 ./Drivers/BSP/IKS01A3/iks01a3_env_sensors.o
 .text.IKS01A3_MOTION_SENSOR_Init
                0x0000000008008c6c      0x1f8 ./Drivers/BSP/IKS01A3/iks01a3_motion_sensors.o
                0x0000000008008c6c                IKS01A3_MOTION_SENSOR_Init
 .text.IKS01A3_MOTION_SENSOR_GetCapabilities
                0x0000000008008e64       0x54 ./Drivers/BSP/IKS01A3/iks01a3_motion_sensors.o
                0x0000000008008e64                IKS01A3_MOTION_SENSOR_GetCapabilities
 .text.IKS01A3_MOTION_SENSOR_ReadID
                0x0000000008008eb8       0x54 ./Drivers/BSP/IKS01A3/iks01a3_motion_sensors.o
                0x0000000008008eb8                IKS01A3_MOTION_SENSOR_ReadID
 .text.IKS01A3_MOTION_SENSOR_GetAxes
                0x0000000008008f0c       0x88 ./Drivers/BSP/IKS01A3/iks01a3_motion_sensors.o
                0x0000000008008f0c                IKS01A3_MOTION_SENSOR_GetAxes
 .text.IKS01A3_MOTION_SENSOR_GetOutputDataRate
                0x0000000008008f94       0x88 ./Drivers/BSP/IKS01A3/iks01a3_motion_sensors.o
                0x0000000008008f94                IKS01A3_MOTION_SENSOR_GetOutputDataRate
 .text.IKS01A3_MOTION_SENSOR_GetFullScale
                0x000000000800901c       0x88 ./Drivers/BSP/IKS01A3/iks01a3_motion_sensors.o
                0x000000000800901c                IKS01A3_MOTION_SENSOR_GetFullScale
 .text.LSM6DSO_0_Probe
                0x00000000080090a4      0x178 ./Drivers/BSP/IKS01A3/iks01a3_motion_sensors.o
 .text.LIS2DW12_0_Probe
                0x000000000800921c      0x148 ./Drivers/BSP/IKS01A3/iks01a3_motion_sensors.o
 .text.LIS2MDL_0_Probe
                0x0000000008009364      0x148 ./Drivers/BSP/IKS01A3/iks01a3_motion_sensors.o
 .text.BSP_LED_Init
                0x00000000080094ac       0x24 ./Drivers/BSP/STM32F7xx_Nucleo/stm32f7xx_nucleo.o
                0x00000000080094ac                BSP_LED_Init
 .text.LED_USER_GPIO_Init
                0x00000000080094d0       0x7c ./Drivers/BSP/STM32F7xx_Nucleo/stm32f7xx_nucleo.o
 .text.BSP_PB_Init
                0x000000000800954c       0xa8 ./Drivers/BSP/STM32F7xx_Nucleo/stm32f7xx_nucleo.o
                0x000000000800954c                BSP_PB_Init
 .text.BSP_PB_GetState
                0x00000000080095f4       0x38 ./Drivers/BSP/STM32F7xx_Nucleo/stm32f7xx_nucleo.o
                0x00000000080095f4                BSP_PB_GetState
 .text.BUTTON_USER_EXTI_Callback
                0x000000000800962c        0xe ./Drivers/BSP/STM32F7xx_Nucleo/stm32f7xx_nucleo.o
 *fill*         0x000000000800963a        0x2 
 .text.BUTTON_USER_GPIO_Init
                0x000000000800963c       0x74 ./Drivers/BSP/STM32F7xx_Nucleo/stm32f7xx_nucleo.o
 .text.BSP_COM_Init
                0x00000000080096b0       0x7c ./Drivers/BSP/STM32F7xx_Nucleo/stm32f7xx_nucleo.o
                0x00000000080096b0                BSP_COM_Init
 .text.MX_USART3_UART_Init
                0x000000000800972c       0x68 ./Drivers/BSP/STM32F7xx_Nucleo/stm32f7xx_nucleo.o
                0x000000000800972c                MX_USART3_UART_Init
 .text.__io_putchar
                0x0000000008009794       0x38 ./Drivers/BSP/STM32F7xx_Nucleo/stm32f7xx_nucleo.o
                0x0000000008009794                __io_putchar
 .text.USART3_MspInit
                0x00000000080097cc       0xc4 ./Drivers/BSP/STM32F7xx_Nucleo/stm32f7xx_nucleo.o
 .text.HAL_Init
                0x0000000008009890       0x1a ./Drivers/STM32F7xx_HAL_Driver/Src/stm32f7xx_hal.o
                0x0000000008009890                HAL_Init
 *fill*         0x00000000080098aa        0x2 
 .text.HAL_InitTick
                0x00000000080098ac       0x60 ./Drivers/STM32F7xx_HAL_Driver/Src/stm32f7xx_hal.o
                0x00000000080098ac                HAL_InitTick
 .text.HAL_IncTick
                0x000000000800990c       0x28 ./Drivers/STM32F7xx_HAL_Driver/Src/stm32f7xx_hal.o
                0x000000000800990c                HAL_IncTick
 .text.HAL_GetTick
                0x0000000008009934       0x18 ./Drivers/STM32F7xx_HAL_Driver/Src/stm32f7xx_hal.o
                0x0000000008009934                HAL_GetTick
 .text.HAL_Delay
                0x000000000800994c       0x48 ./Drivers/STM32F7xx_HAL_Driver/Src/stm32f7xx_hal.o
                0x000000000800994c                HAL_Delay
 .text.__NVIC_SetPriorityGrouping
                0x0000000008009994       0x48 ./Drivers/STM32F7xx_HAL_Driver/Src/stm32f7xx_hal_cortex.o
 .text.__NVIC_GetPriorityGrouping
                0x00000000080099dc       0x1c ./Drivers/STM32F7xx_HAL_Driver/Src/stm32f7xx_hal_cortex.o
 .text.__NVIC_EnableIRQ
                0x00000000080099f8       0x3c ./Drivers/STM32F7xx_HAL_Driver/Src/stm32f7xx_hal_cortex.o
 .text.__NVIC_SetPriority
                0x0000000008009a34       0x54 ./Drivers/STM32F7xx_HAL_Driver/Src/stm32f7xx_hal_cortex.o
 .text.NVIC_EncodePriority
                0x0000000008009a88       0x66 ./Drivers/STM32F7xx_HAL_Driver/Src/stm32f7xx_hal_cortex.o
 *fill*         0x0000000008009aee        0x2 
 .text.SysTick_Config
                0x0000000008009af0       0x44 ./Drivers/STM32F7xx_HAL_Driver/Src/stm32f7xx_hal_cortex.o
 .text.HAL_NVIC_SetPriorityGrouping
                0x0000000008009b34       0x16 ./Drivers/STM32F7xx_HAL_Driver/Src/stm32f7xx_hal_cortex.o
                0x0000000008009b34                HAL_NVIC_SetPriorityGrouping
 .text.HAL_NVIC_SetPriority
                0x0000000008009b4a       0x38 ./Drivers/STM32F7xx_HAL_Driver/Src/stm32f7xx_hal_cortex.o
                0x0000000008009b4a                HAL_NVIC_SetPriority
 .text.HAL_NVIC_EnableIRQ
                0x0000000008009b82       0x1c ./Drivers/STM32F7xx_HAL_Driver/Src/stm32f7xx_hal_cortex.o
                0x0000000008009b82                HAL_NVIC_EnableIRQ
 .text.HAL_SYSTICK_Config
                0x0000000008009b9e       0x18 ./Drivers/STM32F7xx_HAL_Driver/Src/stm32f7xx_hal_cortex.o
                0x0000000008009b9e                HAL_SYSTICK_Config
 *fill*         0x0000000008009bb6        0x2 
 .text.HAL_ETH_Init
                0x0000000008009bb8       0xf8 ./Drivers/STM32F7xx_HAL_Driver/Src/stm32f7xx_hal_eth.o
                0x0000000008009bb8                HAL_ETH_Init
 .text.ETH_SetMACConfig
                0x0000000008009cb0      0x160 ./Drivers/STM32F7xx_HAL_Driver/Src/stm32f7xx_hal_eth.o
 .text.ETH_SetDMAConfig
                0x0000000008009e10      0x114 ./Drivers/STM32F7xx_HAL_Driver/Src/stm32f7xx_hal_eth.o
 .text.ETH_MACDMAConfig
                0x0000000008009f24       0xe4 ./Drivers/STM32F7xx_HAL_Driver/Src/stm32f7xx_hal_eth.o
 .text.ETH_MACAddressConfig
                0x000000000800a008       0x70 ./Drivers/STM32F7xx_HAL_Driver/Src/stm32f7xx_hal_eth.o
 .text.ETH_DMATxDescListInit
                0x000000000800a078       0xb2 ./Drivers/STM32F7xx_HAL_Driver/Src/stm32f7xx_hal_eth.o
 .text.ETH_DMARxDescListInit
                0x000000000800a12a       0xda ./Drivers/STM32F7xx_HAL_Driver/Src/stm32f7xx_hal_eth.o
 .text.HAL_EXTI_RegisterCallback
                0x000000000800a204       0x34 ./Drivers/STM32F7xx_HAL_Driver/Src/stm32f7xx_hal_exti.o
                0x000000000800a204                HAL_EXTI_RegisterCallback
 .text.HAL_EXTI_GetHandle
                0x000000000800a238       0x28 ./Drivers/STM32F7xx_HAL_Driver/Src/stm32f7xx_hal_exti.o
                0x000000000800a238                HAL_EXTI_GetHandle
 .text.HAL_EXTI_IRQHandler
                0x000000000800a260       0x48 ./Drivers/STM32F7xx_HAL_Driver/Src/stm32f7xx_hal_exti.o
                0x000000000800a260                HAL_EXTI_IRQHandler
 .text.HAL_GPIO_Init
                0x000000000800a2a8      0x358 ./Drivers/STM32F7xx_HAL_Driver/Src/stm32f7xx_hal_gpio.o
                0x000000000800a2a8                HAL_GPIO_Init
 .text.HAL_GPIO_DeInit
                0x000000000800a600      0x218 ./Drivers/STM32F7xx_HAL_Driver/Src/stm32f7xx_hal_gpio.o
                0x000000000800a600                HAL_GPIO_DeInit
 .text.HAL_GPIO_ReadPin
                0x000000000800a818       0x30 ./Drivers/STM32F7xx_HAL_Driver/Src/stm32f7xx_hal_gpio.o
                0x000000000800a818                HAL_GPIO_ReadPin
 .text.HAL_GPIO_WritePin
                0x000000000800a848       0x32 ./Drivers/STM32F7xx_HAL_Driver/Src/stm32f7xx_hal_gpio.o
                0x000000000800a848                HAL_GPIO_WritePin
 *fill*         0x000000000800a87a        0x2 
 .text.HAL_GPIO_EXTI_IRQHandler
                0x000000000800a87c       0x30 ./Drivers/STM32F7xx_HAL_Driver/Src/stm32f7xx_hal_gpio.o
                0x000000000800a87c                HAL_GPIO_EXTI_IRQHandler
 .text.HAL_GPIO_EXTI_Callback
                0x000000000800a8ac       0x16 ./Drivers/STM32F7xx_HAL_Driver/Src/stm32f7xx_hal_gpio.o
                0x000000000800a8ac                HAL_GPIO_EXTI_Callback
 *fill*         0x000000000800a8c2        0x2 
 .text.HAL_I2C_Init
                0x000000000800a8c4      0x120 ./Drivers/STM32F7xx_HAL_Driver/Src/stm32f7xx_hal_i2c.o
                0x000000000800a8c4                HAL_I2C_Init
 .text.HAL_I2C_DeInit
                0x000000000800a9e4       0x5e ./Drivers/STM32F7xx_HAL_Driver/Src/stm32f7xx_hal_i2c.o
                0x000000000800a9e4                HAL_I2C_DeInit
 .text.HAL_I2C_MspInit
                0x000000000800aa42       0x14 ./Drivers/STM32F7xx_HAL_Driver/Src/stm32f7xx_hal_i2c.o
                0x000000000800aa42                HAL_I2C_MspInit
 .text.HAL_I2C_MspDeInit
                0x000000000800aa56       0x14 ./Drivers/STM32F7xx_HAL_Driver/Src/stm32f7xx_hal_i2c.o
                0x000000000800aa56                HAL_I2C_MspDeInit
 *fill*         0x000000000800aa6a        0x2 
 .text.HAL_I2C_Mem_Write
                0x000000000800aa6c      0x228 ./Drivers/STM32F7xx_HAL_Driver/Src/stm32f7xx_hal_i2c.o
                0x000000000800aa6c                HAL_I2C_Mem_Write
 .text.HAL_I2C_Mem_Read
                0x000000000800ac94      0x234 ./Drivers/STM32F7xx_HAL_Driver/Src/stm32f7xx_hal_i2c.o
                0x000000000800ac94                HAL_I2C_Mem_Read
 .text.HAL_I2C_GetState
                0x000000000800aec8       0x1c ./Drivers/STM32F7xx_HAL_Driver/Src/stm32f7xx_hal_i2c.o
                0x000000000800aec8                HAL_I2C_GetState
 .text.HAL_I2C_GetError
                0x000000000800aee4       0x18 ./Drivers/STM32F7xx_HAL_Driver/Src/stm32f7xx_hal_i2c.o
                0x000000000800aee4                HAL_I2C_GetError
 .text.I2C_RequestMemoryWrite
                0x000000000800aefc       0xa8 ./Drivers/STM32F7xx_HAL_Driver/Src/stm32f7xx_hal_i2c.o
 .text.I2C_RequestMemoryRead
                0x000000000800afa4       0xa8 ./Drivers/STM32F7xx_HAL_Driver/Src/stm32f7xx_hal_i2c.o
 .text.I2C_Flush_TXDR
                0x000000000800b04c       0x48 ./Drivers/STM32F7xx_HAL_Driver/Src/stm32f7xx_hal_i2c.o
 .text.I2C_WaitOnFlagUntilTimeout
                0x000000000800b094       0x80 ./Drivers/STM32F7xx_HAL_Driver/Src/stm32f7xx_hal_i2c.o
 .text.I2C_WaitOnTXISFlagUntilTimeout
                0x000000000800b114       0x80 ./Drivers/STM32F7xx_HAL_Driver/Src/stm32f7xx_hal_i2c.o
 .text.I2C_WaitOnSTOPFlagUntilTimeout
                0x000000000800b194       0x78 ./Drivers/STM32F7xx_HAL_Driver/Src/stm32f7xx_hal_i2c.o
 .text.I2C_IsErrorOccurred
                0x000000000800b20c      0x1c0 ./Drivers/STM32F7xx_HAL_Driver/Src/stm32f7xx_hal_i2c.o
 .text.I2C_TransferConfig
                0x000000000800b3cc       0x64 ./Drivers/STM32F7xx_HAL_Driver/Src/stm32f7xx_hal_i2c.o
 .text.HAL_I2CEx_ConfigAnalogFilter
                0x000000000800b430       0x96 ./Drivers/STM32F7xx_HAL_Driver/Src/stm32f7xx_hal_i2c_ex.o
                0x000000000800b430                HAL_I2CEx_ConfigAnalogFilter
 .text.HAL_I2CEx_ConfigDigitalFilter
                0x000000000800b4c6       0x98 ./Drivers/STM32F7xx_HAL_Driver/Src/stm32f7xx_hal_i2c_ex.o
                0x000000000800b4c6                HAL_I2CEx_ConfigDigitalFilter
 .text.HAL_PCD_Init
                0x000000000800b55e      0x248 ./Drivers/STM32F7xx_HAL_Driver/Src/stm32f7xx_hal_pcd.o
                0x000000000800b55e                HAL_PCD_Init
 *fill*         0x000000000800b7a6        0x2 
 .text.HAL_PCDEx_ActivateLPM
                0x000000000800b7a8       0x48 ./Drivers/STM32F7xx_HAL_Driver/Src/stm32f7xx_hal_pcd_ex.o
                0x000000000800b7a8                HAL_PCDEx_ActivateLPM
 .text.HAL_PWR_EnableBkUpAccess
                0x000000000800b7f0       0x20 ./Drivers/STM32F7xx_HAL_Driver/Src/stm32f7xx_hal_pwr.o
                0x000000000800b7f0                HAL_PWR_EnableBkUpAccess
 .text.HAL_RCC_OscConfig
                0x000000000800b810      0x548 ./Drivers/STM32F7xx_HAL_Driver/Src/stm32f7xx_hal_rcc.o
                0x000000000800b810                HAL_RCC_OscConfig
 .text.HAL_RCC_ClockConfig
                0x000000000800bd58      0x1d8 ./Drivers/STM32F7xx_HAL_Driver/Src/stm32f7xx_hal_rcc.o
                0x000000000800bd58                HAL_RCC_ClockConfig
 .text.HAL_RCC_GetSysClockFreq
                0x000000000800bf30      0x20c ./Drivers/STM32F7xx_HAL_Driver/Src/stm32f7xx_hal_rcc.o
                0x000000000800bf30                HAL_RCC_GetSysClockFreq
 .text.HAL_RCC_GetHCLKFreq
                0x000000000800c13c       0x18 ./Drivers/STM32F7xx_HAL_Driver/Src/stm32f7xx_hal_rcc.o
                0x000000000800c13c                HAL_RCC_GetHCLKFreq
 .text.HAL_RCC_GetPCLK1Freq
                0x000000000800c154       0x28 ./Drivers/STM32F7xx_HAL_Driver/Src/stm32f7xx_hal_rcc.o
                0x000000000800c154                HAL_RCC_GetPCLK1Freq
 .text.HAL_RCC_GetPCLK2Freq
                0x000000000800c17c       0x28 ./Drivers/STM32F7xx_HAL_Driver/Src/stm32f7xx_hal_rcc.o
                0x000000000800c17c                HAL_RCC_GetPCLK2Freq
 .text.HAL_RCCEx_PeriphCLKConfig
                0x000000000800c1a4      0x7e0 ./Drivers/STM32F7xx_HAL_Driver/Src/stm32f7xx_hal_rcc_ex.o
                0x000000000800c1a4                HAL_RCCEx_PeriphCLKConfig
 .text.HAL_UART_Init
                0x000000000800c984       0x9c ./Drivers/STM32F7xx_HAL_Driver/Src/stm32f7xx_hal_uart.o
                0x000000000800c984                HAL_UART_Init
 .text.HAL_UART_MspInit
                0x000000000800ca20       0x14 ./Drivers/STM32F7xx_HAL_Driver/Src/stm32f7xx_hal_uart.o
                0x000000000800ca20                HAL_UART_MspInit
 .text.HAL_UART_Transmit
                0x000000000800ca34      0x106 ./Drivers/STM32F7xx_HAL_Driver/Src/stm32f7xx_hal_uart.o
                0x000000000800ca34                HAL_UART_Transmit
 *fill*         0x000000000800cb3a        0x2 
 .text.UART_SetConfig
                0x000000000800cb3c      0x4c8 ./Drivers/STM32F7xx_HAL_Driver/Src/stm32f7xx_hal_uart.o
                0x000000000800cb3c                UART_SetConfig
 .text.UART_AdvFeatureConfig
                0x000000000800d004      0x144 ./Drivers/STM32F7xx_HAL_Driver/Src/stm32f7xx_hal_uart.o
                0x000000000800d004                UART_AdvFeatureConfig
 .text.UART_CheckIdleState
                0x000000000800d148       0x6e ./Drivers/STM32F7xx_HAL_Driver/Src/stm32f7xx_hal_uart.o
                0x000000000800d148                UART_CheckIdleState
 .text.UART_WaitOnFlagUntilTimeout
                0x000000000800d1b6      0x18c ./Drivers/STM32F7xx_HAL_Driver/Src/stm32f7xx_hal_uart.o
                0x000000000800d1b6                UART_WaitOnFlagUntilTimeout
 *fill*         0x000000000800d342        0x2 
 .text.USB_CoreInit
                0x000000000800d344       0xb0 ./Drivers/STM32F7xx_HAL_Driver/Src/stm32f7xx_ll_usb.o
                0x000000000800d344                USB_CoreInit
 .text.USB_DisableGlobalInt
                0x000000000800d3f4       0x22 ./Drivers/STM32F7xx_HAL_Driver/Src/stm32f7xx_ll_usb.o
                0x000000000800d3f4                USB_DisableGlobalInt
 .text.USB_SetCurrentMode
                0x000000000800d416       0x98 ./Drivers/STM32F7xx_HAL_Driver/Src/stm32f7xx_ll_usb.o
                0x000000000800d416                USB_SetCurrentMode
 *fill*         0x000000000800d4ae        0x2 
 .text.USB_DevInit
                0x000000000800d4b0      0x2bc ./Drivers/STM32F7xx_HAL_Driver/Src/stm32f7xx_ll_usb.o
                0x000000000800d4b0                USB_DevInit
 .text.USB_FlushTxFifo
                0x000000000800d76c       0x68 ./Drivers/STM32F7xx_HAL_Driver/Src/stm32f7xx_ll_usb.o
                0x000000000800d76c                USB_FlushTxFifo
 .text.USB_FlushRxFifo
                0x000000000800d7d4       0x60 ./Drivers/STM32F7xx_HAL_Driver/Src/stm32f7xx_ll_usb.o
                0x000000000800d7d4                USB_FlushRxFifo
 .text.USB_SetDevSpeed
                0x000000000800d834       0x32 ./Drivers/STM32F7xx_HAL_Driver/Src/stm32f7xx_ll_usb.o
                0x000000000800d834                USB_SetDevSpeed
 .text.USB_DevDisconnect
                0x000000000800d866       0x42 ./Drivers/STM32F7xx_HAL_Driver/Src/stm32f7xx_ll_usb.o
                0x000000000800d866                USB_DevDisconnect
 .text.USB_GetMode
                0x000000000800d8a8       0x1c ./Drivers/STM32F7xx_HAL_Driver/Src/stm32f7xx_ll_usb.o
                0x000000000800d8a8                USB_GetMode
 .text.USB_CoreReset
                0x000000000800d8c4       0x68 ./Drivers/STM32F7xx_HAL_Driver/Src/stm32f7xx_ll_usb.o
 .text.MX_MEMS_Init
                0x000000000800d92c        0xc ./MEMS/App/app_mems.o
                0x000000000800d92c                MX_MEMS_Init
 .text.MX_MEMS_Process
                0x000000000800d938        0xc ./MEMS/App/app_mems.o
                0x000000000800d938                MX_MEMS_Process
 .text.MX_IKS01A3_DataLogTerminal_Init
                0x000000000800d944      0x368 ./MEMS/App/app_mems.o
 .text.BSP_PB_Callback
                0x000000000800dcac       0x20 ./MEMS/App/app_mems.o
                0x000000000800dcac                BSP_PB_Callback
 .text.MX_IKS01A3_DataLogTerminal_Process
                0x000000000800dccc      0x118 ./MEMS/App/app_mems.o
 *fill*         0x000000000800dde4        0x4 
 .text.floatToInt
                0x000000000800dde8      0x114 ./MEMS/App/app_mems.o
 .text.Accelero_Sensor_Handler
                0x000000000800defc      0x168 ./MEMS/App/app_mems.o
 .text.Gyro_Sensor_Handler
                0x000000000800e064      0x168 ./MEMS/App/app_mems.o
 .text.Magneto_Sensor_Handler
                0x000000000800e1cc      0x168 ./MEMS/App/app_mems.o
 .text.Temp_Sensor_Handler
                0x000000000800e334      0x138 ./MEMS/App/app_mems.o
 .text.Press_Sensor_Handler
                0x000000000800e46c      0x124 ./MEMS/App/app_mems.o
 .text.Hum_Sensor_Handler
                0x000000000800e590      0x124 ./MEMS/App/app_mems.o
 .text.trunc    0x000000000800e6b4       0x64 c:/users/raphael.baumeler/stm32cubeide_1.10.1/stm32cubeide/plugins/com.st.stm32cube.ide.mcu.externaltools.gnu-tools-for-stm32.10.3-2021.10.win32_1.0.0.202111181127/tools/bin/../lib/gcc/arm-none-eabi/10.3.1/../../../../arm-none-eabi/lib/thumb/v7e-m+fp/hard\libm.a(lib_a-s_trunc.o)
                0x000000000800e6b4                trunc
 .text.pow      0x000000000800e718       0xe0 c:/users/raphael.baumeler/stm32cubeide_1.10.1/stm32cubeide/plugins/com.st.stm32cube.ide.mcu.externaltools.gnu-tools-for-stm32.10.3-2021.10.win32_1.0.0.202111181127/tools/bin/../lib/gcc/arm-none-eabi/10.3.1/../../../../arm-none-eabi/lib/thumb/v7e-m+fp/hard\libm.a(lib_a-w_pow.o)
                0x000000000800e718                pow
 .text.__ieee754_pow
                0x000000000800e7f8      0xa5c c:/users/raphael.baumeler/stm32cubeide_1.10.1/stm32cubeide/plugins/com.st.stm32cube.ide.mcu.externaltools.gnu-tools-for-stm32.10.3-2021.10.win32_1.0.0.202111181127/tools/bin/../lib/gcc/arm-none-eabi/10.3.1/../../../../arm-none-eabi/lib/thumb/v7e-m+fp/hard\libm.a(lib_a-e_pow.o)
                0x000000000800e7f8                __ieee754_pow
 .text.__ieee754_sqrt
                0x000000000800f254      0x164 c:/users/raphael.baumeler/stm32cubeide_1.10.1/stm32cubeide/plugins/com.st.stm32cube.ide.mcu.externaltools.gnu-tools-for-stm32.10.3-2021.10.win32_1.0.0.202111181127/tools/bin/../lib/gcc/arm-none-eabi/10.3.1/../../../../arm-none-eabi/lib/thumb/v7e-m+fp/hard\libm.a(lib_a-e_sqrt.o)
                0x000000000800f254                __ieee754_sqrt
 .text.with_errno
                0x000000000800f3b8       0x14 c:/users/raphael.baumeler/stm32cubeide_1.10.1/stm32cubeide/plugins/com.st.stm32cube.ide.mcu.externaltools.gnu-tools-for-stm32.10.3-2021.10.win32_1.0.0.202111181127/tools/bin/../lib/gcc/arm-none-eabi/10.3.1/../../../../arm-none-eabi/lib/thumb/v7e-m+fp/hard\libm.a(lib_a-math_err.o)
 .text.xflow    0x000000000800f3cc       0x28 c:/users/raphael.baumeler/stm32cubeide_1.10.1/stm32cubeide/plugins/com.st.stm32cube.ide.mcu.externaltools.gnu-tools-for-stm32.10.3-2021.10.win32_1.0.0.202111181127/tools/bin/../lib/gcc/arm-none-eabi/10.3.1/../../../../arm-none-eabi/lib/thumb/v7e-m+fp/hard\libm.a(lib_a-math_err.o)
 .text.__math_uflow
                0x000000000800f3f4       0x12 c:/users/raphael.baumeler/stm32cubeide_1.10.1/stm32cubeide/plugins/com.st.stm32cube.ide.mcu.externaltools.gnu-tools-for-stm32.10.3-2021.10.win32_1.0.0.202111181127/tools/bin/../lib/gcc/arm-none-eabi/10.3.1/../../../../arm-none-eabi/lib/thumb/v7e-m+fp/hard\libm.a(lib_a-math_err.o)
                0x000000000800f3f4                __math_uflow
 .text.__math_oflow
                0x000000000800f406       0x12 c:/users/raphael.baumeler/stm32cubeide_1.10.1/stm32cubeide/plugins/com.st.stm32cube.ide.mcu.externaltools.gnu-tools-for-stm32.10.3-2021.10.win32_1.0.0.202111181127/tools/bin/../lib/gcc/arm-none-eabi/10.3.1/../../../../arm-none-eabi/lib/thumb/v7e-m+fp/hard\libm.a(lib_a-math_err.o)
                0x000000000800f406                __math_oflow
 .text.fabs     0x000000000800f418       0x12 c:/users/raphael.baumeler/stm32cubeide_1.10.1/stm32cubeide/plugins/com.st.stm32cube.ide.mcu.externaltools.gnu-tools-for-stm32.10.3-2021.10.win32_1.0.0.202111181127/tools/bin/../lib/gcc/arm-none-eabi/10.3.1/../../../../arm-none-eabi/lib/thumb/v7e-m+fp/hard\libm.a(lib_a-s_fabs.o)
                0x000000000800f418                fabs
 .text.finite   0x000000000800f42a       0x16 c:/users/raphael.baumeler/stm32cubeide_1.10.1/stm32cubeide/plugins/com.st.stm32cube.ide.mcu.externaltools.gnu-tools-for-stm32.10.3-2021.10.win32_1.0.0.202111181127/tools/bin/../lib/gcc/arm-none-eabi/10.3.1/../../../../arm-none-eabi/lib/thumb/v7e-m+fp/hard\libm.a(lib_a-s_finite.o)
                0x000000000800f42a                finite
 .text.scalbn   0x000000000800f440      0x10c c:/users/raphael.baumeler/stm32cubeide_1.10.1/stm32cubeide/plugins/com.st.stm32cube.ide.mcu.externaltools.gnu-tools-for-stm32.10.3-2021.10.win32_1.0.0.202111181127/tools/bin/../lib/gcc/arm-none-eabi/10.3.1/../../../../arm-none-eabi/lib/thumb/v7e-m+fp/hard\libm.a(lib_a-s_scalbn.o)
                0x000000000800f440                scalbn
 .text.__errno  0x000000000800f54c        0xc c:/users/raphael.baumeler/stm32cubeide_1.10.1/stm32cubeide/plugins/com.st.stm32cube.ide.mcu.externaltools.gnu-tools-for-stm32.10.3-2021.10.win32_1.0.0.202111181127/tools/bin/../lib/gcc/arm-none-eabi/10.3.1/../../../../arm-none-eabi/lib/thumb/v7e-m+fp/hard\libc_nano.a(lib_a-errno.o)
                0x000000000800f54c                __errno
 .text.__libc_init_array
                0x000000000800f558       0x48 c:/users/raphael.baumeler/stm32cubeide_1.10.1/stm32cubeide/plugins/com.st.stm32cube.ide.mcu.externaltools.gnu-tools-for-stm32.10.3-2021.10.win32_1.0.0.202111181127/tools/bin/../lib/gcc/arm-none-eabi/10.3.1/../../../../arm-none-eabi/lib/thumb/v7e-m+fp/hard\libc_nano.a(lib_a-init.o)
                0x000000000800f558                __libc_init_array
 .text.memset   0x000000000800f5a0       0x10 c:/users/raphael.baumeler/stm32cubeide_1.10.1/stm32cubeide/plugins/com.st.stm32cube.ide.mcu.externaltools.gnu-tools-for-stm32.10.3-2021.10.win32_1.0.0.202111181127/tools/bin/../lib/gcc/arm-none-eabi/10.3.1/../../../../arm-none-eabi/lib/thumb/v7e-m+fp/hard\libc_nano.a(lib_a-memset.o)
                0x000000000800f5a0                memset
 .text.printf   0x000000000800f5b0       0x30 c:/users/raphael.baumeler/stm32cubeide_1.10.1/stm32cubeide/plugins/com.st.stm32cube.ide.mcu.externaltools.gnu-tools-for-stm32.10.3-2021.10.win32_1.0.0.202111181127/tools/bin/../lib/gcc/arm-none-eabi/10.3.1/../../../../arm-none-eabi/lib/thumb/v7e-m+fp/hard\libc_nano.a(lib_a-printf.o)
                0x000000000800f5b0                iprintf
                0x000000000800f5b0                printf
 .text.snprintf
                0x000000000800f5e0       0x68 c:/users/raphael.baumeler/stm32cubeide_1.10.1/stm32cubeide/plugins/com.st.stm32cube.ide.mcu.externaltools.gnu-tools-for-stm32.10.3-2021.10.win32_1.0.0.202111181127/tools/bin/../lib/gcc/arm-none-eabi/10.3.1/../../../../arm-none-eabi/lib/thumb/v7e-m+fp/hard\libc_nano.a(lib_a-snprintf.o)
                0x000000000800f5e0                sniprintf
                0x000000000800f5e0                snprintf
 .text.std      0x000000000800f648       0x48 c:/users/raphael.baumeler/stm32cubeide_1.10.1/stm32cubeide/plugins/com.st.stm32cube.ide.mcu.externaltools.gnu-tools-for-stm32.10.3-2021.10.win32_1.0.0.202111181127/tools/bin/../lib/gcc/arm-none-eabi/10.3.1/../../../../arm-none-eabi/lib/thumb/v7e-m+fp/hard\libc_nano.a(lib_a-findfp.o)
 .text._cleanup_r
                0x000000000800f690        0xc c:/users/raphael.baumeler/stm32cubeide_1.10.1/stm32cubeide/plugins/com.st.stm32cube.ide.mcu.externaltools.gnu-tools-for-stm32.10.3-2021.10.win32_1.0.0.202111181127/tools/bin/../lib/gcc/arm-none-eabi/10.3.1/../../../../arm-none-eabi/lib/thumb/v7e-m+fp/hard\libc_nano.a(lib_a-findfp.o)
                0x000000000800f690                _cleanup_r
 .text.__sfmoreglue
                0x000000000800f69c       0x2c c:/users/raphael.baumeler/stm32cubeide_1.10.1/stm32cubeide/plugins/com.st.stm32cube.ide.mcu.externaltools.gnu-tools-for-stm32.10.3-2021.10.win32_1.0.0.202111181127/tools/bin/../lib/gcc/arm-none-eabi/10.3.1/../../../../arm-none-eabi/lib/thumb/v7e-m+fp/hard\libc_nano.a(lib_a-findfp.o)
                0x000000000800f69c                __sfmoreglue
 .text.__sfp_lock_acquire
                0x000000000800f6c8        0xc c:/users/raphael.baumeler/stm32cubeide_1.10.1/stm32cubeide/plugins/com.st.stm32cube.ide.mcu.externaltools.gnu-tools-for-stm32.10.3-2021.10.win32_1.0.0.202111181127/tools/bin/../lib/gcc/arm-none-eabi/10.3.1/../../../../arm-none-eabi/lib/thumb/v7e-m+fp/hard\libc_nano.a(lib_a-findfp.o)
                0x000000000800f6c8                __sfp_lock_acquire
 .text.__sfp_lock_release
                0x000000000800f6d4        0xc c:/users/raphael.baumeler/stm32cubeide_1.10.1/stm32cubeide/plugins/com.st.stm32cube.ide.mcu.externaltools.gnu-tools-for-stm32.10.3-2021.10.win32_1.0.0.202111181127/tools/bin/../lib/gcc/arm-none-eabi/10.3.1/../../../../arm-none-eabi/lib/thumb/v7e-m+fp/hard\libc_nano.a(lib_a-findfp.o)
                0x000000000800f6d4                __sfp_lock_release
 .text.__sinit_lock_acquire
                0x000000000800f6e0        0xc c:/users/raphael.baumeler/stm32cubeide_1.10.1/stm32cubeide/plugins/com.st.stm32cube.ide.mcu.externaltools.gnu-tools-for-stm32.10.3-2021.10.win32_1.0.0.202111181127/tools/bin/../lib/gcc/arm-none-eabi/10.3.1/../../../../arm-none-eabi/lib/thumb/v7e-m+fp/hard\libc_nano.a(lib_a-findfp.o)
                0x000000000800f6e0                __sinit_lock_acquire
 .text.__sinit_lock_release