../MEMS/App/app_mems.c:62:6:MX_MEMS_Init	8	static
../MEMS/App/app_mems.c:83:6:MX_MEMS_Process	8	static
../MEMS/App/app_mems.c:100:6:MX_IKS01A3_DataLogTerminal_Init	48	static
../MEMS/App/app_mems.c:176:6:BSP_PB_Callback	16	static
../MEMS/App/app_mems.c:185:6:MX_IKS01A3_DataLogTerminal_Process	16	static
../MEMS/App/app_mems.c:248:13:floatToInt	32	static
../MEMS/App/app_mems.c:270:13:Accelero_Sensor_Handler	88	static
../MEMS/App/app_mems.c:334:13:Gyro_Sensor_Handler	88	static
../MEMS/App/app_mems.c:398:13:Magneto_Sensor_Handler	88	static
../MEMS/App/app_mems.c:462:13:Temp_Sensor_Handler	56	static
../MEMS/App/app_mems.c:515:13:Press_Sensor_Handler	48	static
../MEMS/App/app_mems.c:568:13:Hum_Sensor_Handler	48	static
