Archive member included to satisfy reference by file (symbol)

c:/users/raphael.baumeler/stm32cubeide_1.10.1/stm32cubeide/plugins/com.st.stm32cube.ide.mcu.externaltools.gnu-tools-for-stm32.10.3-2021.10.win32_1.0.0.202111181127/tools/bin/../lib/gcc/arm-none-eabi/10.3.1/../../../../arm-none-eabi/lib/thumb/v7e-m+fp/hard\libc_nano.a(lib_a-errno.o)
                              ./Core/Src/syscalls.o (__errno)
c:/users/raphael.baumeler/stm32cubeide_1.10.1/stm32cubeide/plugins/com.st.stm32cube.ide.mcu.externaltools.gnu-tools-for-stm32.10.3-2021.10.win32_1.0.0.202111181127/tools/bin/../lib/gcc/arm-none-eabi/10.3.1/../../../../arm-none-eabi/lib/thumb/v7e-m+fp/hard\libc_nano.a(lib_a-exit.o)
                              c:/users/raphael.baumeler/stm32cubeide_1.10.1/stm32cubeide/plugins/com.st.stm32cube.ide.mcu.externaltools.gnu-tools-for-stm32.10.3-2021.10.win32_1.0.0.202111181127/tools/bin/../lib/gcc/arm-none-eabi/10.3.1/../../../../arm-none-eabi/lib/thumb/v7e-m+fp/hard/crt0.o (exit)
c:/users/raphael.baumeler/stm32cubeide_1.10.1/stm32cubeide/plugins/com.st.stm32cube.ide.mcu.externaltools.gnu-tools-for-stm32.10.3-2021.10.win32_1.0.0.202111181127/tools/bin/../lib/gcc/arm-none-eabi/10.3.1/../../../../arm-none-eabi/lib/thumb/v7e-m+fp/hard\libc_nano.a(lib_a-impure.o)
                              c:/users/raphael.baumeler/stm32cubeide_1.10.1/stm32cubeide/plugins/com.st.stm32cube.ide.mcu.externaltools.gnu-tools-for-stm32.10.3-2021.10.win32_1.0.0.202111181127/tools/bin/../lib/gcc/arm-none-eabi/10.3.1/../../../../arm-none-eabi/lib/thumb/v7e-m+fp/hard\libc_nano.a(lib_a-exit.o) (_global_impure_ptr)
c:/users/raphael.baumeler/stm32cubeide_1.10.1/stm32cubeide/plugins/com.st.stm32cube.ide.mcu.externaltools.gnu-tools-for-stm32.10.3-2021.10.win32_1.0.0.202111181127/tools/bin/../lib/gcc/arm-none-eabi/10.3.1/../../../../arm-none-eabi/lib/thumb/v7e-m+fp/hard\libc_nano.a(lib_a-init.o)
                              c:/users/raphael.baumeler/stm32cubeide_1.10.1/stm32cubeide/plugins/com.st.stm32cube.ide.mcu.externaltools.gnu-tools-for-stm32.10.3-2021.10.win32_1.0.0.202111181127/tools/bin/../lib/gcc/arm-none-eabi/10.3.1/../../../../arm-none-eabi/lib/thumb/v7e-m+fp/hard/crt0.o (__libc_init_array)
c:/users/raphael.baumeler/stm32cubeide_1.10.1/stm32cubeide/plugins/com.st.stm32cube.ide.mcu.externaltools.gnu-tools-for-stm32.10.3-2021.10.win32_1.0.0.202111181127/tools/bin/../lib/gcc/arm-none-eabi/10.3.1/../../../../arm-none-eabi/lib/thumb/v7e-m+fp/hard\libc_nano.a(lib_a-memset.o)
                              c:/users/raphael.baumeler/stm32cubeide_1.10.1/stm32cubeide/plugins/com.st.stm32cube.ide.mcu.externaltools.gnu-tools-for-stm32.10.3-2021.10.win32_1.0.0.202111181127/tools/bin/../lib/gcc/arm-none-eabi/10.3.1/../../../../arm-none-eabi/lib/thumb/v7e-m+fp/hard/crt0.o (memset)
c:/users/raphael.baumeler/stm32cubeide_1.10.1/stm32cubeide/plugins/com.st.stm32cube.ide.mcu.externaltools.gnu-tools-for-stm32.10.3-2021.10.win32_1.0.0.202111181127/tools/bin/../lib/gcc/arm-none-eabi/10.3.1/../../../../arm-none-eabi/lib/thumb/v7e-m+fp/hard\libc_nano.a(lib_a-nano-vfprintf_float.o)
                              (_printf_float)
c:/users/raphael.baumeler/stm32cubeide_1.10.1/stm32cubeide/plugins/com.st.stm32cube.ide.mcu.externaltools.gnu-tools-for-stm32.10.3-2021.10.win32_1.0.0.202111181127/tools/bin/../lib/gcc/arm-none-eabi/10.3.1/../../../../arm-none-eabi/lib/thumb/v7e-m+fp/hard\libc_nano.a(lib_a-nano-vfprintf_i.o)
                              c:/users/raphael.baumeler/stm32cubeide_1.10.1/stm32cubeide/plugins/com.st.stm32cube.ide.mcu.externaltools.gnu-tools-for-stm32.10.3-2021.10.win32_1.0.0.202111181127/tools/bin/../lib/gcc/arm-none-eabi/10.3.1/../../../../arm-none-eabi/lib/thumb/v7e-m+fp/hard\libc_nano.a(lib_a-nano-vfprintf_float.o) (_printf_common)
c:/users/raphael.baumeler/stm32cubeide_1.10.1/stm32cubeide/plugins/com.st.stm32cube.ide.mcu.externaltools.gnu-tools-for-stm32.10.3-2021.10.win32_1.0.0.202111181127/tools/bin/../lib/gcc/arm-none-eabi/10.3.1/../../../../arm-none-eabi/lib/thumb/v7e-m+fp/hard\libc_nano.a(lib_a-printf.o)
                              ./Core/Src/main.o (printf)
c:/users/raphael.baumeler/stm32cubeide_1.10.1/stm32cubeide/plugins/com.st.stm32cube.ide.mcu.externaltools.gnu-tools-for-stm32.10.3-2021.10.win32_1.0.0.202111181127/tools/bin/../lib/gcc/arm-none-eabi/10.3.1/../../../../arm-none-eabi/lib/thumb/v7e-m+fp/hard\libc_nano.a(lib_a-snprintf.o)
                              ./Core/Src/main.o (snprintf)
c:/users/raphael.baumeler/stm32cubeide_1.10.1/stm32cubeide/plugins/com.st.stm32cube.ide.mcu.externaltools.gnu-tools-for-stm32.10.3-2021.10.win32_1.0.0.202111181127/tools/bin/../lib/gcc/arm-none-eabi/10.3.1/../../../../arm-none-eabi/lib/thumb/v7e-m+fp/hard\libc_nano.a(lib_a-strlen.o)
[...]
Memory Configuration

Name             Origin             Length             Attributes
RAM              0x0000000020000000 0x0000000000050000 xrw
FLASH            0x0000000008000000 0x0000000000100000 xr
*default*        0x0000000000000000 0xffffffffffffffff

Linker script and memory map

LOAD c:/users/raphael.baumeler/stm32cubeide_1.10.1/stm32cubeide/plugins/com.st.stm32cube.ide.mcu.externaltools.gnu-tools-for-stm32.10.3-2021.10.win32_1.0.0.202111181127/tools/bin/../lib/gcc/arm-none-eabi/10.3.1/thumb/v7e-m+fp/hard/crti.o
LOAD c:/users/raphael.baumeler/stm32cubeide_1.10.1/stm32cubeide/plugins/com.st.stm32cube.ide.mcu.externaltools.gnu-tools-for-stm32.10.3-2021.10.win32_1.0.0.202111181127/tools/bin/../lib/gcc/arm-none-eabi/10.3.1/thumb/v7e-m+fp/hard/crtbegin.o
LOAD c:/users/raphael.baumeler/stm32cubeide_1.10.1/stm32cubeide/plugins/com.st.stm32cube.ide.mcu.externaltools.gnu-tools-for-stm32.10.3-2021.10.win32_1.0.0.202111181127/tools/bin/../lib/gcc/arm-none-eabi/10.3.1/../../../../arm-none-eabi/lib/thumb/v7e-m+fp/hard/crt0.o
LOAD ./Core/Src/main.o
LOAD ./Core/Src/stm32f7xx_hal_msp.o
LOAD ./Core/Src/stm32f7xx_it.o
LOAD ./Core/Src/stm32f7xx_nucleo_bus.o
LOAD ./Core/Src/syscalls.o
LOAD ./Core/Src/sysmem.o
LOAD ./Core/Src/system_stm32f7xx.o
LOAD ./Core/Startup/startup_stm32f746zgtx.o
LOAD ./Drivers/BSP/Components/hts221/hts221.o
LOAD ./Drivers/BSP/Components/hts221/hts221_reg.o
LOAD ./Drivers/BSP/Components/lis2dw12/lis2dw12.o
LOAD ./Drivers/BSP/Components/lis2dw12/lis2dw12_reg.o
LOAD ./Drivers/BSP/Components/lis2mdl/lis2mdl.o
LOAD ./Drivers/BSP/Components/lis2mdl/lis2mdl_reg.o
LOAD ./Drivers/BSP/Components/lps22hh/lps22hh.o
LOAD ./Drivers/BSP/Components/lps22hh/lps22hh_reg.o
LOAD ./Drivers/BSP/Components/lsm6dso/lsm6dso.o
LOAD ./Drivers/BSP/Components/lsm6dso/lsm6dso_reg.o
LOAD ./Drivers/BSP/Components/stts751/stts751.o
LOAD ./Drivers/BSP/Components/stts751/stts751_reg.o
LOAD ./Drivers/BSP/IKS01A3/iks01a3_env_sensors.o
LOAD ./Drivers/BSP/IKS01A3/iks01a3_env_sensors_ex.o
LOAD ./Drivers/BSP/IKS01A3/iks01a3_motion_sensors.o
LOAD ./Drivers/BSP/IKS01A3/iks01a3_motion_sensors_ex.o
LOAD ./Drivers/BSP/STM32F7xx_Nucleo/stm32f7xx_nucleo.o
LOAD ./Drivers/STM32F7xx_HAL_Driver/Src/stm32f7xx_hal.o
LOAD ./Drivers/STM32F7xx_HAL_Driver/Src/stm32f7xx_hal_cortex.o
LOAD ./Drivers/STM32F7xx_HAL_Driver/Src/stm32f7xx_hal_dma.o
LOAD ./Drivers/STM32F7xx_HAL_Driver/Src/stm32f7xx_hal_dma_ex.o
LOAD ./Drivers/STM32F7xx_HAL_Driver/Src/stm32f7xx_hal_eth.o
LOAD ./Drivers/STM32F7xx_HAL_Driver/Src/stm32f7xx_hal_exti.o
LOAD ./Drivers/STM32F7xx_HAL_Driver/Src/stm32f7xx_hal_flash.o
LOAD ./Drivers/STM32F7xx_HAL_Driver/Src/stm32f7xx_hal_flash_ex.o
LOAD ./Drivers/STM32F7xx_HAL_Driver/Src/stm32f7xx_hal_gpio.o
LOAD ./Drivers/STM32F7xx_HAL_Driver/Src/stm32f7xx_hal_i2c.o
LOAD ./Drivers/STM32F7xx_HAL_Driver/Src/stm32f7xx_hal_i2c_ex.o
LOAD ./Drivers/STM32F7xx_HAL_Driver/Src/stm32f7xx_hal_pcd.o
LOAD ./Drivers/STM32F7xx_HAL_Driver/Src/stm32f7xx_hal_pcd_ex.o
LOAD ./Drivers/STM32F7xx_HAL_Driver/Src/stm32f7xx_hal_pwr.o
LOAD ./Drivers/STM32F7xx_HAL_Driver/Src/stm32f7xx_hal_pwr_ex.o
LOAD ./Drivers/STM32F7xx_HAL_Driver/Src/stm32f7xx_hal_rcc.o
LOAD ./Drivers/STM32F7xx_HAL_Driver/Src/stm32f7xx_hal_rcc_ex.o
LOAD ./Drivers/STM32F7xx_HAL_Driver/Src/stm32f7xx_hal_tim.o
LOAD ./Drivers/STM32F7xx_HAL_Driver/Src/stm32f7xx_hal_tim_ex.o
LOAD ./Drivers/STM32F7xx_HAL_Driver/Src/stm32f7xx_hal_uart.o
LOAD ./Drivers/STM32F7xx_HAL_Driver/Src/stm32f7xx_hal_uart_ex.o
LOAD ./Drivers/STM32F7xx_HAL_Driver/Src/stm32f7xx_ll_usb.o
LOAD ./MEMS/App/app_mems.o
START GROUP
LOAD c:/users/raphael.baumeler/stm32cubeide_1.10.1/stm32cubeide/plugins/com.st.stm32cube.ide.mcu.externaltools.gnu-tools-for-stm32.10.3-2021.10.win32_1.0.0.202111181127/tools/bin/../lib/gcc/arm-none-eabi/10.3.1/../../../../arm-none-eabi/lib/thumb/v7e-m+fp/hard\libstdc++_nano.a
LOAD c:/users/raphael.baumeler/stm32cubeide_1.10.1/stm32cubeide/plugins/com.st.stm32cube.ide.mcu.externaltools.gnu-tools-for-stm32.10.3-2021.10.win32_1.0.0.202111181127/tools/bin/../lib/gcc/arm-none-eabi/10.3.1/../../../../arm-none-eabi/lib/thumb/v7e-m+fp/hard\libsupc++_nano.a
END GROUP
LOAD c:/users/raphael.baumeler/stm32cubeide_1.10.1/stm32cubeide/plugins/com.st.stm32cube.ide.mcu.externaltools.gnu-tools-for-stm32.10.3-2021.10.win32_1.0.0.202111181127/tools/bin/../lib/gcc/arm-none-eabi/10.3.1/../../../../arm-none-eabi/lib/thumb/v7e-m+fp/hard\libstdc++_nano.a
LOAD c:/users/raphael.baumeler/stm32cubeide_1.10.1/stm32cubeide/plugins/com.st.stm32cube.ide.mcu.externaltools.gnu-tools-for-stm32.10.3-2021.10.win32_1.0.0.202111181127/tools/bin/../lib/gcc/arm-none-eabi/10.3.1/../../../../arm-none-eabi/lib/thumb/v7e-m+fp/hard\libm.a
LOAD c:/users/raphael.baumeler/stm32cubeide_1.10.1/stm32cubeide/plugins/com.st.stm32cube.ide.mcu.externaltools.gnu-tools-for-stm32.10.3-2021.10.win32_1.0.0.202111181127/tools/bin/../lib/gcc/arm-none-eabi/10.3.1/../../../../arm-none-eabi/lib/thumb/v7e-m+fp/hard\libc_nano.a
START GROUP
LOAD c:/users/raphael.baumeler/stm32cubeide_1.10.1/stm32cubeide/plugins/com.st.stm32cube.ide.mcu.externaltools.gnu-tools-for-stm32.10.3-2021.10.win32_1.0.0.202111181127/tools/bin/../lib/gcc/arm-none-eabi/10.3.1/thumb/v7e-m+fp/hard\libgcc.a
LOAD c:/users/raphael.baumeler/stm32cubeide_1.10.1/stm32cubeide/plugins/com.st.stm32cube.ide.mcu.externaltools.gnu-tools-for-stm32.10.3-2021.10.win32_1.0.0.202111181127/tools/bin/../lib/gcc/arm-none-eabi/10.3.1/../../../../arm-none-eabi/lib/thumb/v7e-m+fp/hard\libc_nano.a
END GROUP
START GROUP
LOAD c:/users/raphael.baumeler/stm32cubeide_1.10.1/stm32cubeide/plugins/com.st.stm32cube.ide.mcu.externaltools.gnu-tools-for-stm32.10.3-2021.10.win32_1.0.0.202111181127/tools/bin/../lib/gcc/arm-none-eabi/10.3.1/thumb/v7e-m+fp/hard\libgcc.a
LOAD c:/users/raphael.baumeler/stm32cubeide_1.10.1/stm32cubeide/plugins/com.st.stm32cube.ide.mcu.externaltools.gnu-tools-for-stm32.10.3-2021.10.win32_1.0.0.202111181127/tools/bin/../lib/gcc/arm-none-eabi/10.3.1/../../../../arm-none-eabi/lib/thumb/v7e-m+fp/hard\libc_nano.a
LOAD c:/users/raphael.baumeler/stm32cubeide_1.10.1/stm32cubeide/plugins/com.st.stm32cube.ide.mcu.externaltools.gnu-tools-for-stm32.10.3-2021.10.win32_1.0.0.202111181127/tools/bin/../lib/gcc/arm-none-eabi/10.3.1/../../../../arm-none-eabi/lib/thumb/v7e-m+fp/hard\libnosys.a
END GROUP
START GROUP
LOAD c:/users/raphael.baumeler/stm32cubeide_1.10.1/stm32cubeide/plugins/com.st.stm32cube.ide.mcu.externaltools.gnu-tools-for-stm32.10.3-2021.10.win32_1.0.0.202111181127/tools/bin/../lib/gcc/arm-none-eabi/10.3.1/thumb/v7e-m+fp/hard\libgcc.a
LOAD c:/users/raphael.baumeler/stm32cubeide_1.10.1/stm32cubeide/plugins/com.st.stm32cube.ide.mcu.externaltools.gnu-tools-for-stm32.10.3-2021.10.win32_1.0.0.202111181127/tools/bin/../lib/gcc/arm-none-eabi/10.3.1/../../../../arm-none-eabi/lib/thumb/v7e-m+fp/hard\libc_nano.a
LOAD c:/users/raphael.baumeler/stm32cubeide_1.10.1/stm32cubeide/plugins/com.st.stm32cube.ide.mcu.externaltools.gnu-tools-for-stm32.10.3-2021.10.win32_1.0.0.202111181127/tools/bin/../lib/gcc/arm-none-eabi/10.3.1/../../../../arm-none-eabi/lib/thumb/v7e-m+fp/hard\libnosys.a
END GROUP
LOAD c:/users/raphael.baumeler/stm32cubeide_1.10.1/stm32cubeide/plugins/com.st.stm32cube.ide.mcu.externaltools.gnu-tools-for-stm32.10.3-2021.10.win32_1.0.0.202111181127/tools/bin/../lib/gcc/arm-none-eabi/10.3.1/thumb/v7e-m+fp/hard/crtend.o
LOAD c:/users/raphael.baumeler/stm32cubeide_1.10.1/stm32cubeide/plugins/com.st.stm32cube.ide.mcu.externaltools.gnu-tools-for-stm32.10.3-2021.10.win32_1.0.0.202111181127/tools/bin/../lib/gcc/arm-none-eabi/10.3.1/thumb/v7e-m+fp/hard/crtn.o
                0x0000000020050000                _estack = (ORIGIN (RAM) + LENGTH (RAM))
                0x0000000000000200                _Min_Heap_Size = 0x200
                0x0000000000000400                _Min_Stack_Size = 0x400

.isr_vector     0x0000000008000000      0x1c8
                0x0000000008000000                . = ALIGN (0x4)
 *(.isr_vector)
 .isr_vector    0x0000000008000000      0x1c8 ./Core/Startup/startup_stm32f746zgtx.o
                0x0000000008000000                g_pfnVectors
                0x00000000080001c8                . = ALIGN (0x4)

.text           0x00000000080001d0     0xe48c
                0x00000000080001d0                . = ALIGN (0x4)
 *(.text)
 .text          0x00000000080001d0       0x40 c:/users/raphael.baumeler/stm32cubeide_1.10.1/stm32cubeide/plugins/com.st.stm32cube.ide.mcu.externaltools.gnu-tools-for-stm32.10.3-2021.10.win32_1.0.0.202111181127/tools/bin/../lib/gcc/arm-none-eabi/10.3.1/thumb/v7e-m+fp/hard/crtbegin.o
 .text          0x0000000008000210       0x10 c:/users/raphael.baumeler/stm32cubeide_1.10.1/stm32cubeide/plugins/com.st.stm32cube.ide.mcu.externaltools.gnu-tools-for-stm32.10.3-2021.10.win32_1.0.0.202111181127/tools/bin/../lib/gcc/arm-none-eabi/10.3.1/../../../../arm-none-eabi/lib/thumb/v7e-m+fp/hard\libc_nano.a(lib_a-strlen.o)
                0x0000000008000210                strlen
 .text          0x0000000008000220       0xa0 c:/users/raphael.baumeler/stm32cubeide_1.10.1/stm32cubeide/plugins/com.st.stm32cube.ide.mcu.externaltools.gnu-tools-for-stm32.10.3-2021.10.win32_1.0.0.202111181127/tools/bin/../lib/gcc/arm-none-eabi/10.3.1/../../../../arm-none-eabi/lib/thumb/v7e-m+fp/hard\libc_nano.a(lib_a-memchr.o)
                0x0000000008000220                memchr
 .text          0x00000000080002c0      0x378 c:/users/raphael.baumeler/stm32cubeide_1.10.1/stm32cubeide/plugins/com.st.stm32cube.ide.mcu.externaltools.gnu-tools-for-stm32.10.3-2021.10.win32_1.0.0.202111181127/tools/bin/../lib/gcc/arm-none-eabi/10.3.1/thumb/v7e-m+fp/hard\libgcc.a(_arm_addsubdf3.o)
                0x00000000080002c0                __aeabi_drsub
                0x00000000080002c8                __aeabi_dsub
                0x00000000080002c8                __subdf3
                0x00000000080002cc                __aeabi_dadd
                0x00000000080002cc                __adddf3
                0x0000000008000544                __floatunsidf
                0x0000000008000544                __aeabi_ui2d
                0x0000000008000564                __floatsidf
                0x0000000008000564                __aeabi_i2d
                0x0000000008000588                __aeabi_f2d
                0x0000000008000588                __extendsfdf2
                0x00000000080005cc                __floatundidf
                0x00000000080005cc                __aeabi_ul2d
                0x00000000080005dc                __floatdidf
                0x00000000080005dc                __aeabi_l2d
 .text          0x0000000008000638      0x424 c:/users/raphael.baumeler/stm32cubeide_1.10.1/stm32cubeide/plugins/com.st.stm32cube.ide.mcu.externaltools.gnu-tools-for-stm32.10.3-2021.10.win32_1.0.0.202111181127/tools/bin/../lib/gcc/arm-none-eabi/10.3.1/thumb/v7e-m+fp/hard\libgcc.a(_arm_muldivdf3.o)
                0x0000000008000638                __aeabi_dmul
                0x0000000008000638                __muldf3
                0x000000000800088c                __divdf3
                0x000000000800088c                __aeabi_ddiv
 .text          0x0000000008000a5c      0x110 c:/users/raphael.baumeler/stm32cubeide_1.10.1/stm32cubeide/plugins/com.st.stm32cube.ide.mcu.externaltools.gnu-tools-for-stm32.10.3-2021.10.win32_1.0.0.202111181127/tools/bin/../lib/gcc/arm-none-eabi/10.3.1/thumb/v7e-m+fp/hard\libgcc.a(_arm_cmpdf2.o)
                0x0000000008000a5c                __gtdf2
                0x0000000008000a5c                __gedf2
                0x0000000008000a64                __ltdf2
                0x0000000008000a64                __ledf2
                0x0000000008000a6c                __nedf2
                0x0000000008000a6c                __eqdf2
                0x0000000008000a6c                __cmpdf2
                0x0000000008000ae8                __aeabi_cdrcmple
                0x0000000008000af8                __aeabi_cdcmpeq
                0x0000000008000af8                __aeabi_cdcmple
                0x0000000008000b08                __aeabi_dcmpeq
                0x0000000008000b1c                __aeabi_dcmplt
                0x0000000008000b30                __aeabi_dcmple
                0x0000000008000b44                __aeabi_dcmpge
                0x0000000008000b58                __aeabi_dcmpgt
 .text          0x0000000008000b6c       0x2c c:/users/raphael.baumeler/stm32cubeide_1.10.1/stm32cubeide/plugins/com.st.stm32cube.ide.mcu.externaltools.gnu-tools-for-stm32.10.3-2021.10.win32_1.0.0.202111181127/tools/bin/../lib/gcc/arm-none-eabi/10.3.1/thumb/v7e-m+fp/hard\libgcc.a(_arm_unorddf2.o)
                0x0000000008000b6c                __unorddf2
                0x0000000008000b6c                __aeabi_dcmpun
 .text          0x0000000008000b98       0x50 c:/users/raphael.baumeler/stm32cubeide_1.10.1/stm32cubeide/plugins/com.st.stm32cube.ide.mcu.externaltools.gnu-tools-for-stm32.10.3-2021.10.win32_1.0.0.202111181127/tools/bin/../lib/gcc/arm-none-eabi/10.3.1/thumb/v7e-m+fp/hard\libgcc.a(_arm_fixdfsi.o)
                0x0000000008000b98                __aeabi_d2iz
                0x0000000008000b98                __fixdfsi
 .text          0x0000000008000be8       0xa0 c:/users/raphael.baumeler/stm32cubeide_1.10.1/stm32cubeide/plugins/com.st.stm32cube.ide.mcu.externaltools.gnu-tools-for-stm32.10.3-2021.10.win32_1.0.0.202111181127/tools/bin/../lib/gcc/arm-none-eabi/10.3.1/thumb/v7e-m+fp/hard\libgcc.a(_arm_truncdfsf2.o)
                0x0000000008000be8                __truncdfsf2
                0x0000000008000be8                __aeabi_d2f
 .text          0x0000000008000c88       0x30 c:/users/raphael.baumeler/stm32cubeide_1.10.1/stm32cubeide/plugins/com.st.stm32cube.ide.mcu.externaltools.gnu-tools-for-stm32.10.3-2021.10.win32_1.0.0.202111181127/tools/bin/../lib/gcc/arm-none-eabi/10.3.1/thumb/v7e-m+fp/hard\libgcc.a(_aeabi_uldivmod.o)
                0x0000000008000c88                __aeabi_uldivmod
 .text          0x0000000008000cb8      0x2d0 c:/users/raphael.baumeler/stm32cubeide_1.10.1/stm32cubeide/plugins/com.st.stm32cube.ide.mcu.externaltools.gnu-tools-for-stm32.10.3-2021.10.win32_1.0.0.202111181127/tools/bin/../lib/gcc/arm-none-eabi/10.3.1/thumb/v7e-m+fp/hard\libgcc.a(_udivmoddi4.o)
                0x0000000008000cb8                __udivmoddi4
 .text          0x0000000008000f88        0x4 c:/users/raphael.baumeler/stm32cubeide_1.10.1/stm32cubeide/plugins/com.st.stm32cube.ide.mcu.externaltools.gnu-tools-for-stm32.10.3-2021.10.win32_1.0.0.202111181127/tools/bin/../lib/gcc/arm-none-eabi/10.3.1/thumb/v7e-m+fp/hard\libgcc.a(_dvmd_tls.o)
                0x0000000008000f88                __aeabi_idiv0
                0x0000000008000f88                __aeabi_ldiv0
 *(.text*)
 .text.main     0x0000000008000f8c       0x78 ./Core/Src/main.o
                0x0000000008000f8c                main
 .text.SystemClock_Config
                0x0000000008001004       0xd0 ./Core/Src/main.o
                0x0000000008001004                SystemClock_Config
 .text.MX_ETH_Init
                0x00000000080010d4       0x9c ./Core/Src/main.o
 .text.MX_USB_OTG_FS_PCD_Init
                0x0000000008001170       0x5c ./Core/Src/main.o
 .text.MX_GPIO_Init
                0x00000000080011cc      0x134 ./Core/Src/main.o
 .text.Accelometer_GetData
                0x0000000008001300      0x554 ./Core/Src/main.o
 .text.LIS2DW12_X_Get_Data
                0x0000000008001854       0x48 ./Core/Src/main.o
 .text.Error_Handler
                0x000000000800189c        0xa ./Core/Src/main.o
                0x000000000800189c                Error_Handler
 *fill*         0x00000000080018a6        0x2 
 .text.HAL_MspInit
                0x00000000080018a8       0x48 ./Core/Src/stm32f7xx_hal_msp.o
                0x00000000080018a8                HAL_MspInit
 .text.HAL_ETH_MspInit
                0x00000000080018f0      0x170 ./Core/Src/stm32f7xx_hal_msp.o
                0x00000000080018f0                HAL_ETH_MspInit
 .text.HAL_PCD_MspInit
                0x0000000008001a60       0xf4 ./Core/Src/stm32f7xx_hal_msp.o
                0x0000000008001a60                HAL_PCD_MspInit
 .text.NMI_Handler
                0x0000000008001b54        0x6 ./Core/Src/stm32f7xx_it.o
                0x0000000008001b54                NMI_Handler
 .text.HardFault_Handler
                0x0000000008001b5a        0x6 ./Core/Src/stm32f7xx_it.o
                0x0000000008001b5a                HardFault_Handler
 .text.MemManage_Handler
                0x0000000008001b60        0x6 ./Core/Src/stm32f7xx_it.o
                0x0000000008001b60                MemManage_Handler
 .text.BusFault_Handler
                0x0000000008001b66        0x6 ./Core/Src/stm32f7xx_it.o
                0x0000000008001b66                BusFault_Handler
 .text.UsageFault_Handler
                0x0000000008001b6c        0x6 ./Core/Src/stm32f7xx_it.o
                0x0000000008001b6c                UsageFault_Handler
 .text.SVC_Handler
                0x0000000008001b72        0xe ./Core/Src/stm32f7xx_it.o
                0x0000000008001b72                SVC_Handler
 .text.DebugMon_Handler
                0x0000000008001b80        0xe ./Core/Src/stm32f7xx_it.o
                0x0000000008001b80                DebugMon_Handler
 .text.PendSV_Handler
                0x0000000008001b8e        0xe ./Core/Src/stm32f7xx_it.o
                0x0000000008001b8e                PendSV_Handler
 .text.SysTick_Handler
                0x0000000008001b9c        0xc ./Core/Src/stm32f7xx_it.o
                0x0000000008001b9c                SysTick_Handler
 .text.EXTI15_10_IRQHandler
                0x0000000008001ba8       0x14 ./Core/Src/stm32f7xx_it.o
                0x0000000008001ba8                EXTI15_10_IRQHandler
 .text.BSP_I2C1_Init
                0x0000000008001bbc       0x7c ./Core/Src/stm32f7xx_nucleo_bus.o
                0x0000000008001bbc                BSP_I2C1_Init
 .text.BSP_I2C1_DeInit
                0x0000000008001c38       0x50 ./Core/Src/stm32f7xx_nucleo_bus.o
                0x0000000008001c38                BSP_I2C1_DeInit
 .text.BSP_I2C1_WriteReg
                0x0000000008001c88       0x64 ./Core/Src/stm32f7xx_nucleo_bus.o
                0x0000000008001c88                BSP_I2C1_WriteReg
 .text.BSP_I2C1_ReadReg
                0x0000000008001cec       0x64 ./Core/Src/stm32f7xx_nucleo_bus.o
                0x0000000008001cec                BSP_I2C1_ReadReg
 .text.BSP_GetTick
                0x0000000008001d50        0xe ./Core/Src/stm32f7xx_nucleo_bus.o
                0x0000000008001d50                BSP_GetTick
 *fill*         0x0000000008001d5e        0x2 
 .text.MX_I2C1_Init
                0x0000000008001d60       0x88 ./Core/Src/stm32f7xx_nucleo_bus.o
                0x0000000008001d60                MX_I2C1_Init
 .text.I2C1_MspInit
                0x0000000008001de8       0xc4 ./Core/Src/stm32f7xx_nucleo_bus.o
 .text.I2C1_MspDeInit
                0x0000000008001eac       0x38 ./Core/Src/stm32f7xx_nucleo_bus.o
 .text._getpid  0x0000000008001ee4       0x10 ./Core/Src/syscalls.o
                0x0000000008001ee4                _getpid
 .text._kill    0x0000000008001ef4       0x20 ./Core/Src/syscalls.o
                0x0000000008001ef4                _kill
 .text._exit    0x0000000008001f14       0x14 ./Core/Src/syscalls.o
                0x0000000008001f14                _exit
 .text._read    0x0000000008001f28       0x3a ./Core/Src/syscalls.o
                0x0000000008001f28                _read
 .text._write   0x0000000008001f62       0x38 ./Core/Src/syscalls.o
                0x0000000008001f62                _write
 .text._close   0x0000000008001f9a       0x18 ./Core/Src/syscalls.o
                0x0000000008001f9a                _close
 .text._fstat   0x0000000008001fb2       0x20 ./Core/Src/syscalls.o
                0x0000000008001fb2                _fstat
 .text._isatty  0x0000000008001fd2       0x16 ./Core/Src/syscalls.o
                0x0000000008001fd2                _isatty
 .text._lseek   0x0000000008001fe8       0x1a ./Core/Src/syscalls.o
                0x0000000008001fe8                _lseek
 *fill*         0x0000000008002002        0x2 
 .text._sbrk    0x0000000008002004       0x6c ./Core/Src/sysmem.o
                0x0000000008002004                _sbrk
 .text.SystemInit
                0x0000000008002070       0x24 ./Core/Src/system_stm32f7xx.o
                0x0000000008002070                SystemInit
 .text.Reset_Handler
                0x0000000008002094       0x50 ./Core/Startup/startup_stm32f746zgtx.o
                0x0000000008002094                Reset_Handler
 .text.Default_Handler
                0x00000000080020e4        0x2 ./Core/Startup/startup_stm32f746zgtx.o
                0x00000000080020e4                RTC_Alarm_IRQHandler
                0x00000000080020e4                EXTI2_IRQHandler
                0x00000000080020e4                TIM8_CC_IRQHandler
                0x00000000080020e4                UART8_IRQHandler
                0x00000000080020e4                SPI4_IRQHandler
                0x00000000080020e4                TIM1_CC_IRQHandler
                0x00000000080020e4                DMA2_Stream5_IRQHandler
                0x00000000080020e4                DMA1_Stream5_IRQHandler
                0x00000000080020e4                PVD_IRQHandler
                0x00000000080020e4                TAMP_STAMP_IRQHandler
                0x00000000080020e4                CAN2_RX1_IRQHandler
                0x00000000080020e4                EXTI3_IRQHandler
                0x00000000080020e4                TIM8_TRG_COM_TIM14_IRQHandler
                0x00000000080020e4                TIM1_UP_TIM10_IRQHandler
                0x00000000080020e4                TIM8_UP_TIM13_IRQHandler
                0x00000000080020e4                I2C3_ER_IRQHandler
                0x00000000080020e4                EXTI0_IRQHandler
                0x00000000080020e4                I2C2_EV_IRQHandler
                0x00000000080020e4                DMA1_Stream2_IRQHandler
                0x00000000080020e4                CAN1_RX0_IRQHandler
                0x00000000080020e4                FPU_IRQHandler
                0x00000000080020e4                OTG_HS_WKUP_IRQHandler
                0x00000000080020e4                LTDC_ER_IRQHandler
                0x00000000080020e4                CAN2_SCE_IRQHandler
                0x00000000080020e4                DMA2_Stream2_IRQHandler
                0x00000000080020e4                SPI1_IRQHandler
                0x00000000080020e4                TIM6_DAC_IRQHandler
                0x00000000080020e4                TIM1_BRK_TIM9_IRQHandler
                0x00000000080020e4                DCMI_IRQHandler
                0x00000000080020e4                CAN2_RX0_IRQHandler
                0x00000000080020e4                DMA2_Stream3_IRQHandler
                0x00000000080020e4                SAI2_IRQHandler
                0x00000000080020e4                USART6_IRQHandler
                0x00000000080020e4                USART3_IRQHandler
                0x00000000080020e4                CAN1_RX1_IRQHandler
                0x00000000080020e4                UART5_IRQHandler
                0x00000000080020e4                DMA2_Stream0_IRQHandler
                0x00000000080020e4                TIM4_IRQHandler
                0x00000000080020e4                QUADSPI_IRQHandler
                0x00000000080020e4                I2C1_EV_IRQHandler
                0x00000000080020e4                DMA1_Stream6_IRQHandler
                0x00000000080020e4                DMA1_Stream1_IRQHandler
                0x00000000080020e4                UART4_IRQHandler
                0x00000000080020e4                TIM3_IRQHandler
                0x00000000080020e4                RCC_IRQHandler
                0x00000000080020e4                TIM8_BRK_TIM12_IRQHandler
                0x00000000080020e4                Default_Handler
                0x00000000080020e4                CEC_IRQHandler
                0x00000000080020e4                ADC_IRQHandler
                0x00000000080020e4                DMA1_Stream7_IRQHandler
                0x00000000080020e4                SPI5_IRQHandler
                0x00000000080020e4                TIM7_IRQHandler
                0x00000000080020e4                SDMMC1_IRQHandler
                0x00000000080020e4                CAN2_TX_IRQHandler
                0x00000000080020e4                TIM5_IRQHandler
                0x00000000080020e4                DMA2_Stream7_IRQHandler
                0x00000000080020e4                I2C3_EV_IRQHandler
                0x00000000080020e4                EXTI9_5_IRQHandler
                0x00000000080020e4                RTC_WKUP_IRQHandler
                0x00000000080020e4                LTDC_IRQHandler
                0x00000000080020e4                ETH_WKUP_IRQHandler
                0x00000000080020e4                SPDIF_RX_IRQHandler
                0x00000000080020e4                SPI2_IRQHandler
                0x00000000080020e4                OTG_HS_EP1_IN_IRQHandler
                0x00000000080020e4                DMA1_Stream0_IRQHandler
                0x00000000080020e4                CAN1_TX_IRQHandler
                0x00000000080020e4                EXTI4_IRQHandler
                0x00000000080020e4                RNG_IRQHandler
                0x00000000080020e4                ETH_IRQHandler
                0x00000000080020e4                OTG_HS_EP1_OUT_IRQHandler
                0x00000000080020e4                WWDG_IRQHandler
                0x00000000080020e4                SPI6_IRQHandler
                0x00000000080020e4                I2C4_EV_IRQHandler
                0x00000000080020e4                TIM2_IRQHandler
                0x00000000080020e4                OTG_FS_WKUP_IRQHandler
                0x00000000080020e4                TIM1_TRG_COM_TIM11_IRQHandler
                0x00000000080020e4                OTG_HS_IRQHandler
                0x00000000080020e4                DMA2D_IRQHandler
                0x00000000080020e4                EXTI1_IRQHandler
                0x00000000080020e4                UART7_IRQHandler
                0x00000000080020e4                USART2_IRQHandler
                0x00000000080020e4                I2C2_ER_IRQHandler
                0x00000000080020e4                DMA2_Stream1_IRQHandler
                0x00000000080020e4                CAN1_SCE_IRQHandler
                0x00000000080020e4                FLASH_IRQHandler
                0x00000000080020e4                DMA2_Stream4_IRQHandler
                0x00000000080020e4                USART1_IRQHandler
                0x00000000080020e4                OTG_FS_IRQHandler
                0x00000000080020e4                SPI3_IRQHandler
                0x00000000080020e4                DMA1_Stream4_IRQHandler
                0x00000000080020e4                I2C1_ER_IRQHandler
                0x00000000080020e4                FMC_IRQHandler
                0x00000000080020e4                LPTIM1_IRQHandler
                0x00000000080020e4                I2C4_ER_IRQHandler
                0x00000000080020e4                DMA2_Stream6_IRQHandler
                0x00000000080020e4                SAI1_IRQHandler
                0x00000000080020e4                DMA1_Stream3_IRQHandler
 *fill*         0x00000000080020e6        0x2 
 .text.LIS2DW12_RegisterBusIO
                0x00000000080020e8       0xcc ./Drivers/BSP/Components/lis2dw12/lis2dw12.o
                0x00000000080020e8                LIS2DW12_RegisterBusIO
 .text.LIS2DW12_Init
                0x00000000080021b4       0xc4 ./Drivers/BSP/Components/lis2dw12/lis2dw12.o
                0x00000000080021b4                LIS2DW12_Init
 .text.LIS2DW12_DeInit
                0x0000000008002278       0x44 ./Drivers/BSP/Components/lis2dw12/lis2dw12.o
                0x0000000008002278                LIS2DW12_DeInit
 .text.LIS2DW12_ReadID
                0x00000000080022bc       0x2c ./Drivers/BSP/Components/lis2dw12/lis2dw12.o
                0x00000000080022bc                LIS2DW12_ReadID
 .text.LIS2DW12_GetCapabilities
                0x00000000080022e8       0x5c ./Drivers/BSP/Components/lis2dw12/lis2dw12.o
                0x00000000080022e8                LIS2DW12_GetCapabilities
 .text.LIS2DW12_ACC_Enable
                0x0000000008002344       0x52 ./Drivers/BSP/Components/lis2dw12/lis2dw12.o
                0x0000000008002344                LIS2DW12_ACC_Enable
 .text.LIS2DW12_ACC_Disable
                0x0000000008002396       0x40 ./Drivers/BSP/Components/lis2dw12/lis2dw12.o
                0x0000000008002396                LIS2DW12_ACC_Disable
 *fill*         0x00000000080023d6        0x2 
 .text.LIS2DW12_ACC_GetSensitivity
                0x00000000080023d8      0x190 ./Drivers/BSP/Components/lis2dw12/lis2dw12.o
                0x00000000080023d8                LIS2DW12_ACC_GetSensitivity
 .text.LIS2DW12_ACC_GetOutputDataRate
                0x0000000008002568      0x404 ./Drivers/BSP/Components/lis2dw12/lis2dw12.o
                0x0000000008002568                LIS2DW12_ACC_GetOutputDataRate
 .text.LIS2DW12_ACC_SetOutputDataRate
                0x000000000800296c       0x24 ./Drivers/BSP/Components/lis2dw12/lis2dw12.o
                0x000000000800296c                LIS2DW12_ACC_SetOutputDataRate
 .text.LIS2DW12_ACC_SetOutputDataRate_With_Mode
                0x0000000008002990       0x4c ./Drivers/BSP/Components/lis2dw12/lis2dw12.o
                0x0000000008002990                LIS2DW12_ACC_SetOutputDataRate_With_Mode
 .text.LIS2DW12_ACC_GetFullScale
                0x00000000080029dc       0x84 ./Drivers/BSP/Components/lis2dw12/lis2dw12.o
                0x00000000080029dc                LIS2DW12_ACC_GetFullScale
 .text.LIS2DW12_ACC_SetFullScale
                0x0000000008002a60       0x50 ./Drivers/BSP/Components/lis2dw12/lis2dw12.o
                0x0000000008002a60                LIS2DW12_ACC_SetFullScale
 .text.LIS2DW12_ACC_GetAxesRaw
                0x0000000008002ab0      0x148 ./Drivers/BSP/Components/lis2dw12/lis2dw12.o
                0x0000000008002ab0                LIS2DW12_ACC_GetAxesRaw
 .text.LIS2DW12_ACC_GetAxes
                0x0000000008002bf8       0xaa ./Drivers/BSP/Components/lis2dw12/lis2dw12.o
                0x0000000008002bf8                LIS2DW12_ACC_GetAxes
 .text.LIS2DW12_Read_Reg
                0x0000000008002ca2       0x34 ./Drivers/BSP/Components/lis2dw12/lis2dw12.o
                0x0000000008002ca2                LIS2DW12_Read_Reg
 .text.LIS2DW12_Write_Reg
                0x0000000008002cd6       0x36 ./Drivers/BSP/Components/lis2dw12/lis2dw12.o
                0x0000000008002cd6                LIS2DW12_Write_Reg
 .text.LIS2DW12_ACC_Get_DRDY_Status
                0x0000000008002d0c       0x2c ./Drivers/BSP/Components/lis2dw12/lis2dw12.o
                0x0000000008002d0c                LIS2DW12_ACC_Get_DRDY_Status
 .text.LIS2DW12_ACC_SetOutputDataRate_When_Enabled
                0x0000000008002d38      0x238 ./Drivers/BSP/Components/lis2dw12/lis2dw12.o
 .text.LIS2DW12_ACC_SetOutputDataRate_When_Disabled
                0x0000000008002f70      0x124 ./Drivers/BSP/Components/lis2dw12/lis2dw12.o
 .text.ReadRegWrap
                0x0000000008003094       0x36 ./Drivers/BSP/Components/lis2dw12/lis2dw12.o
 .text.WriteRegWrap
                0x00000000080030ca       0x36 ./Drivers/BSP/Components/lis2dw12/lis2dw12.o
 .text.lis2dw12_read_reg
                0x0000000008003100       0x30 ./Drivers/BSP/Components/lis2dw12/lis2dw12_reg.o
                0x0000000008003100                lis2dw12_read_reg
 .text.lis2dw12_write_reg
                0x0000000008003130       0x30 ./Drivers/BSP/Components/lis2dw12/lis2dw12_reg.o
                0x0000000008003130                lis2dw12_write_reg
 .text.lis2dw12_power_mode_set
                0x0000000008003160       0x9c ./Drivers/BSP/Components/lis2dw12/lis2dw12_reg.o
                0x0000000008003160                lis2dw12_power_mode_set
 .text.lis2dw12_power_mode_get
                0x00000000080031fc      0x174 ./Drivers/BSP/Components/lis2dw12/lis2dw12_reg.o
                0x00000000080031fc                lis2dw12_power_mode_get
 .text.lis2dw12_data_rate_set
                0x0000000008003370       0x8a ./Drivers/BSP/Components/lis2dw12/lis2dw12_reg.o
                0x0000000008003370                lis2dw12_data_rate_set
 *fill*         0x00000000080033fa        0x2 
 .text.lis2dw12_data_rate_get
                0x00000000080033fc      0x194 ./Drivers/BSP/Components/lis2dw12/lis2dw12_reg.o
                0x00000000080033fc                lis2dw12_data_rate_get
 .text.lis2dw12_block_data_update_set
                0x0000000008003590       0x4c ./Drivers/BSP/Components/lis2dw12/lis2dw12_reg.o
                0x0000000008003590                lis2dw12_block_data_update_set
 .text.lis2dw12_full_scale_set
                0x00000000080035dc       0x4c ./Drivers/BSP/Components/lis2dw12/lis2dw12_reg.o
                0x00000000080035dc                lis2dw12_full_scale_set
 .text.lis2dw12_full_scale_get
                0x0000000008003628       0x70 ./Drivers/BSP/Components/lis2dw12/lis2dw12_reg.o
                0x0000000008003628                lis2dw12_full_scale_get
 .text.lis2dw12_flag_data_ready_get
                0x0000000008003698       0x32 ./Drivers/BSP/Components/lis2dw12/lis2dw12_reg.o
                0x0000000008003698                lis2dw12_flag_data_ready_get
 .text.lis2dw12_acceleration_raw_get
                0x00000000080036ca       0x96 ./Drivers/BSP/Components/lis2dw12/lis2dw12_reg.o
                0x00000000080036ca                lis2dw12_acceleration_raw_get
 .text.lis2dw12_device_id_get
                0x0000000008003760       0x22 ./Drivers/BSP/Components/lis2dw12/lis2dw12_reg.o
                0x0000000008003760                lis2dw12_device_id_get
 .text.lis2dw12_auto_increment_set
                0x0000000008003782       0x4c ./Drivers/BSP/Components/lis2dw12/lis2dw12_reg.o
                0x0000000008003782                lis2dw12_auto_increment_set
 .text.lis2dw12_fifo_mode_set
                0x00000000080037ce       0x4c ./Drivers/BSP/Components/lis2dw12/lis2dw12_reg.o
                0x00000000080037ce                lis2dw12_fifo_mode_set
 *fill*         0x000000000800381a        0x2 
 .text.LIS2MDL_RegisterBusIO
                0x000000000800381c       0xf8 ./Drivers/BSP/Components/lis2mdl/lis2mdl.o
                0x000000000800381c                LIS2MDL_RegisterBusIO
 .text.LIS2MDL_Init
                0x0000000008003914      0x10c ./Drivers/BSP/Components/lis2mdl/lis2mdl.o
                0x0000000008003914                LIS2MDL_Init
 .text.LIS2MDL_DeInit
                0x0000000008003a20       0x2c ./Drivers/BSP/Components/lis2mdl/lis2mdl.o
                0x0000000008003a20                LIS2MDL_DeInit
 .text.LIS2MDL_ReadID
                0x0000000008003a4c       0x4c ./Drivers/BSP/Components/lis2mdl/lis2mdl.o
                0x0000000008003a4c                LIS2MDL_ReadID
 .text.LIS2MDL_GetCapabilities
                0x0000000008003a98       0x5c ./Drivers/BSP/Components/lis2mdl/lis2mdl.o
                0x0000000008003a98                LIS2MDL_GetCapabilities
 .text.LIS2MDL_MAG_Enable
                0x0000000008003af4       0x84 ./Drivers/BSP/Components/lis2mdl/lis2mdl.o
                0x0000000008003af4                LIS2MDL_MAG_Enable
 .text.LIS2MDL_MAG_Disable
                0x0000000008003b78       0x86 ./Drivers/BSP/Components/lis2mdl/lis2mdl.o
                0x0000000008003b78                LIS2MDL_MAG_Disable
 .text.LIS2MDL_MAG_GetSensitivity
                0x0000000008003bfe       0x20 ./Drivers/BSP/Components/lis2mdl/lis2mdl.o
                0x0000000008003bfe                LIS2MDL_MAG_GetSensitivity
 *fill*         0x0000000008003c1e        0x2 
 .text.LIS2MDL_MAG_GetOutputDataRate
                0x0000000008003c20       0x8c ./Drivers/BSP/Components/lis2mdl/lis2mdl.o
                0x0000000008003c20                LIS2MDL_MAG_GetOutputDataRate
 .text.LIS2MDL_MAG_SetOutputDataRate
                0x0000000008003cac       0xc8 ./Drivers/BSP/Components/lis2mdl/lis2mdl.o
                0x0000000008003cac                LIS2MDL_MAG_SetOutputDataRate
 .text.LIS2MDL_MAG_GetFullScale
                0x0000000008003d74       0x1e ./Drivers/BSP/Components/lis2mdl/lis2mdl.o
                0x0000000008003d74                LIS2MDL_MAG_GetFullScale
 .text.LIS2MDL_MAG_SetFullScale
                0x0000000008003d92       0x18 ./Drivers/BSP/Components/lis2mdl/lis2mdl.o
                0x0000000008003d92                LIS2MDL_MAG_SetFullScale
 .text.LIS2MDL_MAG_GetAxesRaw
                0x0000000008003daa       0x48 ./Drivers/BSP/Components/lis2mdl/lis2mdl.o
                0x0000000008003daa                LIS2MDL_MAG_GetAxesRaw
 .text.LIS2MDL_MAG_GetAxes
                0x0000000008003df2      0x114 ./Drivers/BSP/Components/lis2mdl/lis2mdl.o
                0x0000000008003df2                LIS2MDL_MAG_GetAxes
 .text.LIS2MDL_Read_Reg
                0x0000000008003f06       0x54 ./Drivers/BSP/Components/lis2mdl/lis2mdl.o
                0x0000000008003f06                LIS2MDL_Read_Reg
 .text.LIS2MDL_Write_Reg
                0x0000000008003f5a       0x56 ./Drivers/BSP/Components/lis2mdl/lis2mdl.o
                0x0000000008003f5a                LIS2MDL_Write_Reg
 .text.LIS2MDL_MAG_Get_DRDY_Status
                0x0000000008003fb0       0x5e ./Drivers/BSP/Components/lis2mdl/lis2mdl.o
                0x0000000008003fb0                LIS2MDL_MAG_Get_DRDY_Status
 .text.ReadMagRegWrap
                0x000000000800400e       0x82 ./Drivers/BSP/Components/lis2mdl/lis2mdl.o
 .text.WriteMagRegWrap
                0x0000000008004090       0x82 ./Drivers/BSP/Components/lis2mdl/lis2mdl.o
 .text.LSM6DSOX_SENSORHUB_LIS2MDL_ReadShData
                0x0000000008004112      0x27e ./Drivers/BSP/Components/lis2mdl/lis2mdl.o
 .text.LSM6DSOX_SENSORHUB_LIS2MDL_WriteShData
                0x0000000008004390      0x23c ./Drivers/BSP/Components/lis2mdl/lis2mdl.o
 .text.lis2mdl_read_reg
                0x00000000080045cc       0x30 ./Drivers/BSP/Components/lis2mdl/lis2mdl_reg.o
                0x00000000080045cc                lis2mdl_read_reg
 .text.lis2mdl_write_reg
                0x00000000080045fc       0x30 ./Drivers/BSP/Components/lis2mdl/lis2mdl_reg.o
                0x00000000080045fc                lis2mdl_write_reg
 .text.lis2mdl_operating_mode_set
                0x000000000800462c       0x4c ./Drivers/BSP/Components/lis2mdl/lis2mdl_reg.o
                0x000000000800462c                lis2mdl_operating_mode_set
 .text.lis2mdl_data_rate_set
                0x0000000008004678       0x4c ./Drivers/BSP/Components/lis2mdl/lis2mdl_reg.o
                0x0000000008004678                lis2mdl_data_rate_set
 .text.lis2mdl_data_rate_get
                0x00000000080046c4       0x70 ./Drivers/BSP/Components/lis2mdl/lis2mdl_reg.o
                0x00000000080046c4                lis2mdl_data_rate_get
 .text.lis2mdl_block_data_update_set
                0x0000000008004734       0x4c ./Drivers/BSP/Components/lis2mdl/lis2mdl_reg.o
                0x0000000008004734                lis2mdl_block_data_update_set
 .text.lis2mdl_mag_data_ready_get
                0x0000000008004780       0x32 ./Drivers/BSP/Components/lis2mdl/lis2mdl_reg.o
                0x0000000008004780                lis2mdl_mag_data_ready_get
 .text.lis2mdl_magnetic_raw_get
                0x00000000080047b2       0x96 ./Drivers/BSP/Components/lis2mdl/lis2mdl_reg.o
                0x00000000080047b2                lis2mdl_magnetic_raw_get
 .text.lis2mdl_device_id_get
                0x0000000008004848       0x22 ./Drivers/BSP/Components/lis2mdl/lis2mdl_reg.o
                0x0000000008004848                lis2mdl_device_id_get
 .text.lis2mdl_self_test_set
                0x000000000800486a       0x4c ./Drivers/BSP/Components/lis2mdl/lis2mdl_reg.o
                0x000000000800486a                lis2mdl_self_test_set
 .text.lis2mdl_i2c_interface_set
                0x00000000080048b6       0x4c ./Drivers/BSP/Components/lis2mdl/lis2mdl_reg.o
                0x00000000080048b6                lis2mdl_i2c_interface_set
 *fill*         0x0000000008004902        0x2 
 .text.LSM6DSO_RegisterBusIO
                0x0000000008004904       0xcc ./Drivers/BSP/Components/lsm6dso/lsm6dso.o
                0x0000000008004904                LSM6DSO_RegisterBusIO
 .text.LSM6DSO_Init
                0x00000000080049d0       0xea ./Drivers/BSP/Components/lsm6dso/lsm6dso.o
                0x00000000080049d0                LSM6DSO_Init
 .text.LSM6DSO_DeInit
                0x0000000008004aba       0x4e ./Drivers/BSP/Components/lsm6dso/lsm6dso.o
                0x0000000008004aba                LSM6DSO_DeInit
 .text.LSM6DSO_ReadID
                0x0000000008004b08       0x2c ./Drivers/BSP/Components/lsm6dso/lsm6dso.o
                0x0000000008004b08                LSM6DSO_ReadID
 .text.LSM6DSO_GetCapabilities
                0x0000000008004b34       0x5c ./Drivers/BSP/Components/lsm6dso/lsm6dso.o
                0x0000000008004b34                LSM6DSO_GetCapabilities
 .text.LSM6DSO_ACC_Enable
                0x0000000008004b90       0x48 ./Drivers/BSP/Components/lsm6dso/lsm6dso.o
                0x0000000008004b90                LSM6DSO_ACC_Enable
 .text.LSM6DSO_ACC_Disable
                0x0000000008004bd8       0x5e ./Drivers/BSP/Components/lsm6dso/lsm6dso.o
                0x0000000008004bd8                LSM6DSO_ACC_Disable
 *fill*         0x0000000008004c36        0x2 
 .text.LSM6DSO_ACC_GetSensitivity
                0x0000000008004c38       0x8c ./Drivers/BSP/Components/lsm6dso/lsm6dso.o
                0x0000000008004c38                LSM6DSO_ACC_GetSensitivity
 .text.LSM6DSO_ACC_GetOutputDataRate
                0x0000000008004cc4      0x108 ./Drivers/BSP/Components/lsm6dso/lsm6dso.o
                0x0000000008004cc4                LSM6DSO_ACC_GetOutputDataRate
 .text.LSM6DSO_ACC_SetOutputDataRate
                0x0000000008004dcc       0x22 ./Drivers/BSP/Components/lsm6dso/lsm6dso.o
                0x0000000008004dcc                LSM6DSO_ACC_SetOutputDataRate
 *fill*         0x0000000008004dee        0x2 
 .text.LSM6DSO_ACC_SetOutputDataRate_With_Mode
                0x0000000008004df0      0x33c ./Drivers/BSP/Components/lsm6dso/lsm6dso.o
                0x0000000008004df0                LSM6DSO_ACC_SetOutputDataRate_With_Mode
 .text.LSM6DSO_ACC_GetFullScale
                0x000000000800512c       0x7c ./Drivers/BSP/Components/lsm6dso/lsm6dso.o
                0x000000000800512c                LSM6DSO_ACC_GetFullScale
 .text.LSM6DSO_ACC_SetFullScale
                0x00000000080051a8       0x50 ./Drivers/BSP/Components/lsm6dso/lsm6dso.o
                0x00000000080051a8                LSM6DSO_ACC_SetFullScale
 .text.LSM6DSO_ACC_GetAxesRaw
                0x00000000080051f8       0x48 ./Drivers/BSP/Components/lsm6dso/lsm6dso.o
                0x00000000080051f8                LSM6DSO_ACC_GetAxesRaw
 .text.LSM6DSO_ACC_GetAxes
                0x0000000008005240       0xae ./Drivers/BSP/Components/lsm6dso/lsm6dso.o
                0x0000000008005240                LSM6DSO_ACC_GetAxes
 .text.LSM6DSO_GYRO_Enable
                0x00000000080052ee       0x48 ./Drivers/BSP/Components/lsm6dso/lsm6dso.o
                0x00000000080052ee                LSM6DSO_GYRO_Enable
 .text.LSM6DSO_GYRO_Disable
                0x0000000008005336       0x5e ./Drivers/BSP/Components/lsm6dso/lsm6dso.o
                0x0000000008005336                LSM6DSO_GYRO_Disable
 .text.LSM6DSO_GYRO_GetSensitivity
                0x0000000008005394       0xa4 ./Drivers/BSP/Components/lsm6dso/lsm6dso.o
                0x0000000008005394                LSM6DSO_GYRO_GetSensitivity
 .text.LSM6DSO_GYRO_GetOutputDataRate
                0x0000000008005438       0xf8 ./Drivers/BSP/Components/lsm6dso/lsm6dso.o
                0x0000000008005438                LSM6DSO_GYRO_GetOutputDataRate
 .text.LSM6DSO_GYRO_SetOutputDataRate
                0x0000000008005530       0x22 ./Drivers/BSP/Components/lsm6dso/lsm6dso.o
                0x0000000008005530                LSM6DSO_GYRO_SetOutputDataRate
 *fill*         0x0000000008005552        0x2 
 .text.LSM6DSO_GYRO_SetOutputDataRate_With_Mode
                0x0000000008005554      0x12c ./Drivers/BSP/Components/lsm6dso/lsm6dso.o
                0x0000000008005554                LSM6DSO_GYRO_SetOutputDataRate_With_Mode
 .text.LSM6DSO_GYRO_GetFullScale
                0x0000000008005680       0x94 ./Drivers/BSP/Components/lsm6dso/lsm6dso.o
                0x0000000008005680                LSM6DSO_GYRO_GetFullScale
 .text.LSM6DSO_GYRO_SetFullScale
                0x0000000008005714       0x5e ./Drivers/BSP/Components/lsm6dso/lsm6dso.o
                0x0000000008005714                LSM6DSO_GYRO_SetFullScale
 .text.LSM6DSO_GYRO_GetAxesRaw
                0x0000000008005772       0x48 ./Drivers/BSP/Components/lsm6dso/lsm6dso.o
                0x0000000008005772                LSM6DSO_GYRO_GetAxesRaw
 .text.LSM6DSO_GYRO_GetAxes
                0x00000000080057ba       0xa8 ./Drivers/BSP/Components/lsm6dso/lsm6dso.o
                0x00000000080057ba                LSM6DSO_GYRO_GetAxes
 .text.LSM6DSO_Read_Reg
                0x0000000008005862       0x34 ./Drivers/BSP/Components/lsm6dso/lsm6dso.o
                0x0000000008005862                LSM6DSO_Read_Reg
 .text.LSM6DSO_Write_Reg
                0x0000000008005896       0x36 ./Drivers/BSP/Components/lsm6dso/lsm6dso.o
                0x0000000008005896                LSM6DSO_Write_Reg
 .text.LSM6DSO_ACC_Get_DRDY_Status
                0x00000000080058cc       0x2c ./Drivers/BSP/Components/lsm6dso/lsm6dso.o
                0x00000000080058cc                LSM6DSO_ACC_Get_DRDY_Status
 .text.LSM6DSO_GYRO_Get_DRDY_Status
                0x00000000080058f8       0x2c ./Drivers/BSP/Components/lsm6dso/lsm6dso.o
                0x00000000080058f8                LSM6DSO_GYRO_Get_DRDY_Status
 .text.LSM6DSO_ACC_SetOutputDataRate_When_Enabled
                0x0000000008005924      0x130 ./Drivers/BSP/Components/lsm6dso/lsm6dso.o
 .text.LSM6DSO_ACC_SetOutputDataRate_When_Disabled
                0x0000000008005a54      0x120 ./Drivers/BSP/Components/lsm6dso/lsm6dso.o
 .text.LSM6DSO_GYRO_SetOutputDataRate_When_Enabled
                0x0000000008005b74      0x118 ./Drivers/BSP/Components/lsm6dso/lsm6dso.o
 .text.LSM6DSO_GYRO_SetOutputDataRate_When_Disabled
                0x0000000008005c8c      0x104 ./Drivers/BSP/Components/lsm6dso/lsm6dso.o
 .text.ReadRegWrap
                0x0000000008005d90       0x36 ./Drivers/BSP/Components/lsm6dso/lsm6dso.o
 .text.WriteRegWrap
                0x0000000008005dc6       0x36 ./Drivers/BSP/Components/lsm6dso/lsm6dso.o
 .text.lsm6dso_read_reg
                0x0000000008005dfc       0x30 ./Drivers/BSP/Components/lsm6dso/lsm6dso_reg.o
                0x0000000008005dfc                lsm6dso_read_reg
 .text.lsm6dso_write_reg
                0x0000000008005e2c       0x30 ./Drivers/BSP/Components/lsm6dso/lsm6dso_reg.o
                0x0000000008005e2c                lsm6dso_write_reg
 .text.lsm6dso_xl_full_scale_set
                0x0000000008005e5c       0x4c ./Drivers/BSP/Components/lsm6dso/lsm6dso_reg.o
                0x0000000008005e5c                lsm6dso_xl_full_scale_set
 .text.lsm6dso_xl_full_scale_get
                0x0000000008005ea8       0x70 ./Drivers/BSP/Components/lsm6dso/lsm6dso_reg.o
                0x0000000008005ea8                lsm6dso_xl_full_scale_get
 .text.lsm6dso_xl_data_rate_set
                0x0000000008005f18      0x1f8 ./Drivers/BSP/Components/lsm6dso/lsm6dso_reg.o
                0x0000000008005f18                lsm6dso_xl_data_rate_set
 .text.lsm6dso_xl_data_rate_get
                0x0000000008006110       0xd0 ./Drivers/BSP/Components/lsm6dso/lsm6dso_reg.o
                0x0000000008006110                lsm6dso_xl_data_rate_get
 .text.lsm6dso_gy_full_scale_set
                0x00000000080061e0       0x4c ./Drivers/BSP/Components/lsm6dso/lsm6dso_reg.o
                0x00000000080061e0                lsm6dso_gy_full_scale_set
 .text.lsm6dso_gy_full_scale_get
                0x000000000800622c       0x84 ./Drivers/BSP/Components/lsm6dso/lsm6dso_reg.o
                0x000000000800622c                lsm6dso_gy_full_scale_get
 .text.lsm6dso_gy_data_rate_set
                0x00000000080062b0      0x1f8 ./Drivers/BSP/Components/lsm6dso/lsm6dso_reg.o
                0x00000000080062b0                lsm6dso_gy_data_rate_set
 .text.lsm6dso_gy_data_rate_get
                0x00000000080064a8       0xc4 ./Drivers/BSP/Components/lsm6dso/lsm6dso_reg.o
                0x00000000080064a8                lsm6dso_gy_data_rate_get
 .text.lsm6dso_block_data_update_set
                0x000000000800656c       0x4c ./Drivers/BSP/Components/lsm6dso/lsm6dso_reg.o
                0x000000000800656c                lsm6dso_block_data_update_set
 .text.lsm6dso_xl_flag_data_ready_get
                0x00000000080065b8       0x32 ./Drivers/BSP/Components/lsm6dso/lsm6dso_reg.o
                0x00000000080065b8                lsm6dso_xl_flag_data_ready_get
 .text.lsm6dso_gy_flag_data_ready_get
                0x00000000080065ea       0x32 ./Drivers/BSP/Components/lsm6dso/lsm6dso_reg.o
                0x00000000080065ea                lsm6dso_gy_flag_data_ready_get
 .text.lsm6dso_angular_rate_raw_get
                0x000000000800661c       0x96 ./Drivers/BSP/Components/lsm6dso/lsm6dso_reg.o
                0x000000000800661c                lsm6dso_angular_rate_raw_get
 .text.lsm6dso_acceleration_raw_get
                0x00000000080066b2       0x96 ./Drivers/BSP/Components/lsm6dso/lsm6dso_reg.o
                0x00000000080066b2                lsm6dso_acceleration_raw_get
 .text.lsm6dso_mem_bank_set
                0x0000000008006748       0x4c ./Drivers/BSP/Components/lsm6dso/lsm6dso_reg.o
                0x0000000008006748                lsm6dso_mem_bank_set
 .text.lsm6dso_device_id_get
                0x0000000008006794       0x22 ./Drivers/BSP/Components/lsm6dso/lsm6dso_reg.o
                0x0000000008006794                lsm6dso_device_id_get
 .text.lsm6dso_auto_increment_set
                0x00000000080067b6       0x4c ./Drivers/BSP/Components/lsm6dso/lsm6dso_reg.o
                0x00000000080067b6                lsm6dso_auto_increment_set
 .text.lsm6dso_i3c_disable_set
                0x0000000008006802       0x8c ./Drivers/BSP/Components/lsm6dso/lsm6dso_reg.o
                0x0000000008006802                lsm6dso_i3c_disable_set
 .text.lsm6dso_fifo_mode_set
                0x000000000800688e       0x4c ./Drivers/BSP/Components/lsm6dso/lsm6dso_reg.o
                0x000000000800688e                lsm6dso_fifo_mode_set
 .text.lsm6dso_fsm_enable_get
                0x00000000080068da       0x42 ./Drivers/BSP/Components/lsm6dso/lsm6dso_reg.o
                0x00000000080068da                lsm6dso_fsm_enable_get
 .text.lsm6dso_fsm_data_rate_get
                0x000000000800691c       0x90 ./Drivers/BSP/Components/lsm6dso/lsm6dso_reg.o
                0x000000000800691c                lsm6dso_fsm_data_rate_get
 .text.IKS01A3_MOTION_SENSOR_Init
                0x00000000080069ac      0x1f8 ./Drivers/BSP/IKS01A3/iks01a3_motion_sensors.o
                0x00000000080069ac                IKS01A3_MOTION_SENSOR_Init
 .text.IKS01A3_MOTION_SENSOR_GetAxes
                0x0000000008006ba4       0x88 ./Drivers/BSP/IKS01A3/iks01a3_motion_sensors.o
                0x0000000008006ba4                IKS01A3_MOTION_SENSOR_GetAxes
 .text.LSM6DSO_0_Probe
                0x0000000008006c2c      0x178 ./Drivers/BSP/IKS01A3/iks01a3_motion_sensors.o
 .text.LIS2DW12_0_Probe
                0x0000000008006da4      0x148 ./Drivers/BSP/IKS01A3/iks01a3_motion_sensors.o
 .text.LIS2MDL_0_Probe
                0x0000000008006eec      0x148 ./Drivers/BSP/IKS01A3/iks01a3_motion_sensors.o
 .text.IKS01A3_MOTION_SENSOR_Get_DRDY_Status
                0x0000000008007034      0x10c ./Drivers/BSP/IKS01A3/iks01a3_motion_sensors_ex.o
                0x0000000008007034                IKS01A3_MOTION_SENSOR_Get_DRDY_Status
 .text.IKS01A3_MOTION_SENSOR_Read_Register
                0x0000000008007140       0xb0 ./Drivers/BSP/IKS01A3/iks01a3_motion_sensors_ex.o
                0x0000000008007140                IKS01A3_MOTION_SENSOR_Read_Register
 .text.IKS01A3_MOTION_SENSOR_Write_Register
                0x00000000080071f0       0xb4 ./Drivers/BSP/IKS01A3/iks01a3_motion_sensors_ex.o
                0x00000000080071f0                IKS01A3_MOTION_SENSOR_Write_Register
 .text.BSP_LED_Init
                0x00000000080072a4       0x24 ./Drivers/BSP/STM32F7xx_Nucleo/stm32f7xx_nucleo.o
                0x00000000080072a4                BSP_LED_Init
 .text.BSP_LED_On
                0x00000000080072c8       0x2c ./Drivers/BSP/STM32F7xx_Nucleo/stm32f7xx_nucleo.o
                0x00000000080072c8                BSP_LED_On
 .text.BSP_LED_Off
                0x00000000080072f4       0x2c ./Drivers/BSP/STM32F7xx_Nucleo/stm32f7xx_nucleo.o
                0x00000000080072f4                BSP_LED_Off
 .text.LED_USER_GPIO_Init
                0x0000000008007320       0x7c ./Drivers/BSP/STM32F7xx_Nucleo/stm32f7xx_nucleo.o
 .text.BSP_PB_Init
                0x000000000800739c       0xa8 ./Drivers/BSP/STM32F7xx_Nucleo/stm32f7xx_nucleo.o
                0x000000000800739c                BSP_PB_Init
 .text.BSP_PB_GetState
                0x0000000008007444       0x38 ./Drivers/BSP/STM32F7xx_Nucleo/stm32f7xx_nucleo.o
                0x0000000008007444                BSP_PB_GetState
 .text.BUTTON_USER_EXTI_Callback
                0x000000000800747c        0xe ./Drivers/BSP/STM32F7xx_Nucleo/stm32f7xx_nucleo.o
 *fill*         0x000000000800748a        0x2 
 .text.BUTTON_USER_GPIO_Init
                0x000000000800748c       0x74 ./Drivers/BSP/STM32F7xx_Nucleo/stm32f7xx_nucleo.o
 .text.BSP_COM_Init
                0x0000000008007500       0x7c ./Drivers/BSP/STM32F7xx_Nucleo/stm32f7xx_nucleo.o
                0x0000000008007500                BSP_COM_Init
 .text.MX_USART3_UART_Init
                0x000000000800757c       0x68 ./Drivers/BSP/STM32F7xx_Nucleo/stm32f7xx_nucleo.o
                0x000000000800757c                MX_USART3_UART_Init
 .text.__io_putchar
                0x00000000080075e4       0x38 ./Drivers/BSP/STM32F7xx_Nucleo/stm32f7xx_nucleo.o
                0x00000000080075e4                __io_putchar
 .text.USART3_MspInit
                0x000000000800761c       0xc4 ./Drivers/BSP/STM32F7xx_Nucleo/stm32f7xx_nucleo.o
 .text.HAL_Init
                0x00000000080076e0       0x1a ./Drivers/STM32F7xx_HAL_Driver/Src/stm32f7xx_hal.o
                0x00000000080076e0                HAL_Init
 *fill*         0x00000000080076fa        0x2 
 .text.HAL_InitTick
                0x00000000080076fc       0x60 ./Drivers/STM32F7xx_HAL_Driver/Src/stm32f7xx_hal.o
                0x00000000080076fc                HAL_InitTick
 .text.HAL_IncTick
                0x000000000800775c       0x28 ./Drivers/STM32F7xx_HAL_Driver/Src/stm32f7xx_hal.o
                0x000000000800775c                HAL_IncTick
 .text.HAL_GetTick
                0x0000000008007784       0x18 ./Drivers/STM32F7xx_HAL_Driver/Src/stm32f7xx_hal.o
                0x0000000008007784                HAL_GetTick
 .text.HAL_Delay
                0x000000000800779c       0x48 ./Drivers/STM32F7xx_HAL_Driver/Src/stm32f7xx_hal.o
                0x000000000800779c                HAL_Delay
 .text.__NVIC_SetPriorityGrouping
                0x00000000080077e4       0x48 ./Drivers/STM32F7xx_HAL_Driver/Src/stm32f7xx_hal_cortex.o
 .text.__NVIC_GetPriorityGrouping
                0x000000000800782c       0x1c ./Drivers/STM32F7xx_HAL_Driver/Src/stm32f7xx_hal_cortex.o
 .text.__NVIC_EnableIRQ
                0x0000000008007848       0x3c ./Drivers/STM32F7xx_HAL_Driver/Src/stm32f7xx_hal_cortex.o
 .text.__NVIC_SetPriority
                0x0000000008007884       0x54 ./Drivers/STM32F7xx_HAL_Driver/Src/stm32f7xx_hal_cortex.o
 .text.NVIC_EncodePriority
                0x00000000080078d8       0x66 ./Drivers/STM32F7xx_HAL_Driver/Src/stm32f7xx_hal_cortex.o
 *fill*         0x000000000800793e        0x2 
 .text.SysTick_Config
                0x0000000008007940       0x44 ./Drivers/STM32F7xx_HAL_Driver/Src/stm32f7xx_hal_cortex.o
 .text.HAL_NVIC_SetPriorityGrouping
                0x0000000008007984       0x16 ./Drivers/STM32F7xx_HAL_Driver/Src/stm32f7xx_hal_cortex.o
                0x0000000008007984                HAL_NVIC_SetPriorityGrouping
 .text.HAL_NVIC_SetPriority
                0x000000000800799a       0x38 ./Drivers/STM32F7xx_HAL_Driver/Src/stm32f7xx_hal_cortex.o
                0x000000000800799a                HAL_NVIC_SetPriority
 .text.HAL_NVIC_EnableIRQ
                0x00000000080079d2       0x1c ./Drivers/STM32F7xx_HAL_Driver/Src/stm32f7xx_hal_cortex.o
                0x00000000080079d2                HAL_NVIC_EnableIRQ
 .text.HAL_SYSTICK_Config
                0x00000000080079ee       0x18 ./Drivers/STM32F7xx_HAL_Driver/Src/stm32f7xx_hal_cortex.o
                0x00000000080079ee                HAL_SYSTICK_Config
 *fill*         0x0000000008007a06        0x2 
 .text.HAL_ETH_Init
                0x0000000008007a08       0xf8 ./Drivers/STM32F7xx_HAL_Driver/Src/stm32f7xx_hal_eth.o
                0x0000000008007a08                HAL_ETH_Init
 .text.ETH_SetMACConfig
                0x0000000008007b00      0x160 ./Drivers/STM32F7xx_HAL_Driver/Src/stm32f7xx_hal_eth.o
 .text.ETH_SetDMAConfig
                0x0000000008007c60      0x114 ./Drivers/STM32F7xx_HAL_Driver/Src/stm32f7xx_hal_eth.o
 .text.ETH_MACDMAConfig
                0x0000000008007d74       0xe4 ./Drivers/STM32F7xx_HAL_Driver/Src/stm32f7xx_hal_eth.o
 .text.ETH_MACAddressConfig
                0x0000000008007e58       0x70 ./Drivers/STM32F7xx_HAL_Driver/Src/stm32f7xx_hal_eth.o
 .text.ETH_DMATxDescListInit
                0x0000000008007ec8       0xb2 ./Drivers/STM32F7xx_HAL_Driver/Src/stm32f7xx_hal_eth.o
 .text.ETH_DMARxDescListInit
                0x0000000008007f7a       0xda ./Drivers/STM32F7xx_HAL_Driver/Src/stm32f7xx_hal_eth.o
 .text.HAL_EXTI_RegisterCallback
                0x0000000008008054       0x34 ./Drivers/STM32F7xx_HAL_Driver/Src/stm32f7xx_hal_exti.o
                0x0000000008008054                HAL_EXTI_RegisterCallback
 .text.HAL_EXTI_GetHandle
                0x0000000008008088       0x28 ./Drivers/STM32F7xx_HAL_Driver/Src/stm32f7xx_hal_exti.o
                0x0000000008008088                HAL_EXTI_GetHandle
 .text.HAL_EXTI_IRQHandler
                0x00000000080080b0       0x48 ./Drivers/STM32F7xx_HAL_Driver/Src/stm32f7xx_hal_exti.o
                0x00000000080080b0                HAL_EXTI_IRQHandler
 .text.HAL_GPIO_Init
                0x00000000080080f8      0x358 ./Drivers/STM32F7xx_HAL_Driver/Src/stm32f7xx_hal_gpio.o
                0x00000000080080f8                HAL_GPIO_Init
 .text.HAL_GPIO_DeInit
                0x0000000008008450      0x218 ./Drivers/STM32F7xx_HAL_Driver/Src/stm32f7xx_hal_gpio.o
                0x0000000008008450                HAL_GPIO_DeInit
 .text.HAL_GPIO_ReadPin
                0x0000000008008668       0x30 ./Drivers/STM32F7xx_HAL_Driver/Src/stm32f7xx_hal_gpio.o
                0x0000000008008668                HAL_GPIO_ReadPin
 .text.HAL_GPIO_WritePin
                0x0000000008008698       0x32 ./Drivers/STM32F7xx_HAL_Driver/Src/stm32f7xx_hal_gpio.o
                0x0000000008008698                HAL_GPIO_WritePin
 *fill*         0x00000000080086ca        0x2 
 .text.HAL_I2C_Init
                0x00000000080086cc      0x120 ./Drivers/STM32F7xx_HAL_Driver/Src/stm32f7xx_hal_i2c.o
                0x00000000080086cc                HAL_I2C_Init
 .text.HAL_I2C_DeInit
                0x00000000080087ec       0x5e ./Drivers/STM32F7xx_HAL_Driver/Src/stm32f7xx_hal_i2c.o
                0x00000000080087ec                HAL_I2C_DeInit
 .text.HAL_I2C_MspInit
                0x000000000800884a       0x14 ./Drivers/STM32F7xx_HAL_Driver/Src/stm32f7xx_hal_i2c.o
                0x000000000800884a                HAL_I2C_MspInit
 .text.HAL_I2C_MspDeInit
                0x000000000800885e       0x14 ./Drivers/STM32F7xx_HAL_Driver/Src/stm32f7xx_hal_i2c.o
                0x000000000800885e                HAL_I2C_MspDeInit
 *fill*         0x0000000008008872        0x2 
 .text.HAL_I2C_Mem_Write
                0x0000000008008874      0x228 ./Drivers/STM32F7xx_HAL_Driver/Src/stm32f7xx_hal_i2c.o
                0x0000000008008874                HAL_I2C_Mem_Write
 .text.HAL_I2C_Mem_Read
                0x0000000008008a9c      0x234 ./Drivers/STM32F7xx_HAL_Driver/Src/stm32f7xx_hal_i2c.o
                0x0000000008008a9c                HAL_I2C_Mem_Read
 .text.HAL_I2C_GetState
                0x0000000008008cd0       0x1c ./Drivers/STM32F7xx_HAL_Driver/Src/stm32f7xx_hal_i2c.o
                0x0000000008008cd0                HAL_I2C_GetState
 .text.HAL_I2C_GetError
                0x0000000008008cec       0x18 ./Drivers/STM32F7xx_HAL_Driver/Src/stm32f7xx_hal_i2c.o
                0x0000000008008cec                HAL_I2C_GetError
 .text.I2C_RequestMemoryWrite
                0x0000000008008d04       0xa8 ./Drivers/STM32F7xx_HAL_Driver/Src/stm32f7xx_hal_i2c.o
 .text.I2C_RequestMemoryRead
                0x0000000008008dac       0xa8 ./Drivers/STM32F7xx_HAL_Driver/Src/stm32f7xx_hal_i2c.o
 .text.I2C_Flush_TXDR
                0x0000000008008e54       0x48 ./Drivers/STM32F7xx_HAL_Driver/Src/stm32f7xx_hal_i2c.o
 .text.I2C_WaitOnFlagUntilTimeout
                0x0000000008008e9c       0x80 ./Drivers/STM32F7xx_HAL_Driver/Src/stm32f7xx_hal_i2c.o
 .text.I2C_WaitOnTXISFlagUntilTimeout
                0x0000000008008f1c       0x80 ./Drivers/STM32F7xx_HAL_Driver/Src/stm32f7xx_hal_i2c.o
 .text.I2C_WaitOnSTOPFlagUntilTimeout
                0x0000000008008f9c       0x78 ./Drivers/STM32F7xx_HAL_Driver/Src/stm32f7xx_hal_i2c.o
 .text.I2C_IsErrorOccurred
                0x0000000008009014      0x1c0 ./Drivers/STM32F7xx_HAL_Driver/Src/stm32f7xx_hal_i2c.o
 .text.I2C_TransferConfig
                0x00000000080091d4       0x64 ./Drivers/STM32F7xx_HAL_Driver/Src/stm32f7xx_hal_i2c.o
 .text.HAL_I2CEx_ConfigAnalogFilter
                0x0000000008009238       0x96 ./Drivers/STM32F7xx_HAL_Driver/Src/stm32f7xx_hal_i2c_ex.o
                0x0000000008009238                HAL_I2CEx_ConfigAnalogFilter
 .text.HAL_I2CEx_ConfigDigitalFilter
                0x00000000080092ce       0x98 ./Drivers/STM32F7xx_HAL_Driver/Src/stm32f7xx_hal_i2c_ex.o
                0x00000000080092ce                HAL_I2CEx_ConfigDigitalFilter
 .text.HAL_PCD_Init
                0x0000000008009366      0x248 ./Drivers/STM32F7xx_HAL_Driver/Src/stm32f7xx_hal_pcd.o
                0x0000000008009366                HAL_PCD_Init
 *fill*         0x00000000080095ae        0x2 
 .text.HAL_PCDEx_ActivateLPM
                0x00000000080095b0       0x48 ./Drivers/STM32F7xx_HAL_Driver/Src/stm32f7xx_hal_pcd_ex.o
                0x00000000080095b0                HAL_PCDEx_ActivateLPM
 .text.HAL_PWR_EnableBkUpAccess
                0x00000000080095f8       0x20 ./Drivers/STM32F7xx_HAL_Driver/Src/stm32f7xx_hal_pwr.o
                0x00000000080095f8                HAL_PWR_EnableBkUpAccess
 .text.HAL_RCC_OscConfig
                0x0000000008009618      0x548 ./Drivers/STM32F7xx_HAL_Driver/Src/stm32f7xx_hal_rcc.o
                0x0000000008009618                HAL_RCC_OscConfig
 .text.HAL_RCC_ClockConfig
                0x0000000008009b60      0x1d8 ./Drivers/STM32F7xx_HAL_Driver/Src/stm32f7xx_hal_rcc.o
                0x0000000008009b60                HAL_RCC_ClockConfig
 .text.HAL_RCC_GetSysClockFreq
                0x0000000008009d38      0x20c ./Drivers/STM32F7xx_HAL_Driver/Src/stm32f7xx_hal_rcc.o
                0x0000000008009d38                HAL_RCC_GetSysClockFreq
 .text.HAL_RCC_GetHCLKFreq
                0x0000000008009f44       0x18 ./Drivers/STM32F7xx_HAL_Driver/Src/stm32f7xx_hal_rcc.o
                0x0000000008009f44                HAL_RCC_GetHCLKFreq
 .text.HAL_RCC_GetPCLK1Freq
                0x0000000008009f5c       0x28 ./Drivers/STM32F7xx_HAL_Driver/Src/stm32f7xx_hal_rcc.o
                0x0000000008009f5c                HAL_RCC_GetPCLK1Freq
 .text.HAL_RCC_GetPCLK2Freq
                0x0000000008009f84       0x28 ./Drivers/STM32F7xx_HAL_Driver/Src/stm32f7xx_hal_rcc.o
                0x0000000008009f84                HAL_RCC_GetPCLK2Freq
 .text.HAL_RCCEx_PeriphCLKConfig
                0x0000000008009fac      0x7e0 ./Drivers/STM32F7xx_HAL_Driver/Src/stm32f7xx_hal_rcc_ex.o
                0x0000000008009fac                HAL_RCCEx_PeriphCLKConfig
 .text.HAL_UART_Init
                0x000000000800a78c       0x9c ./Drivers/STM32F7xx_HAL_Driver/Src/stm32f7xx_hal_uart.o
                0x000000000800a78c                HAL_UART_Init
 .text.HAL_UART_MspInit
                0x000000000800a828       0x14 ./Drivers/STM32F7xx_HAL_Driver/Src/stm32f7xx_hal_uart.o
                0x000000000800a828                HAL_UART_MspInit
 .text.HAL_UART_Transmit
                0x000000000800a83c      0x106 ./Drivers/STM32F7xx_HAL_Driver/Src/stm32f7xx_hal_uart.o
                0x000000000800a83c                HAL_UART_Transmit
 *fill*         0x000000000800a942        0x2 
 .text.UART_SetConfig
                0x000000000800a944      0x4c8 ./Drivers/STM32F7xx_HAL_Driver/Src/stm32f7xx_hal_uart.o
                0x000000000800a944                UART_SetConfig
 .text.UART_AdvFeatureConfig
                0x000000000800ae0c      0x144 ./Drivers/STM32F7xx_HAL_Driver/Src/stm32f7xx_hal_uart.o
                0x000000000800ae0c                UART_AdvFeatureConfig
 .text.UART_CheckIdleState
                0x000000000800af50       0x6e ./Drivers/STM32F7xx_HAL_Driver/Src/stm32f7xx_hal_uart.o
                0x000000000800af50                UART_CheckIdleState
 .text.UART_WaitOnFlagUntilTimeout
                0x000000000800afbe      0x18c ./Drivers/STM32F7xx_HAL_Driver/Src/stm32f7xx_hal_uart.o
                0x000000000800afbe                UART_WaitOnFlagUntilTimeout
 *fill*         0x000000000800b14a        0x2 
 .text.USB_CoreInit
                0x000000000800b14c       0xb0 ./Drivers/STM32F7xx_HAL_Driver/Src/stm32f7xx_ll_usb.o
                0x000000000800b14c                USB_CoreInit
 .text.USB_DisableGlobalInt
                0x000000000800b1fc       0x22 ./Drivers/STM32F7xx_HAL_Driver/Src/stm32f7xx_ll_usb.o
                0x000000000800b1fc                USB_DisableGlobalInt
 .text.USB_SetCurrentMode
                0x000000000800b21e       0x98 ./Drivers/STM32F7xx_HAL_Driver/Src/stm32f7xx_ll_usb.o
                0x000000000800b21e                USB_SetCurrentMode
 *fill*         0x000000000800b2b6        0x2 
 .text.USB_DevInit
                0x000000000800b2b8      0x2bc ./Drivers/STM32F7xx_HAL_Driver/Src/stm32f7xx_ll_usb.o
                0x000000000800b2b8                USB_DevInit
 .text.USB_FlushTxFifo
                0x000000000800b574       0x68 ./Drivers/STM32F7xx_HAL_Driver/Src/stm32f7xx_ll_usb.o
                0x000000000800b574                USB_FlushTxFifo
 .text.USB_FlushRxFifo
                0x000000000800b5dc       0x60 ./Drivers/STM32F7xx_HAL_Driver/Src/stm32f7xx_ll_usb.o
                0x000000000800b5dc                USB_FlushRxFifo
 .text.USB_SetDevSpeed
                0x000000000800b63c       0x32 ./Drivers/STM32F7xx_HAL_Driver/Src/stm32f7xx_ll_usb.o
                0x000000000800b63c                USB_SetDevSpeed
 .text.USB_DevDisconnect
                0x000000000800b66e       0x42 ./Drivers/STM32F7xx_HAL_Driver/Src/stm32f7xx_ll_usb.o
                0x000000000800b66e                USB_DevDisconnect
 .text.USB_GetMode
                0x000000000800b6b0       0x1c ./Drivers/STM32F7xx_HAL_Driver/Src/stm32f7xx_ll_usb.o
                0x000000000800b6b0                USB_GetMode
 .text.USB_CoreReset
                0x000000000800b6cc       0x68 ./Drivers/STM32F7xx_HAL_Driver/Src/stm32f7xx_ll_usb.o
 .text.MX_MEMS_Init
                0x000000000800b734        0xc ./MEMS/App/app_mems.o
                0x000000000800b734                MX_MEMS_Init
 .text.MX_IKS01A3_LIS2DW12_SelfTest_Init
                0x000000000800b740       0x60 ./MEMS/App/app_mems.o
 .text.BSP_PB_Callback
                0x000000000800b7a0       0x20 ./MEMS/App/app_mems.o
                0x000000000800b7a0                BSP_PB_Callback
 .text.__errno  0x000000000800b7c0        0xc c:/users/raphael.baumeler/stm32cubeide_1.10.1/stm32cubeide/plugins/com.st.stm32cube.ide.mcu.externaltools.gnu-tools-for-stm32.10.3-2021.10.win32_1.0.0.202111181127/tools/bin/../lib/gcc/arm-none-eabi/10.3.1/../../../../arm-none-eabi/lib/thumb/v7e-m+fp/hard\libc_nano.a(lib_a-errno.o)
                0x000000000800b7c0                __errno
 .text.__libc_init_array
                0x000000000800b7cc       0x48 c:/users/raphael.baumeler/stm32cubeide_1.10.1/stm32cubeide/plugins/com.st.stm32cube.ide.mcu.externaltools.gnu-tools-for-stm32.10.3-2021.10.win32_1.0.0.202111181127/tools/bin/../lib/gcc/arm-none-eabi/10.3.1/../../../../arm-none-eabi/lib/thumb/v7e-m+fp/hard\libc_nano.a(lib_a-init.o)
                0x000000000800b7cc                __libc_init_array
 .text.memset   0x000000000800b814       0x10 c:/users/raphael.baumeler/stm32cubeide_1.10.1/stm32cubeide/plugins/com.st.stm32cube.ide.mcu.externaltools.gnu-tools-for-stm32.10.3-2021.10.win32_1.0.0.202111181127/tools/bin/../lib/gcc/arm-none-eabi/10.3.1/../../../../arm-none-eabi/lib/thumb/v7e-m+fp/hard\libc_nano.a(lib_a-memset.o)
                0x000000000800b814                memset
 .text.__cvt    0x000000000800b824       0xc4 c:/users/raphael.baumeler/stm32cubeide_1.10.1/stm32cubeide/plugins/com.st.stm32cube.ide.mcu.externaltools.gnu-tools-for-stm32.10.3-2021.10.win32_1.0.0.202111181127/tools/bin/../lib/gcc/arm-none-eabi/10.3.1/../../../../arm-none-eabi/lib/thumb/v7e-m+fp/hard\libc_nano.a(lib_a-nano-vfprintf_float.o)
                0x000000000800b824                __cvt
 .text.__exponent
                0x000000000800b8e8       0x7c c:/users/raphael.baumeler/stm32cubeide_1.10.1/stm32cubeide/plugins/com.st.stm32cube.ide.mcu.externaltools.gnu-tools-for-stm32.10.3-2021.10.win32_1.0.0.202111181127/tools/bin/../lib/gcc/arm-none-eabi/10.3.1/../../../../arm-none-eabi/lib/thumb/v7e-m+fp/hard\libc_nano.a(lib_a-nano-vfprintf_float.o)
                0x000000000800b8e8                __exponent
 .text._printf_float
                0x000000000800b964      0x46c c:/users/raphael.baumeler/stm32cubeide_1.10.1/stm32cubeide/plugins/com.st.stm32cube.ide.mcu.externaltools.gnu-tools-for-stm32.10.3-2021.10.win32_1.0.0.202111181127/tools/bin/../lib/gcc/arm-none-eabi/10.3.1/../../../../arm-none-eabi/lib/thumb/v7e-m+fp/hard\libc_nano.a(lib_a-nano-vfprintf_float.o)
                0x000000000800b964                _printf_float
 .text._printf_common
                0x000000000800bdd0       0xda c:/users/raphael.baumeler/stm32cubeide_1.10.1/stm32cubeide/plugins/com.st.stm32cube.ide.mcu.externaltools.gnu-tools-for-stm32.10.3-2021.10.win32_1.0.0.202111181127/tools/bin/../lib/gcc/arm-none-eabi/10.3.1/../../../../arm-none-eabi/lib/thumb/v7e-m+fp/hard\libc_nano.a(lib_a-nano-vfprintf_i.o)
                0x000000000800bdd0                _printf_common
 *fill*         0x000000000800beaa        0x2 
 .text._printf_i
                0x000000000800beac      0x24c c:/users/raphael.baumeler/stm32cubeide_1.10.1/stm32cubeide/plugins/com.st.stm32cube.ide.mcu.externaltools.gnu-tools-for-stm32.10.3-2021.10.win32_1.0.0.202111181127/tools/bin/../lib/gcc/arm-none-eabi/10.3.1/../../../../arm-none-eabi/lib/thumb/v7e-m+fp/hard\libc_nano.a(lib_a-nano-vfprintf_i.o)
                0x000000000800beac                _printf_i
 .text.printf   0x000000000800c0f8       0x30 c:/users/raphael.baumeler/stm32cubeide_1.10.1/stm32cubeide/plugins/com.st.stm32cube.ide.mcu.externaltools.gnu-tools-for-stm32.10.3-2021.10.win32_1.0.0.202111181127/tools/bin/../lib/gcc/arm-none-eabi/10.3.1/../../../../arm-none-eabi/lib/thumb/v7e-m+fp/hard\libc_nano.a(lib_a-printf.o)
                0x000000000800c0f8                iprintf
                0x000000000800c0f8                printf
 .text.snprintf
                0x000000000800c128       0x68 c:/users/raphael.baumeler/stm32cubeide_1.10.1/stm32cubeide/plugins/com.st.stm32cube.ide.mcu.externaltools.gnu-tools-for-stm32.10.3-2021.10.win32_1.0.0.202111181127/tools/bin/../lib/gcc/arm-none-eabi/10.3.1/../../../../arm-none-eabi/lib/thumb/v7e-m+fp/hard\libc_nano.a(lib_a-snprintf.o)
                0x000000000800c128                sniprintf
                0x000000000800c128                snprintf
 .text.quorem   0x000000000800c190      0x116 c:/users/raphael.baumeler/stm32cubeide_1.10.1/stm32cubeide/plugins/com.st.stm32cube.ide.mcu.externaltools.gnu-tools-for-stm32.10.3-2021.10.win32_1.0.0.202111181127/tools/bin/../lib/gcc/arm-none-eabi/10.3.1/../../../../arm-none-eabi/lib/thumb/v7e-m+fp/hard\libc_nano.a(lib_a-dtoa.o)
 *fill*         0x000000000800c2a6        0x2 
 .text._dtoa_r  0x000000000800c2a8      0xbdc c:/users/raphael.baumeler/stm32cubeide_1.10.1/stm32cubeide/plugins/com.st.stm32cube.ide.mcu.externaltools.gnu-tools-for-stm32.10.3-2021.10.win32_1.0.0.202111181127/tools/bin/../lib/gcc/arm-none-eabi/10.3.1/../../../../arm-none-eabi/lib/thumb/v7e-m+fp/hard\libc_nano.a(lib_a-dtoa.o)
                0x000000000800c2a8                _dtoa_r
 .text.std      0x000000000800ce84       0x48 c:/users/raphael.baumeler/stm32cubeide_1.10.1/stm32cubeide/plugins/com.st.stm32cube.ide.mcu.externaltools.gnu-tools-for-stm32.10.3-2021.10.win32_1.0.0.202111181127/tools/bin/../lib/gcc/arm-none-eabi/10.3.1/../../../../arm-none-eabi/lib/thumb/v7e-m+fp/hard\libc_nano.a(lib_a-findfp.o)
 .text._cleanup_r
                0x000000000800cecc        0xc c:/users/raphael.baumeler/stm32cubeide_1.10.1/stm32cubeide/plugins/com.st.stm32cube.ide.mcu.externaltools.gnu-tools-for-stm32.10.3-2021.10.win32_1.0.0.202111181127/tools/bin/../lib/gcc/arm-none-eabi/10.3.1/../../../../arm-none-eabi/lib/thumb/v7e-m+fp/hard\libc_nano.a(lib_a-findfp.o)
                0x000000000800cecc                _cleanup_r
 .text.__sfmoreglue
                0x000000000800ced8       0x2c c:/users/raphael.baumeler/stm32cubeide_1.10.1/stm32cubeide/plugins/com.st.stm32cube.ide.mcu.externaltools.gnu-tools-for-stm32.10.3-2021.10.win32_1.0.0.202111181127/tools/bin/../lib/gcc/arm-none-eabi/10.3.1/../../../../arm-none-eabi/lib/thumb/v7e-m+fp/hard\libc_nano.a(lib_a-findfp.o)
                0x000000000800ced8                __sfmoreglue
 .text.__sfp_lock_acquire
                0x000000000800cf04        0xc c:/users/raphael.baumeler/stm32cubeide_1.10.1/stm32cubeide/plugins/com.st.stm32cube.ide.mcu.externaltools.gnu-tools-for-stm32.10.3-2021.10.win32_1.0.0.202111181127/tools/bin/../lib/gcc/arm-none-eabi/10.3.1/../../../../arm-none-eabi/lib/thumb/v7e-m+fp/hard\libc_nano.a(lib_a-findfp.o)
                0x000000000800cf04                __sfp_lock_acquire
 .text.__sfp_lock_release
                0x000000000800cf10        0xc c:/users/raphael.baumeler/stm32cubeide_1.10.1/stm32cubeide/plugins/com.st.stm32cube.ide.mcu.externaltools.gnu-tools-for-stm32.10.3-2021.10.win32_1.0.0.202111181127/tools/bin/../lib/gcc/arm-none-eabi/10.3.1/../../../../arm-none-eabi/lib/thumb/v7e-m+fp/hard\libc_nano.a(lib_a-findfp.o)
                0x000000000800cf10                __sfp_lock_release
 .text.__sinit_lock_acquire
                0x000000000800cf1c        0xc c:/users/raphael.baumeler/stm32cubeide_1.10.1/stm32cubeide/plugins/com.st.stm32cube.ide.mcu.externaltools.gnu-tools-for-stm32.10.3-2021.10.win32_1.0.0.202111181127/tools/bin/../lib/gcc/arm-none-eabi/10.3.1/../../../../arm-none-eabi/lib/thumb/v7e-m+fp/hard\libc_nano.a(lib_a-findfp.o)
                0x000000000800cf1c                __sinit_lock_acquire
 .text.__sinit_lock_release
                0x000000000800cf28        0xc c:/users/raphael.baumeler/stm32cubeide_1.10.1/stm32cubeide/plugins/com.st.stm32cube.ide.mcu.externaltools.gnu-tools-for-stm32.10.3-2021.10.win32_1.0.0.202111181127/tools/bin/../lib/gcc/arm-none-eabi/10.3.1/../../../../arm-none-eabi/lib/thumb/v7e-m+fp/hard\libc_nano.a(lib_a-findfp.o)
                0x000000000800cf28                __sinit_lock_release
 .text.__sinit  0x000000000800cf34       0x70 c:/users/raphael.baumeler/stm32cubeide_1.10.1/stm32cubeide/plugins/com.st.stm32cube.ide.mcu.externaltools.gnu-tools-for-stm32.10.3-2021.10.win32_1.0.0.202111181127/tools/bin/../lib/gcc/arm-none-eabi/10.3.1/../../../../arm-none-eabi/lib/thumb/v7e-m+fp/hard\libc_nano.a(lib_a-findfp.o)
                0x000000000800cf34                __sinit
 .text.__sfp    0x000000000800cfa4       0x8c c:/users/raphael.baumeler/stm32cubeide_1.10.1/stm32cubeide/plugins/com.st.stm32cube.ide.mcu.externaltools.gnu-tools-for-stm32.10.3-2021.10.win32_1.0.0.202111181127/tools/bin/../lib/gcc/arm-none-eabi/10.3.1/../../../../arm-none-eabi/lib/thumb/v7e-m+fp/hard\libc_nano.a(lib_a-findfp.o)
                0x000000000800cfa4                __sfp
 .text._fwalk_reent
                0x000000000800d030       0x3e c:/users/raphael.baumeler/stm32cubeide_1.10.1/stm32cubeide/plugins/com.st.stm32cube.ide.mcu.externaltools.gnu-tools-for-stm32.10.3-2021.10.win32_1.0.0.202111181127/tools/bin/../lib/gcc/arm-none-eabi/10.3.1/../../../../arm-none-eabi/lib/thumb/v7e-m+fp/hard\libc_nano.a(lib_a-fwalk.o)
                0x000000000800d030                _fwalk_reent
 *fill*         0x000000000800d06e        0x2 
 .text._localeconv_r
                0x000000000800d070        0x8 c:/users/raphael.baumeler/stm32cubeide_1.10.1/stm32cubeide/plugins/com.st.stm32cube.ide.mcu.externaltools.gnu-tools-for-stm32.10.3-2021.10.win32_1.0.0.202111181127/tools/bin/../lib/gcc/arm-none-eabi/10.3.1/../../../../arm-none-eabi/lib/thumb/v7e-m+fp/hard\libc_nano.a(lib_a-localeconv.o)
                0x000000000800d070                _localeconv_r
 .text.__retarget_lock_init_recursive
                0x000000000800d078        0x2 c:/users/raphael.baumeler/stm32cubeide_1.10.1/stm32cubeide/plugins/com.st.stm32cube.ide.mcu.externaltools.gnu-tools-for-stm32.10.3-2021.10.win32_1.0.0.202111181127/tools/bin/../lib/gcc/arm-none-eabi/10.3.1/../../../../arm-none-eabi/lib/thumb/v7e-m+fp/hard\libc_nano.a(lib_a-lock.o)
                0x000000000800d078                __retarget_lock_init_recursive
 .text.__retarget_lock_acquire_recursive
                0x000000000800d07a        0x2 c:/users/raphael.baumeler/stm32cubeide_1.10.1/stm32cubeide/plugins/com.st.stm32cube.ide.mcu.externaltools.gnu-tools-for-stm32.10.3-2021.10.win32_1.0.0.202111181127/tools/bin/../lib/gcc/arm-none-eabi/10.3.1/../../../../arm-none-eabi/lib/thumb/v7e-m+fp/hard\libc_nano.a(lib_a-lock.o)
                0x000000000800d07a                __retarget_lock_acquire_recursive
 .text.__retarget_lock_release_recursive
                0x000000000800d07c        0x2 c:/users/raphael.baumeler/stm32cubeide_1.10.1/stm32cubeide/plugins/com.st.stm32cube.ide.mcu.externaltools.gnu-tools-for-stm32.10.3-2021.10.win32_1.0.0.202111181127/tools/bin/../lib/gcc/arm-none-eabi/10.3.1/../../../../arm-none-eabi/lib/thumb/v7e-m+fp/hard\libc_nano.a(lib_a-lock.o)
                0x000000000800d07c                __retarget_lock_release_recursive
 *fill*         0x000000000800d07e        0x2 
 .text.malloc   0x000000000800d080       0x10 c:/users/raphael.baumeler/stm32cubeide_1.10.1/stm32cubeide/plugins/com.st.stm32cube.ide.mcu.externaltools.gnu-tools-for-stm32.10.3-2021.10.win32_1.0.0.202111181127/tools/bin/../lib/gcc/arm-none-eabi/10.3.1/../../../../arm-none-eabi/lib/thumb/v7e-m+fp/hard\libc_nano.a(lib_a-malloc.o)
                0x000000000800d080                malloc
 .text.memcpy   0x000000000800d090       0x1c c:/users/raphael.baumeler/stm32cubeide_1.10.1/stm32cubeide/plugins/com.st.stm32cube.ide.mcu.externaltools.gnu-tools-for-stm32.10.3-2021.10.win32_1.0.0.202111181127/tools/bin/../lib/gcc/arm-none-eabi/10.3.1/../../../../arm-none-eabi/lib/thumb/v7e-m+fp/hard\libc_nano.a(lib_a-memcpy-stub.o)
                0x000000000800d090                memcpy
 .text._Balloc  0x000000000800d0ac       0x80 c:/users/raphael.baumeler/stm32cubeide_1.10.1/stm32cubeide/plugins/com.st.stm32cube.ide.mcu.externaltools.gnu-tools-for-stm32.10.3-2021.10.win32_1.0.0.202111181127/tools/bin/../lib/gcc/arm-none-eabi/10.3.1/../../../../arm-none-eabi/lib/thumb/v7e-m+fp/hard\libc_nano.a(lib_a-mprec.o)
                0x000000000800d0ac                _Balloc
 .text._Bfree   0x000000000800d12c       0x44 c:/users/raphael.baumeler/stm32cubeide_1.10.1/stm32cubeide/plugins/com.st.stm32cube.ide.mcu.externaltools.gnu-tools-for-stm32.10.3-2021.10.win32_1.0.0.202111181127/tools/bin/../lib/gcc/arm-none-eabi/10.3.1/../../../../arm-none-eabi/lib/thumb/v7e-m+fp/hard\libc_nano.a(lib_a-mprec.o)
                0x000000000800d12c                _Bfree
 .text.__multadd
                0x000000000800d170       0x8c c:/users/raphael.baumeler/stm32cubeide_1.10.1/stm32cubeide/plugins/com.st.stm32cube.ide.mcu.externaltools.gnu-tools-for-stm32.10.3-2021.10.win32_1.0.0.202111181127/tools/bin/../lib/gcc/arm-none-eabi/10.3.1/../../../../arm-none-eabi/lib/thumb/v7e-m+fp/hard\libc_nano.a(lib_a-mprec.o)
                0x000000000800d170                __multadd
 .text.__hi0bits
                0x000000000800d1fc       0x40 c:/users/raphael.baumeler/stm32cubeide_1.10.1/stm32cubeide/plugins/com.st.stm32cube.ide.mcu.externaltools.gnu-tools-for-stm32.10.3-2021.10.win32_1.0.0.202111181127/tools/bin/../lib/gcc/arm-none-eabi/10.3.1/../../../../arm-none-eabi/lib/thumb/v7e-m+fp/hard\libc_nano.a(lib_a-mprec.o)
                0x000000000800d1fc                __hi0bits
 .text.__lo0bits
                0x000000000800d23c       0x5e c:/users/raphael.baumeler/stm32cubeide_1.10.1/stm32cubeide/plugins/com.st.stm32cube.ide.mcu.externaltools.gnu-tools-for-stm32.10.3-2021.10.win32_1.0.0.202111181127/tools/bin/../lib/gcc/arm-none-eabi/10.3.1/../../../../arm-none-eabi/lib/thumb/v7e-m+fp/hard\libc_nano.a(lib_a-mprec.o)
                0x000000000800d23c                __lo0bits
 *fill*         0x000000000800d29a        0x2 
 .text.__i2b    0x000000000800d29c       0x2c c:/users/raphael.baumeler/stm32cubeide_1.10.1/stm32cubeide/plugins/com.st.stm32cube.ide.mcu.externaltools.gnu-tools-for-stm32.10.3-2021.10.win32_1.0.0.202111181127/tools/bin/../lib/gcc/arm-none-eabi/10.3.1/../../../../arm-none-eabi/lib/thumb/v7e-m+fp/hard\libc_nano.a(lib_a-mprec.o)
                0x000000000800d29c                __i2b
 .text.__multiply
                0x000000000800d2c8      0x154 c:/users/raphael.baumeler/stm32cubeide_1.10.1/stm32cubeide/plugins/com.st.stm32cube.ide.mcu.externaltools.gnu-tools-for-stm32.10.3-2021.10.win32_1.0.0.202111181127/tools/bin/../lib/gcc/arm-none-eabi/10.3.1/../../../../arm-none-eabi/lib/thumb/v7e-m+fp/hard\libc_nano.a(lib_a-mprec.o)
                0x000000000800d2c8                __multiply
 .text.__pow5mult
                0x000000000800d41c       0xb4 c:/users/raphael.baumeler/stm32cubeide_1.10.1/stm32cubeide/plugins/com.st.stm32cube.ide.mcu.externaltools.gnu-tools-for-stm32.10.3-2021.10.win32_1.0.0.202111181127/tools/bin/../lib/gcc/arm-none-eabi/10.3.1/../../../../arm-none-eabi/lib/thumb/v7e-m+fp/hard\libc_nano.a(lib_a-mprec.o)
                0x000000000800d41c                __pow5mult
 .text.__lshift
                0x000000000800d4d0       0xe0 c:/users/raphael.baumeler/stm32cubeide_1.10.1/stm32cubeide/plugins/com.st.stm32cube.ide.mcu.externaltools.gnu-tools-for-stm32.10.3-2021.10.win32_1.0.0.202111181127/tools/bin/../lib/gcc/arm-none-eabi/10.3.1/../../../../arm-none-eabi/lib/thumb/v7e-m+fp/hard\libc_nano.a(lib_a-mprec.o)
                0x000000000800d4d0                __lshift
 .text.__mcmp   0x000000000800d5b0       0x38 c:/users/raphael.baumeler/stm32cubeide_1.10.1/stm32cubeide/plugins/com.st.stm32cube.ide.mcu.externaltools.gnu-tools-for-stm32.10.3-2021.10.win32_1.0.0.202111181127/tools/bin/../lib/gcc/arm-none-eabi/10.3.1/../../../../arm-none-eabi/lib/thumb/v7e-m+fp/hard\libc_nano.a(lib_a-mprec.o)
                0x000000000800d5b0                __mcmp
 .text.__mdiff  0x000000000800d5e8      0x114 c:/users/raphael.baumeler/stm32cubeide_1.10.1/stm32cubeide/plugins/com.st.stm32cube.ide.mcu.externaltools.gnu-tools-for-stm32.10.3-2021.10.win32_1.0.0.202111181127/tools/bin/../lib/gcc/arm-none-eabi/10.3.1/../../../../arm-none-eabi/lib/thumb/v7e-m+fp/hard\libc_nano.a(lib_a-mprec.o)
                0x000000000800d5e8                __mdiff
 .text.__d2b    0x000000000800d6fc       0xb8 c:/users/raphael.baumeler/stm32cubeide_1.10.1/stm32cubeide/plugins/com.st.stm32cube.ide.mcu.externaltools.gnu-tools-for-stm32.10.3-2021.10.win32_1.0.0.202111181127/tools/bin/../lib/gcc/arm-none-eabi/10.3.1/../../../../arm-none-eabi/lib/thumb/v7e-m+fp/hard\libc_nano.a(lib_a-mprec.o)
                0x000000000800d6fc                __d2b
 .text._calloc_r
                0x000000000800d7b4       0x2c c:/users/raphael.baumeler/stm32cubeide_1.10.1/stm32cubeide/plugins/com.st.stm32cube.ide.mcu.externaltools.gnu-tools-for-stm32.10.3-2021.10.win32_1.0.0.202111181127/tools/bin/../lib/gcc/arm-none-eabi/10.3.1/../../../../arm-none-eabi/lib/thumb/v7e-m+fp/hard\libc_nano.a(lib_a-nano-callocr.o)
                0x000000000800d7b4                _calloc_r
 .text._free_r  0x000000000800d7e0       0x98 c:/users/raphael.baumeler/stm32cubeide_1.10.1/stm32cubeide/plugins/com.st.stm32cube.ide.mcu.externaltools.gnu-tools-for-stm32.10.3-2021.10.win32_1.0.0.202111181127/tools/bin/../lib/gcc/arm-none-eabi/10.3.1/../../../../arm-none-eabi/lib/thumb/v7e-m+fp/hard\libc_nano.a(lib_a-nano-freer.o)
                0x000000000800d7e0                _free_r
 .text.sbrk_aligned
                0x000000000800d878       0x40 c:/users/raphael.baumeler/stm32cubeide_1.10.1/stm32cubeide/plugins/com.st.stm32cube.ide.mcu.externaltools.gnu-tools-for-stm32.10.3-2021.10.win32_1.0.0.202111181127/tools/bin/../lib/gcc/arm-none-eabi/10.3.1/../../../../arm-none-eabi/lib/thumb/v7e-m+fp/hard\libc_nano.a(lib_a-nano-mallocr.o)
 .text._malloc_r
                0x000000000800d8b8       0xe8 c:/users/raphael.baumeler/stm32cubeide_1.10.1/stm32cubeide/plugins/com.st.stm32cube.ide.mcu.externaltools.gnu-tools-for-stm32.10.3-2021.10.win32_1.0.0.202111181127/tools/bin/../lib/gcc/arm-none-eabi/10.3.1/../../../../arm-none-eabi/lib/thumb/v7e-m+fp/hard\libc_nano.a(lib_a-nano-mallocr.o)
                0x000000000800d8b8                _malloc_r
 .text.__ssputs_r
                0x000000000800d9a0       0xb6 c:/users/raphael.baumeler/stm32cubeide_1.10.1/stm32cubeide/plugins/com.st.stm32cube.ide.mcu.externaltools.gnu-tools-for-stm32.10.3-2021.10.win32_1.0.0.202111181127/tools/bin/../lib/gcc/arm-none-eabi/10.3.1/../../../../arm-none-eabi/lib/thumb/v7e-m+fp/hard\libc_nano.a(lib_a-nano-svfprintf.o)
                0x000000000800d9a0                __ssputs_r
 *fill*         0x000000000800da56        0x2 
 .text._svfprintf_r
                0x000000000800da58      0x200 c:/users/raphael.baumeler/stm32cubeide_1.10.1/stm32cubeide/plugins/com.st.stm32cube.ide.mcu.externaltools.gnu-tools-for-stm32.10.3-2021.10.win32_1.0.0.202111181127/tools/bin/../lib/gcc/arm-none-eabi/10.3.1/../../../../arm-none-eabi/lib/thumb/v7e-m+fp/hard\libc_nano.a(lib_a-nano-svfprintf.o)
                0x000000000800da58                _svfiprintf_r
                0x000000000800da58                _svfprintf_r
 .text.__sfputc_r
                0x000000000800dc58       0x2e c:/users/raphael.baumeler/stm32cubeide_1.10.1/stm32cubeide/plugins/com.st.stm32cube.ide.mcu.externaltools.gnu-tools-for-stm32.10.3-2021.10.win32_1.0.0.202111181127/tools/bin/../lib/gcc/arm-none-eabi/10.3.1/../../../../arm-none-eabi/lib/thumb/v7e-m+fp/hard\libc_nano.a(lib_a-nano-vfprintf.o)
 .text.__sfputs_r
                0x000000000800dc86       0x24 c:/users/raphael.baumeler/stm32cubeide_1.10.1/stm32cubeide/plugins/com.st.stm32cube.ide.mcu.externaltools.gnu-tools-for-stm32.10.3-2021.10.win32_1.0.0.202111181127/tools/bin/../lib/gcc/arm-none-eabi/10.3.1/../../../../arm-none-eabi/lib/thumb/v7e-m+fp/hard\libc_nano.a(lib_a-nano-vfprintf.o)
                0x000000000800dc86                __sfputs_r
 *fill*         0x000000000800dcaa        0x2 
 .text._vfprintf_r
                0x000000000800dcac      0x260 c:/users/raphael.baumeler/stm32cubeide_1.10.1/stm32cubeide/plugins/com.st.stm32cube.ide.mcu.externaltools.gnu-tools-for-stm32.10.3-2021.10.win32_1.0.0.202111181127/tools/bin/../lib/gcc/arm-none-eabi/10.3.1/../../../../arm-none-eabi/lib/thumb/v7e-m+fp/hard\libc_nano.a(lib_a-nano-vfprintf.o)
                0x000000000800dcac                _vfprintf_r
                0x000000000800dcac                _vfiprintf_r
 .text._sbrk_r  0x000000000800df0c       0x20 c:/users/raphael.baumeler/stm32cubeide_1.10.1/stm32cubeide/plugins/com.st.stm32cube.ide.mcu.externaltools.gnu-tools-for-stm32.10.3-2021.10.win32_1.0.0.202111181127/tools/bin/../lib/gcc/arm-none-eabi/10.3.1/../../../../arm-none-eabi/lib/thumb/v7e-m+fp/hard\libc_nano.a(lib_a-sbrkr.o)
                0x000000000800df0c                _sbrk_r
 .text.__sread  0x000000000800df2c       0x22 c:/users/raphael.baumeler/stm32cubeide_1.10.1/stm32cubeide/plugins/com.st.stm32cube.ide.mcu.externaltools.gnu-tools-for-stm32.10.3-2021.10.win32_1.0.0.202111181127/tools/bin/../lib/gcc/arm-none-eabi/10.3.1/../../../../arm-none-eabi/lib/thumb/v7e-m+fp/hard\libc_nano.a(lib_a-stdio.o)
                0x000000000800df2c                __sread
 .text.__swrite
                0x000000000800df4e       0x38 c:/users/raphael.baumeler/stm32cubeide_1.10.1/stm32cubeide/plugins/com.st.stm32cube.ide.mcu.externaltools.gnu-tools-for-stm32.10.3-2021.10.win32_1.0.0.202111181127/tools/bin/../lib/gcc/arm-none-eabi/10.3.1/../../../../arm-none-eabi/lib/thumb/v7e-m+fp/hard\libc_nano.a(lib_a-stdio.o)
                0x000000000800df4e                __swrite
 .text.__sseek  0x000000000800df86       0x24 c:/users/raphael.baumeler/stm32cubeide_1.10.1/stm32cubeide/plugins/com.st.stm32cube.ide.mcu.externaltools.gnu-tools-for-stm32.10.3-2021.10.win32_1.0.0.202111181127/tools/bin/../lib/gcc/arm-none-eabi/10.3.1/../../../../arm-none-eabi/lib/thumb/v7e-m+fp/hard\libc_nano.a(lib_a-stdio.o)
                0x000000000800df86                __sseek
 .text.__sclose
                0x000000000800dfaa        0x8 c:/users/raphael.baumeler/stm32cubeide_1.10.1/stm32cubeide/plugins/com.st.stm32cube.ide.mcu.externaltools.gnu-tools-for-stm32.10.3-2021.10.win32_1.0.0.202111181127/tools/bin/../lib/gcc/arm-none-eabi/10.3.1/../../../../arm-none-eabi/lib/thumb/v7e-m+fp/hard\libc_nano.a(lib_a-stdio.o)
                0x000000000800dfaa                __sclose
 *fill*         0x000000000800dfb2        0x2 
 .text.__swbuf_r
                0x000000000800dfb4       0xa4 c:/users/raphael.baumeler/stm32cubeide_1.10.1/stm32cubeide/plugins/com.st.stm32cube.ide.mcu.externaltools.gnu-tools-for-stm32.10.3-2021.10.win32_1.0.0.202111181127/tools/bin/../lib/gcc/arm-none-eabi/10.3.1/../../../../arm-none-eabi/lib/thumb/v7e-m+fp/hard\libc_nano.a(lib_a-wbuf.o)
                0x000000000800dfb4                __swbuf_r
 .text._write_r
                0x000000000800e058       0x24 c:/users/raphael.baumeler/stm32cubeide_1.10.1/stm32cubeide/plugins/com.st.stm32cube.ide.mcu.externaltools.gnu-tools-for-stm32.10.3-2021.10.win32_1.0.0.202111181127/tools/bin/../lib/gcc/arm-none-eabi/10.3.1/../../../../arm-none-eabi/lib/thumb/v7e-m+fp/hard\libc_nano.a(lib_a-writer.o)
                0x000000000800e058                _write_r
 .text.__swsetup_r
                0x000000000800e07c       0xdc c:/users/raphael.baumeler/stm32cubeide_1.10.1/stm32cubeide/plugins/com.st.stm32cube.ide.mcu.externaltools.gnu-tools-for-stm32.10.3-2021.10.win32_1.0.0.202111181127/tools/bin/../lib/gcc/arm-none-eabi/10.3.1/../../../../arm-none-eabi/lib/thumb/v7e-m+fp/hard\libc_nano.a(lib_a-wsetup.o)
                0x000000000800e07c                __swsetup_r
 .text.__assert_func
                0x000000000800e158       0x3c c:/users/raphael.baumeler/stm32cubeide_1.10.1/stm32cubeide/plugins/com.st.stm32cube.ide.mcu.externaltools.gnu-tools-for-stm32.10.3-2021.10.win32_1.0.0.202111181127/tools/bin/../lib/gcc/arm-none-eabi/10.3.1/../../../../arm-none-eabi/lib/thumb/v7e-m+fp/hard\libc_nano.a(lib_a-assert.o)
                0x000000000800e158                __assert_func
 .text._close_r
                0x000000000800e194       0x20 c:/users/raphael.baumeler/stm32cubeide_1.10.1/stm32cubeide/plugins/com.st.stm32cube.ide.mcu.externaltools.gnu-tools-for-stm32.10.3-2021.10.win32_1.0.0.202111181127/tools/bin/../lib/gcc/arm-none-eabi/10.3.1/../../../../arm-none-eabi/lib/thumb/v7e-m+fp/hard\libc_nano.a(lib_a-closer.o)
                0x000000000800e194                _close_r
 .text.__sflush_r
                0x000000000800e1b4      0x10c c:/users/raphael.baumeler/stm32cubeide_1.10.1/stm32cubeide/plugins/com.st.stm32cube.ide.mcu.externaltools.gnu-tools-for-stm32.10.3-2021.10.win32_1.0.0.202111181127/tools/bin/../lib/gcc/arm-none-eabi/10.3.1/../../../../arm-none-eabi/lib/thumb/v7e-m+fp/hard\libc_nano.a(lib_a-fflush.o)
                0x000000000800e1b4                __sflush_r
 .text._fflush_r
                0x000000000800e2c0       0x78 c:/users/raphael.baumeler/stm32cubeide_1.10.1/stm32cubeide/plugins/com.st.stm32cube.ide.mcu.externaltools.gnu-tools-for-stm32.10.3-2021.10.win32_1.0.0.202111181127/tools/bin/../lib/gcc/arm-none-eabi/10.3.1/../../../../arm-none-eabi/lib/thumb/v7e-m+fp/hard\libc_nano.a(lib_a-fflush.o)
                0x000000000800e2c0                _fflush_r
 .text.fprintf  0x000000000800e338       0x24 c:/users/raphael.baumeler/stm32cubeide_1.10.1/stm32cubeide/plugins/com.st.stm32cube.ide.mcu.externaltools.gnu-tools-for-stm32.10.3-2021.10.win32_1.0.0.202111181127/tools/bin/../lib/gcc/arm-none-eabi/10.3.1/../../../../arm-none-eabi/lib/thumb/v7e-m+fp/hard\libc_nano.a(lib_a-fprintf.o)
                0x000000000800e338                fiprintf
                0x000000000800e338                fprintf
 .text._lseek_r
                0x000000000800e35c       0x24 c:/users/raphael.baumeler/stm32cubeide_1.10.1/stm32cubeide/plugins/com.st.stm32cube.ide.mcu.externaltools.gnu-tools-for-stm32.10.3-2021.10.win32_1.0.0.202111181127/tools/bin/../lib/gcc/arm-none-eabi/10.3.1/../../../../arm-none-eabi/lib/thumb/v7e-m+fp/hard\libc_nano.a(lib_a-lseekr.o)
                0x000000000800e35c                _lseek_r
 .text.__swhatbuf_r