c:\users\raphael.baumeler\stm32cubeide_1.10.1\stm32cubeide\plugins\com.st.stm32cube.ide.mcu.externaltools.gnu-tools-for-stm32.10.3-2021.10.win32_1.0.0.202111181127\tools\bin\../lib/gcc/arm-none-eabi/10.3.1/../../../../arm-none-eabi/include/c++/10.3.1/arm-none-eabi/thumb/v7e-m+fp/hard/bits/gthr-default.h:229:1:int __gthread_key_delete(__gthread_key_t)	16	static
../Core/Src/cpp_main.cpp:19:6:void cpp_main()	16	static
../Core/Src/cpp_main.cpp:44:6:void HAL_GPIO_EXTI_Callback(uint16_t)	16	static
../Core/Src/cpp_main.cpp:48:1:void __static_initialization_and_destruction_0(int, int)	16	static
../Core/Src/cpp_main.cpp:48:1:cpp)	8	static
../Core/Src/cpp_main.cpp:48:1:cpp)	8	static
