../Core/Src/main.c:89:5:__io_putchar	24	static
../Core/Src/main.c:97:5:_write	24	static
../Core/Src/main.c:120:5:main	8	static
../Core/Src/main.c:168:6:SystemClock_Config	88	static
../Core/Src/main.c:218:13:MX_ADC1_Init	24	static
../Core/Src/main.c:270:13:MX_ETH_Init	8	static
../Core/Src/main.c:319:13:MX_USART3_UART_Init	8	static
../Core/Src/main.c:354:13:MX_USB_OTG_FS_PCD_Init	8	static
../Core/Src/main.c:389:13:MX_GPIO_Init	56	static
../Core/Src/main.c:441:7:ADC_ReadTemperature	40	static
../Core/Src/main.c:467:6:Error_Handler	4	static,ignoring_inline_asm
