../Core/Src/stm32f7xx_hal_msp.c:63:6:HAL_MspInit	8	static
../Core/Src/stm32f7xx_hal_msp.c:85:6:HAL_ADC_MspInit	40	static
../Core/Src/stm32f7xx_hal_msp.c:118:6:HAL_ADC_MspDeInit	0	static
../Core/Src/stm32f7xx_hal_msp.c:146:6:HAL_ETH_MspInit	72	static
../Core/Src/stm32f7xx_hal_msp.c:213:6:HAL_ETH_MspDeInit	8	static
../Core/Src/stm32f7xx_hal_msp.c:255:6:HAL_UART_MspInit	168	static
../Core/Src/stm32f7xx_hal_msp.c:302:6:HAL_UART_MspDeInit	0	static
../Core/Src/stm32f7xx_hal_msp.c:331:6:HAL_PCD_MspInit	184	static
../Core/Src/stm32f7xx_hal_msp.c:385:6:HAL_PCD_MspDeInit	0	static
