c:\users\raphael.baumeler\stm32cubeide_1.10.1\stm32cubeide\plugins\com.st.stm32cube.ide.mcu.externaltools.gnu-tools-for-stm32.10.3-2021.10.win32_1.0.0.202111181127\tools\arm-none-eabi\include\c++\10.3.1\new:174:33:void* operator new(std::size_t, void*)	16	static
c:\users\raphael.baumeler\stm32cubeide_1.10.1\stm32cubeide\plugins\com.st.stm32cube.ide.mcu.externaltools.gnu-tools-for-stm32.10.3-2021.10.win32_1.0.0.202111181127\tools\bin\../lib/gcc/arm-none-eabi/10.3.1/../../../../arm-none-eabi/include/c++/10.3.1/arm-none-eabi/thumb/v7e-m+fp/hard/bits/gthr-default.h:229:1:int __gthread_key_delete(__gthread_key_t)	16	static
C:/Users/raphael.baumeler/STM32CubeIDE/workspace_1.10.1/Test/CPP_Core/Inc/util_ring_allocator.h:39:9:util::ring_allocator_base::buffer_type::buffer_type()	16	static
c:\users\raphael.baumeler\stm32cubeide_1.10.1\stm32cubeide\plugins\com.st.stm32cube.ide.mcu.externaltools.gnu-tools-for-stm32.10.3-2021.10.win32_1.0.0.202111181127\tools\bin\../lib/gcc/arm-none-eabi/10.3.1/../../../../arm-none-eabi/include/c++/10.3.1/bits/stl_vector.h:288:7:std::_Vector_base<_Tp, _Alloc>::_Vector_base() [with _Tp = long int; _Alloc = util::ring_allocator<long int>]	16	static
c:\users\raphael.baumeler\stm32cubeide_1.10.1\stm32cubeide\plugins\com.st.stm32cube.ide.mcu.externaltools.gnu-tools-for-stm32.10.3-2021.10.win32_1.0.0.202111181127\tools\bin\../lib/gcc/arm-none-eabi/10.3.1/../../../../arm-none-eabi/include/c++/10.3.1/bits/stl_vector.h:487:7:std::vector<_Tp, _Alloc>::vector() [with _Tp = long int; _Alloc = util::ring_allocator<long int>]	16	static
../Core/Src/cpp_main.cpp:23:6:void cpp_main()	64	static
C:/Users/raphael.baumeler/STM32CubeIDE/workspace_1.10.1/Test/CPP_Core/Inc/util_ring_allocator.h:28:7:constexpr util::ring_allocator_base::ring_allocator_base()	16	static
C:/Users/raphael.baumeler/STM32CubeIDE/workspace_1.10.1/Test/CPP_Core/Inc/util_ring_allocator.h:25:15:util::ring_allocator_base::~ring_allocator_base()	16	static
C:/Users/raphael.baumeler/STM32CubeIDE/workspace_1.10.1/Test/CPP_Core/Inc/util_ring_allocator.h:25:15:virtual util::ring_allocator_base::~ring_allocator_base()	16	static
C:/Users/raphael.baumeler/STM32CubeIDE/workspace_1.10.1/Test/CPP_Core/Inc/util_ring_allocator.h:128:7:constexpr util::ring_allocator<T, buffer_alignment>::ring_allocator() [with T = long int; unsigned int buffer_alignment = 16]	16	static
C:/Users/raphael.baumeler/STM32CubeIDE/workspace_1.10.1/Test/CPP_Core/Inc/util_ring_allocator.h:116:11:util::ring_allocator<long int>::~ring_allocator()	16	static
C:/Users/raphael.baumeler/STM32CubeIDE/workspace_1.10.1/Test/CPP_Core/Inc/util_ring_allocator.h:116:11:virtual util::ring_allocator<long int>::~ring_allocator()	16	static
c:\users\raphael.baumeler\stm32cubeide_1.10.1\stm32cubeide\plugins\com.st.stm32cube.ide.mcu.externaltools.gnu-tools-for-stm32.10.3-2021.10.win32_1.0.0.202111181127\tools\bin\../lib/gcc/arm-none-eabi/10.3.1/../../../../arm-none-eabi/include/c++/10.3.1/bits/stl_vector.h:131:2:std::_Vector_base<_Tp, _Alloc>::_Vector_impl::_Vector_impl() [with _Tp = long int; _Alloc = util::ring_allocator<long int>]	16	static
c:\users\raphael.baumeler\stm32cubeide_1.10.1\stm32cubeide\plugins\com.st.stm32cube.ide.mcu.externaltools.gnu-tools-for-stm32.10.3-2021.10.win32_1.0.0.202111181127\tools\bin\../lib/gcc/arm-none-eabi/10.3.1/../../../../arm-none-eabi/include/c++/10.3.1/bits/stl_vector.h:918:7:std::vector<_Tp, _Alloc>::size_type std::vector<_Tp, _Alloc>::size() const [with _Tp = long int; _Alloc = util::ring_allocator<long int>]	16	static
c:\users\raphael.baumeler\stm32cubeide_1.10.1\stm32cubeide\plugins\com.st.stm32cube.ide.mcu.externaltools.gnu-tools-for-stm32.10.3-2021.10.win32_1.0.0.202111181127\tools\bin\../lib/gcc/arm-none-eabi/10.3.1/../../../../arm-none-eabi/include/c++/10.3.1/bits/stl_vector.h:811:7:std::vector<_Tp, _Alloc>::iterator std::vector<_Tp, _Alloc>::begin() [with _Tp = long int; _Alloc = util::ring_allocator<long int>]	24	static
c:\users\raphael.baumeler\stm32cubeide_1.10.1\stm32cubeide\plugins\com.st.stm32cube.ide.mcu.externaltools.gnu-tools-for-stm32.10.3-2021.10.win32_1.0.0.202111181127\tools\bin\../lib/gcc/arm-none-eabi/10.3.1/../../../../arm-none-eabi/include/c++/10.3.1/bits/stl_iterator.h:984:9:__gnu_cxx::__normal_iterator<_Iterator, _Container>::__normal_iterator(const __gnu_cxx::__normal_iterator<_Iter, typename __gnu_cxx::__enable_if<std::__are_same<_Iter, typename _Container::pointer>::__value, _Container>::__type>&) [with _Iter = long int*; _Iterator = const long int*; _Container = std::vector<long int, util::ring_allocator<long int> >]	16	static
c:\users\raphael.baumeler\stm32cubeide_1.10.1\stm32cubeide\plugins\com.st.stm32cube.ide.mcu.externaltools.gnu-tools-for-stm32.10.3-2021.10.win32_1.0.0.202111181127\tools\bin\../lib/gcc/arm-none-eabi/10.3.1/../../../../arm-none-eabi/include/c++/10.3.1/bits/stl_vector.h:1430:7:std::vector<_Tp, _Alloc>::iterator std::vector<_Tp, _Alloc>::erase(std::vector<_Tp, _Alloc>::const_iterator) [with _Tp = long int; _Alloc = util::ring_allocator<long int>]	24	static
c:\users\raphael.baumeler\stm32cubeide_1.10.1\stm32cubeide\plugins\com.st.stm32cube.ide.mcu.externaltools.gnu-tools-for-stm32.10.3-2021.10.win32_1.0.0.202111181127\tools\bin\../lib/gcc/arm-none-eabi/10.3.1/../../../../arm-none-eabi/include/c++/10.3.1/bits/stl_vector.h:1203:7:void std::vector<_Tp, _Alloc>::push_back(std::vector<_Tp, _Alloc>::value_type&&) [with _Tp = long int; _Alloc = util::ring_allocator<long int>]	16	static
c:\users\raphael.baumeler\stm32cubeide_1.10.1\stm32cubeide\plugins\com.st.stm32cube.ide.mcu.externaltools.gnu-tools-for-stm32.10.3-2021.10.win32_1.0.0.202111181127\tools\bin\../lib/gcc/arm-none-eabi/10.3.1/../../../../arm-none-eabi/include/c++/10.3.1/bits/stl_vector.h:1043:7:std::vector<_Tp, _Alloc>::reference std::vector<_Tp, _Alloc>::operator[](std::vector<_Tp, _Alloc>::size_type) [with _Tp = long int; _Alloc = util::ring_allocator<long int>]	16	static
c:\users\raphael.baumeler\stm32cubeide_1.10.1\stm32cubeide\plugins\com.st.stm32cube.ide.mcu.externaltools.gnu-tools-for-stm32.10.3-2021.10.win32_1.0.0.202111181127\tools\bin\../lib/gcc/arm-none-eabi/10.3.1/../../../../arm-none-eabi/include/c++/10.3.1/bits/stl_vector.h:829:7:std::vector<_Tp, _Alloc>::iterator std::vector<_Tp, _Alloc>::end() [with _Tp = long int; _Alloc = util::ring_allocator<long int>]	24	static
c:\users\raphael.baumeler\stm32cubeide_1.10.1\stm32cubeide\plugins\com.st.stm32cube.ide.mcu.externaltools.gnu-tools-for-stm32.10.3-2021.10.win32_1.0.0.202111181127\tools\bin\../lib/gcc/arm-none-eabi/10.3.1/../../../../arm-none-eabi/include/c++/10.3.1/bits/stl_numeric.h:134:5:_Tp std::accumulate(_InputIterator, _InputIterator, _Tp) [with _InputIterator = __gnu_cxx::__normal_iterator<long int*, std::vector<long int, util::ring_allocator<long int> > >; _Tp = long long int]	40	static
c:\users\raphael.baumeler\stm32cubeide_1.10.1\stm32cubeide\plugins\com.st.stm32cube.ide.mcu.externaltools.gnu-tools-for-stm32.10.3-2021.10.win32_1.0.0.202111181127\tools\bin\../lib/gcc/arm-none-eabi/10.3.1/../../../../arm-none-eabi/include/c++/10.3.1/bits/stl_vector.h:97:2:std::_Vector_base<_Tp, _Alloc>::_Vector_impl_data::_Vector_impl_data() [with _Tp = long int; _Alloc = util::ring_allocator<long int>]	16	static
c:\users\raphael.baumeler\stm32cubeide_1.10.1\stm32cubeide\plugins\com.st.stm32cube.ide.mcu.externaltools.gnu-tools-for-stm32.10.3-2021.10.win32_1.0.0.202111181127\tools\bin\../lib/gcc/arm-none-eabi/10.3.1/../../../../arm-none-eabi/include/c++/10.3.1/bits/stl_vector.h:350:7:void std::_Vector_base<_Tp, _Alloc>::_M_deallocate(std::_Vector_base<_Tp, _Alloc>::pointer, std::size_t) [with _Tp = long int; _Alloc = util::ring_allocator<long int>]	24	static
c:\users\raphael.baumeler\stm32cubeide_1.10.1\stm32cubeide\plugins\com.st.stm32cube.ide.mcu.externaltools.gnu-tools-for-stm32.10.3-2021.10.win32_1.0.0.202111181127\tools\bin\../lib/gcc/arm-none-eabi/10.3.1/../../../../arm-none-eabi/include/c++/10.3.1/bits/stl_vector.h:276:7:std::_Vector_base<_Tp, _Alloc>::_Tp_alloc_type& std::_Vector_base<_Tp, _Alloc>::_M_get_Tp_allocator() [with _Tp = long int; _Alloc = util::ring_allocator<long int>]	16	static
c:\users\raphael.baumeler\stm32cubeide_1.10.1\stm32cubeide\plugins\com.st.stm32cube.ide.mcu.externaltools.gnu-tools-for-stm32.10.3-2021.10.win32_1.0.0.202111181127\tools\bin\../lib/gcc/arm-none-eabi/10.3.1/../../../../arm-none-eabi/include/c++/10.3.1/bits/alloc_traits.h:721:5:void std::_Destroy(_ForwardIterator, _ForwardIterator, _Allocator&) [with _ForwardIterator = long int*; _Allocator = util::ring_allocator<long int>]	24	static
c:\users\raphael.baumeler\stm32cubeide_1.10.1\stm32cubeide\plugins\com.st.stm32cube.ide.mcu.externaltools.gnu-tools-for-stm32.10.3-2021.10.win32_1.0.0.202111181127\tools\bin\../lib/gcc/arm-none-eabi/10.3.1/../../../../arm-none-eabi/include/c++/10.3.1/bits/stl_iterator.h:978:7:__gnu_cxx::__normal_iterator<_Iterator, _Container>::__normal_iterator(const _Iterator&) [with _Iterator = long int*; _Container = std::vector<long int, util::ring_allocator<long int> >]	16	static
c:\users\raphael.baumeler\stm32cubeide_1.10.1\stm32cubeide\plugins\com.st.stm32cube.ide.mcu.externaltools.gnu-tools-for-stm32.10.3-2021.10.win32_1.0.0.202111181127\tools\bin\../lib/gcc/arm-none-eabi/10.3.1/../../../../arm-none-eabi/include/c++/10.3.1/bits/stl_iterator.h:1056:7:const _Iterator& __gnu_cxx::__normal_iterator<_Iterator, _Container>::base() const [with _Iterator = long int*; _Container = std::vector<long int, util::ring_allocator<long int> >]	16	static
c:\users\raphael.baumeler\stm32cubeide_1.10.1\stm32cubeide\plugins\com.st.stm32cube.ide.mcu.externaltools.gnu-tools-for-stm32.10.3-2021.10.win32_1.0.0.202111181127\tools\bin\../lib/gcc/arm-none-eabi/10.3.1/../../../../arm-none-eabi/include/c++/10.3.1/bits/stl_vector.h:884:7:std::vector<_Tp, _Alloc>::const_iterator std::vector<_Tp, _Alloc>::cbegin() const [with _Tp = long int; _Alloc = util::ring_allocator<long int>]	24	static
c:\users\raphael.baumeler\stm32cubeide_1.10.1\stm32cubeide\plugins\com.st.stm32cube.ide.mcu.externaltools.gnu-tools-for-stm32.10.3-2021.10.win32_1.0.0.202111181127\tools\bin\../lib/gcc/arm-none-eabi/10.3.1/../../../../arm-none-eabi/include/c++/10.3.1/bits/stl_iterator.h:1202:5:typename __gnu_cxx::__normal_iterator<_Iterator, _Container>::difference_type __gnu_cxx::operator-(const __gnu_cxx::__normal_iterator<_Iterator, _Container>&, const __gnu_cxx::__normal_iterator<_Iterator, _Container>&) [with _Iterator = const long int*; _Container = std::vector<long int, util::ring_allocator<long int> >]	24	static
c:\users\raphael.baumeler\stm32cubeide_1.10.1\stm32cubeide\plugins\com.st.stm32cube.ide.mcu.externaltools.gnu-tools-for-stm32.10.3-2021.10.win32_1.0.0.202111181127\tools\bin\../lib/gcc/arm-none-eabi/10.3.1/../../../../arm-none-eabi/include/c++/10.3.1/bits/stl_iterator.h:1041:7:__gnu_cxx::__normal_iterator<_Iterator, _Container> __gnu_cxx::__normal_iterator<_Iterator, _Container>::operator+(__gnu_cxx::__normal_iterator<_Iterator, _Container>::difference_type) const [with _Iterator = long int*; _Container = std::vector<long int, util::ring_allocator<long int> >]	24	static
c:\users\raphael.baumeler\stm32cubeide_1.10.1\stm32cubeide\plugins\com.st.stm32cube.ide.mcu.externaltools.gnu-tools-for-stm32.10.3-2021.10.win32_1.0.0.202111181127\tools\bin\../lib/gcc/arm-none-eabi/10.3.1/../../../../arm-none-eabi/include/c++/10.3.1/bits/vector.tcc:171:5:std::vector<_Tp, _Alloc>::iterator std::vector<_Tp, _Alloc>::_M_erase(std::vector<_Tp, _Alloc>::iterator) [with _Tp = long int; _Alloc = util::ring_allocator<long int>]	32	static
c:\users\raphael.baumeler\stm32cubeide_1.10.1\stm32cubeide\plugins\com.st.stm32cube.ide.mcu.externaltools.gnu-tools-for-stm32.10.3-2021.10.win32_1.0.0.202111181127\tools\bin\../lib/gcc/arm-none-eabi/10.3.1/../../../../arm-none-eabi/include/c++/10.3.1/bits/move.h:101:5:constexpr typename std::remove_reference<_Tp>::type&& std::move(_Tp&&) [with _Tp = long int&]	16	static
c:\users\raphael.baumeler\stm32cubeide_1.10.1\stm32cubeide\plugins\com.st.stm32cube.ide.mcu.externaltools.gnu-tools-for-stm32.10.3-2021.10.win32_1.0.0.202111181127\tools\bin\../lib/gcc/arm-none-eabi/10.3.1/../../../../arm-none-eabi/include/c++/10.3.1/bits/vector.tcc:109:7:) [with _Args = {long int}; _Tp = long int; _Alloc = util::ring_allocator<long int>]	24	static
c:\users\raphael.baumeler\stm32cubeide_1.10.1\stm32cubeide\plugins\com.st.stm32cube.ide.mcu.externaltools.gnu-tools-for-stm32.10.3-2021.10.win32_1.0.0.202111181127\tools\bin\../lib/gcc/arm-none-eabi/10.3.1/../../../../arm-none-eabi/include/c++/10.3.1/bits/stl_iterator.h:1113:5:bool __gnu_cxx::operator!=(const __gnu_cxx::__normal_iterator<_Iterator, _Container>&, const __gnu_cxx::__normal_iterator<_Iterator, _Container>&) [with _Iterator = long int*; _Container = std::vector<long int, util::ring_allocator<long int> >]	24	static
c:\users\raphael.baumeler\stm32cubeide_1.10.1\stm32cubeide\plugins\com.st.stm32cube.ide.mcu.externaltools.gnu-tools-for-stm32.10.3-2021.10.win32_1.0.0.202111181127\tools\bin\../lib/gcc/arm-none-eabi/10.3.1/../../../../arm-none-eabi/include/c++/10.3.1/bits/stl_iterator.h:1003:7:__gnu_cxx::__normal_iterator<_Iterator, _Container>& __gnu_cxx::__normal_iterator<_Iterator, _Container>::operator++() [with _Iterator = long int*; _Container = std::vector<long int, util::ring_allocator<long int> >]	16	static
c:\users\raphael.baumeler\stm32cubeide_1.10.1\stm32cubeide\plugins\com.st.stm32cube.ide.mcu.externaltools.gnu-tools-for-stm32.10.3-2021.10.win32_1.0.0.202111181127\tools\bin\../lib/gcc/arm-none-eabi/10.3.1/../../../../arm-none-eabi/include/c++/10.3.1/bits/stl_iterator.h:993:7:__gnu_cxx::__normal_iterator<_Iterator, _Container>::reference __gnu_cxx::__normal_iterator<_Iterator, _Container>::operator*() const [with _Iterator = long int*; _Container = std::vector<long int, util::ring_allocator<long int> >]	16	static
c:\users\raphael.baumeler\stm32cubeide_1.10.1\stm32cubeide\plugins\com.st.stm32cube.ide.mcu.externaltools.gnu-tools-for-stm32.10.3-2021.10.win32_1.0.0.202111181127\tools\bin\../lib/gcc/arm-none-eabi/10.3.1/../../../../arm-none-eabi/include/c++/10.3.1/bits/alloc_traits.h:340:7:static void std::allocator_traits< <template-parameter-1-1> >::deallocate(_Alloc&, std::allocator_traits< <template-parameter-1-1> >::pointer, std::allocator_traits< <template-parameter-1-1> >::size_type) [with _Alloc = util::ring_allocator<long int>]	24	static
c:\users\raphael.baumeler\stm32cubeide_1.10.1\stm32cubeide\plugins\com.st.stm32cube.ide.mcu.externaltools.gnu-tools-for-stm32.10.3-2021.10.win32_1.0.0.202111181127\tools\bin\../lib/gcc/arm-none-eabi/10.3.1/../../../../arm-none-eabi/include/c++/10.3.1/bits/move.h:49:5:constexpr _Tp* std::__addressof(_Tp&) [with _Tp = long int]	16	static
c:\users\raphael.baumeler\stm32cubeide_1.10.1\stm32cubeide\plugins\com.st.stm32cube.ide.mcu.externaltools.gnu-tools-for-stm32.10.3-2021.10.win32_1.0.0.202111181127\tools\bin\../lib/gcc/arm-none-eabi/10.3.1/../../../../arm-none-eabi/include/c++/10.3.1/bits/alloc_traits.h:372:2:static void std::allocator_traits< <template-parameter-1-1> >::destroy(_Alloc&, _Tp*) [with _Tp = long int; _Alloc = util::ring_allocator<long int>]	16	static
c:\users\raphael.baumeler\stm32cubeide_1.10.1\stm32cubeide\plugins\com.st.stm32cube.ide.mcu.externaltools.gnu-tools-for-stm32.10.3-2021.10.win32_1.0.0.202111181127\tools\bin\../lib/gcc/arm-none-eabi/10.3.1/../../../../arm-none-eabi/include/c++/10.3.1/bits/stl_iterator.h:978:7:__gnu_cxx::__normal_iterator<_Iterator, _Container>::__normal_iterator(const _Iterator&) [with _Iterator = const long int*; _Container = std::vector<long int, util::ring_allocator<long int> >]	16	static
c:\users\raphael.baumeler\stm32cubeide_1.10.1\stm32cubeide\plugins\com.st.stm32cube.ide.mcu.externaltools.gnu-tools-for-stm32.10.3-2021.10.win32_1.0.0.202111181127\tools\bin\../lib/gcc/arm-none-eabi/10.3.1/../../../../arm-none-eabi/include/c++/10.3.1/bits/stl_iterator.h:1056:7:const _Iterator& __gnu_cxx::__normal_iterator<_Iterator, _Container>::base() const [with _Iterator = const long int*; _Container = std::vector<long int, util::ring_allocator<long int> >]	16	static
c:\users\raphael.baumeler\stm32cubeide_1.10.1\stm32cubeide\plugins\com.st.stm32cube.ide.mcu.externaltools.gnu-tools-for-stm32.10.3-2021.10.win32_1.0.0.202111181127\tools\bin\../lib/gcc/arm-none-eabi/10.3.1/../../../../arm-none-eabi/include/c++/10.3.1/bits/stl_algobase.h:593:5:_OI std::move(_II, _II, _OI) [with _II = __gnu_cxx::__normal_iterator<long int*, std::vector<long int, util::ring_allocator<long int> > >; _OI = __gnu_cxx::__normal_iterator<long int*, std::vector<long int, util::ring_allocator<long int> > >]	32	static
c:\users\raphael.baumeler\stm32cubeide_1.10.1\stm32cubeide\plugins\com.st.stm32cube.ide.mcu.externaltools.gnu-tools-for-stm32.10.3-2021.10.win32_1.0.0.202111181127\tools\bin\../lib/gcc/arm-none-eabi/10.3.1/../../../../arm-none-eabi/include/c++/10.3.1/bits/move.h:76:5:constexpr _Tp&& std::forward(typename std::remove_reference<_Tp>::type&) [with _Tp = long int]	16	static
c:\users\raphael.baumeler\stm32cubeide_1.10.1\stm32cubeide\plugins\com.st.stm32cube.ide.mcu.externaltools.gnu-tools-for-stm32.10.3-2021.10.win32_1.0.0.202111181127\tools\bin\../lib/gcc/arm-none-eabi/10.3.1/../../../../arm-none-eabi/include/c++/10.3.1/bits/alloc_traits.h:356:2:) [with _Tp = long int; _Args = {long int}; _Alloc = util::ring_allocator<long int>]	24	static
c:\users\raphael.baumeler\stm32cubeide_1.10.1\stm32cubeide\plugins\com.st.stm32cube.ide.mcu.externaltools.gnu-tools-for-stm32.10.3-2021.10.win32_1.0.0.202111181127\tools\bin\../lib/gcc/arm-none-eabi/10.3.1/../../../../arm-none-eabi/include/c++/10.3.1/bits/stl_vector.h:444:7:static constexpr bool std::vector<_Tp, _Alloc>::_S_use_relocate() [with _Tp = long int; _Alloc = util::ring_allocator<long int>]	16	static
c:\users\raphael.baumeler\stm32cubeide_1.10.1\stm32cubeide\plugins\com.st.stm32cube.ide.mcu.externaltools.gnu-tools-for-stm32.10.3-2021.10.win32_1.0.0.202111181127\tools\bin\../lib/gcc/arm-none-eabi/10.3.1/../../../../arm-none-eabi/include/c++/10.3.1/bits/stl_vector.h:431:7:static constexpr bool std::vector<_Tp, _Alloc>::_S_nothrow_relocate(std::true_type) [with _Tp = long int; _Alloc = util::ring_allocator<long int>]	16	static
c:\users\raphael.baumeler\stm32cubeide_1.10.1\stm32cubeide\plugins\com.st.stm32cube.ide.mcu.externaltools.gnu-tools-for-stm32.10.3-2021.10.win32_1.0.0.202111181127\tools\bin\../lib/gcc/arm-none-eabi/10.3.1/../../../../arm-none-eabi/include/c++/10.3.1/bits/vector.tcc:426:7:) [with _Args = {long int}; _Tp = long int; _Alloc = util::ring_allocator<long int>]	64	static
C:/Users/raphael.baumeler/STM32CubeIDE/workspace_1.10.1/Test/CPP_Core/Inc/util_ring_allocator.h:166:12:void util::ring_allocator<T, buffer_alignment>::deallocate(util::ring_allocator<T, buffer_alignment>::pointer, util::ring_allocator_base::size_type) [with T = long int; unsigned int buffer_alignment = 16]	24	static
c:\users\raphael.baumeler\stm32cubeide_1.10.1\stm32cubeide\plugins\com.st.stm32cube.ide.mcu.externaltools.gnu-tools-for-stm32.10.3-2021.10.win32_1.0.0.202111181127\tools\bin\../lib/gcc/arm-none-eabi/10.3.1/../../../../arm-none-eabi/include/c++/10.3.1/bits/alloc_traits.h:265:2:destroy(__p)) std::allocator_traits< <template-parameter-1-1> >::_S_destroy(_Alloc2&, _Tp*, int) [with _Alloc2 = util::ring_allocator<long int>; _Tp = long int; _Alloc = util::ring_allocator<long int>]	24	static
c:\users\raphael.baumeler\stm32cubeide_1.10.1\stm32cubeide\plugins\com.st.stm32cube.ide.mcu.externaltools.gnu-tools-for-stm32.10.3-2021.10.win32_1.0.0.202111181127\tools\bin\../lib/gcc/arm-none-eabi/10.3.1/../../../../arm-none-eabi/include/c++/10.3.1/bits/cpp_type_traits.h:544:5:_Iterator std::__miter_base(_Iterator) [with _Iterator = __gnu_cxx::__normal_iterator<long int*, std::vector<long int, util::ring_allocator<long int> > >]	16	static
c:\users\raphael.baumeler\stm32cubeide_1.10.1\stm32cubeide\plugins\com.st.stm32cube.ide.mcu.externaltools.gnu-tools-for-stm32.10.3-2021.10.win32_1.0.0.202111181127\tools\bin\../lib/gcc/arm-none-eabi/10.3.1/../../../../arm-none-eabi/include/c++/10.3.1/bits/stl_algobase.h:511:5:_OI std::__copy_move_a(_II, _II, _OI) [with bool _IsMove = true; _II = __gnu_cxx::__normal_iterator<long int*, std::vector<long int, util::ring_allocator<long int> > >; _OI = __gnu_cxx::__normal_iterator<long int*, std::vector<long int, util::ring_allocator<long int> > >]	32	static
c:\users\raphael.baumeler\stm32cubeide_1.10.1\stm32cubeide\plugins\com.st.stm32cube.ide.mcu.externaltools.gnu-tools-for-stm32.10.3-2021.10.win32_1.0.0.202111181127\tools\bin\../lib/gcc/arm-none-eabi/10.3.1/../../../../arm-none-eabi/include/c++/10.3.1/bits/alloc_traits.h:245:2:) [with _Tp = long int; _Args = {long int}; _Alloc = util::ring_allocator<long int>]	24	static
c:\users\raphael.baumeler\stm32cubeide_1.10.1\stm32cubeide\plugins\com.st.stm32cube.ide.mcu.externaltools.gnu-tools-for-stm32.10.3-2021.10.win32_1.0.0.202111181127\tools\bin\../lib/gcc/arm-none-eabi/10.3.1/../../../../arm-none-eabi/include/c++/10.3.1/bits/stl_vector.h:1756:7:std::vector<_Tp, _Alloc>::size_type std::vector<_Tp, _Alloc>::_M_check_len(std::vector<_Tp, _Alloc>::size_type, const char*) const [with _Tp = long int; _Alloc = util::ring_allocator<long int>]	40	static
c:\users\raphael.baumeler\stm32cubeide_1.10.1\stm32cubeide\plugins\com.st.stm32cube.ide.mcu.externaltools.gnu-tools-for-stm32.10.3-2021.10.win32_1.0.0.202111181127\tools\bin\../lib/gcc/arm-none-eabi/10.3.1/../../../../arm-none-eabi/include/c++/10.3.1/bits/stl_iterator.h:1202:5:typename __gnu_cxx::__normal_iterator<_Iterator, _Container>::difference_type __gnu_cxx::operator-(const __gnu_cxx::__normal_iterator<_Iterator, _Container>&, const __gnu_cxx::__normal_iterator<_Iterator, _Container>&) [with _Iterator = long int*; _Container = std::vector<long int, util::ring_allocator<long int> >]	24	static
c:\users\raphael.baumeler\stm32cubeide_1.10.1\stm32cubeide\plugins\com.st.stm32cube.ide.mcu.externaltools.gnu-tools-for-stm32.10.3-2021.10.win32_1.0.0.202111181127\tools\bin\../lib/gcc/arm-none-eabi/10.3.1/../../../../arm-none-eabi/include/c++/10.3.1/bits/stl_vector.h:343:7:std::_Vector_base<_Tp, _Alloc>::pointer std::_Vector_base<_Tp, _Alloc>::_M_allocate(std::size_t) [with _Tp = long int; _Alloc = util::ring_allocator<long int>]	16	static
c:\users\raphael.baumeler\stm32cubeide_1.10.1\stm32cubeide\plugins\com.st.stm32cube.ide.mcu.externaltools.gnu-tools-for-stm32.10.3-2021.10.win32_1.0.0.202111181127\tools\bin\../lib/gcc/arm-none-eabi/10.3.1/../../../../arm-none-eabi/include/c++/10.3.1/bits/stl_vector.h:465:7:static std::vector<_Tp, _Alloc>::pointer std::vector<_Tp, _Alloc>::_S_relocate(std::vector<_Tp, _Alloc>::pointer, std::vector<_Tp, _Alloc>::pointer, std::vector<_Tp, _Alloc>::pointer, std::vector<_Tp, _Alloc>::_Tp_alloc_type&) [with _Tp = long int; _Alloc = util::ring_allocator<long int>]	40	static
c:\users\raphael.baumeler\stm32cubeide_1.10.1\stm32cubeide\plugins\com.st.stm32cube.ide.mcu.externaltools.gnu-tools-for-stm32.10.3-2021.10.win32_1.0.0.202111181127\tools\bin\../lib/gcc/arm-none-eabi/10.3.1/../../../../arm-none-eabi/include/c++/10.3.1/bits/stl_uninitialized.h:341:5:_ForwardIterator std::__uninitialized_move_if_noexcept_a(_InputIterator, _InputIterator, _ForwardIterator, _Allocator&) [with _InputIterator = long int*; _ForwardIterator = long int*; _Allocator = util::ring_allocator<long int>]	32	static
C:/Users/raphael.baumeler/STM32CubeIDE/workspace_1.10.1/Test/CPP_Core/Inc/util_ring_allocator.h:164:12:void util::ring_allocator<T, buffer_alignment>::destroy(util::ring_allocator<T, buffer_alignment>::pointer) [with T = long int; unsigned int buffer_alignment = 16]	16	static
c:\users\raphael.baumeler\stm32cubeide_1.10.1\stm32cubeide\plugins\com.st.stm32cube.ide.mcu.externaltools.gnu-tools-for-stm32.10.3-2021.10.win32_1.0.0.202111181127\tools\bin\../lib/gcc/arm-none-eabi/10.3.1/../../../../arm-none-eabi/include/c++/10.3.1/bits/stl_iterator.h:1225:5:_Iterator std::__niter_base(__gnu_cxx::__normal_iterator<_Iterator, _Container>) [with _Iterator = long int*; _Container = std::vector<long int, util::ring_allocator<long int> >]	16	static
c:\users\raphael.baumeler\stm32cubeide_1.10.1\stm32cubeide\plugins\com.st.stm32cube.ide.mcu.externaltools.gnu-tools-for-stm32.10.3-2021.10.win32_1.0.0.202111181127\tools\bin\../lib/gcc/arm-none-eabi/10.3.1/../../../../arm-none-eabi/include/c++/10.3.1/bits/stl_algobase.h:505:5:_OI std::__copy_move_a1(_II, _II, _OI) [with bool _IsMove = true; _II = long int*; _OI = long int*]	24	static
c:\users\raphael.baumeler\stm32cubeide_1.10.1\stm32cubeide\plugins\com.st.stm32cube.ide.mcu.externaltools.gnu-tools-for-stm32.10.3-2021.10.win32_1.0.0.202111181127\tools\bin\../lib/gcc/arm-none-eabi/10.3.1/../../../../arm-none-eabi/include/c++/10.3.1/bits/stl_algobase.h:323:5:_From std::__niter_wrap(_From, _To) [with _From = __gnu_cxx::__normal_iterator<long int*, std::vector<long int, util::ring_allocator<long int> > >; _To = long int*]	16	static
C:/Users/raphael.baumeler/STM32CubeIDE/workspace_1.10.1/Test/CPP_Core/Inc/util_ring_allocator.h:159:12:void util::ring_allocator<T, buffer_alignment>::construct(util::ring_allocator<T, buffer_alignment>::pointer, const value_type&) [with T = long int; unsigned int buffer_alignment = 16]	24	static
c:\users\raphael.baumeler\stm32cubeide_1.10.1\stm32cubeide\plugins\com.st.stm32cube.ide.mcu.externaltools.gnu-tools-for-stm32.10.3-2021.10.win32_1.0.0.202111181127\tools\bin\../lib/gcc/arm-none-eabi/10.3.1/../../../../arm-none-eabi/include/c++/10.3.1/bits/stl_vector.h:923:7:std::vector<_Tp, _Alloc>::size_type std::vector<_Tp, _Alloc>::max_size() const [with _Tp = long int; _Alloc = util::ring_allocator<long int>]	16	static
c:\users\raphael.baumeler\stm32cubeide_1.10.1\stm32cubeide\plugins\com.st.stm32cube.ide.mcu.externaltools.gnu-tools-for-stm32.10.3-2021.10.win32_1.0.0.202111181127\tools\bin\../lib/gcc/arm-none-eabi/10.3.1/../../../../arm-none-eabi/include/c++/10.3.1/bits/stl_algobase.h:254:5:constexpr const _Tp& std::max(const _Tp&, const _Tp&) [with _Tp = unsigned int]	16	static
c:\users\raphael.baumeler\stm32cubeide_1.10.1\stm32cubeide\plugins\com.st.stm32cube.ide.mcu.externaltools.gnu-tools-for-stm32.10.3-2021.10.win32_1.0.0.202111181127\tools\bin\../lib/gcc/arm-none-eabi/10.3.1/../../../../arm-none-eabi/include/c++/10.3.1/bits/alloc_traits.h:313:7:static std::allocator_traits< <template-parameter-1-1> >::pointer std::allocator_traits< <template-parameter-1-1> >::allocate(_Alloc&, std::allocator_traits< <template-parameter-1-1> >::size_type) [with _Alloc = util::ring_allocator<long int>]	16	static
c:\users\raphael.baumeler\stm32cubeide_1.10.1\stm32cubeide\plugins\com.st.stm32cube.ide.mcu.externaltools.gnu-tools-for-stm32.10.3-2021.10.win32_1.0.0.202111181127\tools\bin\../lib/gcc/arm-none-eabi/10.3.1/../../../../arm-none-eabi/include/c++/10.3.1/bits/stl_vector.h:453:7:static std::vector<_Tp, _Alloc>::pointer std::vector<_Tp, _Alloc>::_S_do_relocate(std::vector<_Tp, _Alloc>::pointer, std::vector<_Tp, _Alloc>::pointer, std::vector<_Tp, _Alloc>::pointer, std::vector<_Tp, _Alloc>::_Tp_alloc_type&, std::true_type) [with _Tp = long int; _Alloc = util::ring_allocator<long int>]	24	static
c:\users\raphael.baumeler\stm32cubeide_1.10.1\stm32cubeide\plugins\com.st.stm32cube.ide.mcu.externaltools.gnu-tools-for-stm32.10.3-2021.10.win32_1.0.0.202111181127\tools\bin\../lib/gcc/arm-none-eabi/10.3.1/../../../../arm-none-eabi/include/c++/10.3.1/bits/stl_iterator.h:1619:5:_ReturnType std::__make_move_if_noexcept_iterator(_Tp*) [with _Tp = long int; _ReturnType = std::move_iterator<long int*>]	24	static
c:\users\raphael.baumeler\stm32cubeide_1.10.1\stm32cubeide\plugins\com.st.stm32cube.ide.mcu.externaltools.gnu-tools-for-stm32.10.3-2021.10.win32_1.0.0.202111181127\tools\bin\../lib/gcc/arm-none-eabi/10.3.1/../../../../arm-none-eabi/include/c++/10.3.1/bits/stl_uninitialized.h:303:5:_ForwardIterator std::__uninitialized_copy_a(_InputIterator, _InputIterator, _ForwardIterator, _Allocator&) [with _InputIterator = std::move_iterator<long int*>; _ForwardIterator = long int*; _Allocator = util::ring_allocator<long int>]	40	static
c:\users\raphael.baumeler\stm32cubeide_1.10.1\stm32cubeide\plugins\com.st.stm32cube.ide.mcu.externaltools.gnu-tools-for-stm32.10.3-2021.10.win32_1.0.0.202111181127\tools\bin\../lib/gcc/arm-none-eabi/10.3.1/../../../../arm-none-eabi/include/c++/10.3.1/bits/stl_algobase.h:463:5:_OI std::__copy_move_a2(_II, _II, _OI) [with bool _IsMove = true; _II = long int*; _OI = long int*]	24	static
c:\users\raphael.baumeler\stm32cubeide_1.10.1\stm32cubeide\plugins\com.st.stm32cube.ide.mcu.externaltools.gnu-tools-for-stm32.10.3-2021.10.win32_1.0.0.202111181127\tools\bin\../lib/gcc/arm-none-eabi/10.3.1/../../../../arm-none-eabi/include/c++/10.3.1/bits/stl_vector.h:1776:7:static std::vector<_Tp, _Alloc>::size_type std::vector<_Tp, _Alloc>::_S_max_size(const _Tp_alloc_type&) [with _Tp = long int; _Alloc = util::ring_allocator<long int>]	24	static
c:\users\raphael.baumeler\stm32cubeide_1.10.1\stm32cubeide\plugins\com.st.stm32cube.ide.mcu.externaltools.gnu-tools-for-stm32.10.3-2021.10.win32_1.0.0.202111181127\tools\bin\../lib/gcc/arm-none-eabi/10.3.1/../../../../arm-none-eabi/include/c++/10.3.1/bits/stl_vector.h:280:7:const _Tp_alloc_type& std::_Vector_base<_Tp, _Alloc>::_M_get_Tp_allocator() const [with _Tp = long int; _Alloc = util::ring_allocator<long int>]	16	static
C:/Users/raphael.baumeler/STM32CubeIDE/workspace_1.10.1/Test/CPP_Core/Inc/util_ring_allocator.h:149:15:util::ring_allocator<T, buffer_alignment>::value_type* util::ring_allocator<T, buffer_alignment>::allocate(util::ring_allocator_base::size_type, typename util::ring_allocator<void, buffer_alignment>::const_pointer) [with T = long int; unsigned int buffer_alignment = 16]	32	static
c:\users\raphael.baumeler\stm32cubeide_1.10.1\stm32cubeide\plugins\com.st.stm32cube.ide.mcu.externaltools.gnu-tools-for-stm32.10.3-2021.10.win32_1.0.0.202111181127\tools\bin\../lib/gcc/arm-none-eabi/10.3.1/../../../../arm-none-eabi/include/c++/10.3.1/bits/stl_uninitialized.h:1022:5:_ForwardIterator std::__relocate_a(_InputIterator, _InputIterator, _ForwardIterator, _Allocator&) [with _InputIterator = long int*; _ForwardIterator = long int*; _Allocator = util::ring_allocator<long int>]	32	static
c:\users\raphael.baumeler\stm32cubeide_1.10.1\stm32cubeide\plugins\com.st.stm32cube.ide.mcu.externaltools.gnu-tools-for-stm32.10.3-2021.10.win32_1.0.0.202111181127\tools\bin\../lib/gcc/arm-none-eabi/10.3.1/../../../../arm-none-eabi/include/c++/10.3.1/bits/stl_iterator.h:1344:7:std::move_iterator<_Iterator>::move_iterator(std::move_iterator<_Iterator>::iterator_type) [with _Iterator = long int*]	16	static
c:\users\raphael.baumeler\stm32cubeide_1.10.1\stm32cubeide\plugins\com.st.stm32cube.ide.mcu.externaltools.gnu-tools-for-stm32.10.3-2021.10.win32_1.0.0.202111181127\tools\bin\../lib/gcc/arm-none-eabi/10.3.1/../../../../arm-none-eabi/include/c++/10.3.1/bits/stl_iterator.h:1557:5:bool std::operator!=(const std::move_iterator<_IteratorL>&, const std::move_iterator<_IteratorL>&) [with _Iterator = long int*]	16	static
c:\users\raphael.baumeler\stm32cubeide_1.10.1\stm32cubeide\plugins\com.st.stm32cube.ide.mcu.externaltools.gnu-tools-for-stm32.10.3-2021.10.win32_1.0.0.202111181127\tools\bin\../lib/gcc/arm-none-eabi/10.3.1/../../../../arm-none-eabi/include/c++/10.3.1/bits/stl_iterator.h:1387:7:std::move_iterator<_Iterator>& std::move_iterator<_Iterator>::operator++() [with _Iterator = long int*]	16	static
c:\users\raphael.baumeler\stm32cubeide_1.10.1\stm32cubeide\plugins\com.st.stm32cube.ide.mcu.externaltools.gnu-tools-for-stm32.10.3-2021.10.win32_1.0.0.202111181127\tools\bin\../lib/gcc/arm-none-eabi/10.3.1/../../../../arm-none-eabi/include/c++/10.3.1/bits/stl_iterator.h:1375:7:std::move_iterator<_Iterator>::reference std::move_iterator<_Iterator>::operator*() const [with _Iterator = long int*]	16	static
c:\users\raphael.baumeler\stm32cubeide_1.10.1\stm32cubeide\plugins\com.st.stm32cube.ide.mcu.externaltools.gnu-tools-for-stm32.10.3-2021.10.win32_1.0.0.202111181127\tools\bin\../lib/gcc/arm-none-eabi/10.3.1/../../../../arm-none-eabi/include/c++/10.3.1/bits/stl_algobase.h:415:2:static _Tp* std::__copy_move<_IsMove, true, std::random_access_iterator_tag>::__copy_m(const _Tp*, const _Tp*, _Tp*) [with _Tp = long int; bool _IsMove = true]	32	static
c:\users\raphael.baumeler\stm32cubeide_1.10.1\stm32cubeide\plugins\com.st.stm32cube.ide.mcu.externaltools.gnu-tools-for-stm32.10.3-2021.10.win32_1.0.0.202111181127\tools\bin\../lib/gcc/arm-none-eabi/10.3.1/../../../../arm-none-eabi/include/c++/10.3.1/bits/alloc_traits.h:385:7:static std::allocator_traits< <template-parameter-1-1> >::size_type std::allocator_traits< <template-parameter-1-1> >::max_size(const _Alloc&) [with _Alloc = util::ring_allocator<long int>]	16	static
c:\users\raphael.baumeler\stm32cubeide_1.10.1\stm32cubeide\plugins\com.st.stm32cube.ide.mcu.externaltools.gnu-tools-for-stm32.10.3-2021.10.win32_1.0.0.202111181127\tools\bin\../lib/gcc/arm-none-eabi/10.3.1/../../../../arm-none-eabi/include/c++/10.3.1/bits/stl_algobase.h:230:5:constexpr const _Tp& std::min(const _Tp&, const _Tp&) [with _Tp = unsigned int]	16	static
C:/Users/raphael.baumeler/STM32CubeIDE/workspace_1.10.1/Test/CPP_Core/Inc/util_ring_allocator.h:44:20:static void* util::ring_allocator_base::do_allocate(util::ring_allocator_base::size_type) [with unsigned int buffer_alignment = 16]	32	static
c:\users\raphael.baumeler\stm32cubeide_1.10.1\stm32cubeide\plugins\com.st.stm32cube.ide.mcu.externaltools.gnu-tools-for-stm32.10.3-2021.10.win32_1.0.0.202111181127\tools\bin\../lib/gcc/arm-none-eabi/10.3.1/../../../../arm-none-eabi/include/c++/10.3.1/bits/stl_algobase.h:313:5:_Iterator std::__niter_base(_Iterator) [with _Iterator = long int*]	16	static
c:\users\raphael.baumeler\stm32cubeide_1.10.1\stm32cubeide\plugins\com.st.stm32cube.ide.mcu.externaltools.gnu-tools-for-stm32.10.3-2021.10.win32_1.0.0.202111181127\tools\bin\../lib/gcc/arm-none-eabi/10.3.1/../../../../arm-none-eabi/include/c++/10.3.1/bits/stl_uninitialized.h:1000:5:_ForwardIterator std::__relocate_a_1(_InputIterator, _InputIterator, _ForwardIterator, _Allocator&) [with _InputIterator = long int*; _ForwardIterator = long int*; _Allocator = util::ring_allocator<long int>]	40	static
c:\users\raphael.baumeler\stm32cubeide_1.10.1\stm32cubeide\plugins\com.st.stm32cube.ide.mcu.externaltools.gnu-tools-for-stm32.10.3-2021.10.win32_1.0.0.202111181127\tools\bin\../lib/gcc/arm-none-eabi/10.3.1/../../../../arm-none-eabi/include/c++/10.3.1/bits/move.h:101:5:constexpr typename std::remove_reference<_Tp>::type&& std::move(_Tp&&) [with _Tp = long int*&]	16	static
c:\users\raphael.baumeler\stm32cubeide_1.10.1\stm32cubeide\plugins\com.st.stm32cube.ide.mcu.externaltools.gnu-tools-for-stm32.10.3-2021.10.win32_1.0.0.202111181127\tools\bin\../lib/gcc/arm-none-eabi/10.3.1/../../../../arm-none-eabi/include/c++/10.3.1/bits/stl_iterator.h:1551:5:bool std::operator==(const std::move_iterator<_IteratorL>&, const std::move_iterator<_IteratorL>&) [with _Iterator = long int*]	24	static
c:\users\raphael.baumeler\stm32cubeide_1.10.1\stm32cubeide\plugins\com.st.stm32cube.ide.mcu.externaltools.gnu-tools-for-stm32.10.3-2021.10.win32_1.0.0.202111181127\tools\bin\../lib/gcc/arm-none-eabi/10.3.1/../../../../arm-none-eabi/include/c++/10.3.1/bits/alloc_traits.h:278:2:max_size()) std::allocator_traits< <template-parameter-1-1> >::_S_max_size(_Alloc2&, int) [with _Alloc2 = const util::ring_allocator<long int>; _Alloc = util::ring_allocator<long int>]	16	static
c:\users\raphael.baumeler\stm32cubeide_1.10.1\stm32cubeide\plugins\com.st.stm32cube.ide.mcu.externaltools.gnu-tools-for-stm32.10.3-2021.10.win32_1.0.0.202111181127\tools\bin\../lib/gcc/arm-none-eabi/10.3.1/../../../../arm-none-eabi/include/c++/10.3.1/bits/stl_uninitialized.h:968:5:void std::__relocate_object_a(_Tp*, _Up*, _Allocator&) [with _Tp = long int; _Up = long int; _Allocator = util::ring_allocator<long int>]	24	static
c:\users\raphael.baumeler\stm32cubeide_1.10.1\stm32cubeide\plugins\com.st.stm32cube.ide.mcu.externaltools.gnu-tools-for-stm32.10.3-2021.10.win32_1.0.0.202111181127\tools\bin\../lib/gcc/arm-none-eabi/10.3.1/../../../../arm-none-eabi/include/c++/10.3.1/bits/stl_iterator.h:1362:7:std::move_iterator<_Iterator>::iterator_type std::move_iterator<_Iterator>::base() const [with _Iterator = long int*]	16	static
C:/Users/raphael.baumeler/STM32CubeIDE/workspace_1.10.1/Test/CPP_Core/Inc/util_ring_allocator.h:141:17:util::ring_allocator_base::size_type util::ring_allocator<T, buffer_alignment>::max_size() const [with T = long int; unsigned int buffer_alignment = 16]	16	static
c:\users\raphael.baumeler\stm32cubeide_1.10.1\stm32cubeide\plugins\com.st.stm32cube.ide.mcu.externaltools.gnu-tools-for-stm32.10.3-2021.10.win32_1.0.0.202111181127\tools\bin\../lib/gcc/arm-none-eabi/10.3.1/../../../../arm-none-eabi/include/c++/10.3.1/bits/stl_vector.h:128:14:std::_Vector_base<long int, util::ring_allocator<long int> >::_Vector_impl::~_Vector_impl()	16	static
c:\users\raphael.baumeler\stm32cubeide_1.10.1\stm32cubeide\plugins\com.st.stm32cube.ide.mcu.externaltools.gnu-tools-for-stm32.10.3-2021.10.win32_1.0.0.202111181127\tools\bin\../lib/gcc/arm-none-eabi/10.3.1/../../../../arm-none-eabi/include/c++/10.3.1/bits/stl_vector.h:128:14:virtual std::_Vector_base<long int, util::ring_allocator<long int> >::_Vector_impl::~_Vector_impl()	16	static
../Core/Src/cpp_main.cpp:56:1:void __static_initialization_and_destruction_0(int, int)	16	static
../Core/Src/cpp_main.cpp:56:1:cpp)	8	static
../Core/Src/cpp_main.cpp:56:1:cpp)	8	static
