11:34:09 **** Incremental Build of configuration Debug for project CPP_IKS01A3_Sol ****
make -j8 all 
arm-none-eabi-gcc "../Core/Src/main.c" -mcpu=cortex-m7 -std=gnu11 -g3 -DDEBUG -DUSE_HAL_DRIVER -DSTM32F746xx -c -I../X-CUBE-MEMS1/Target -I../Core/Inc -I../Drivers/STM32F7xx_HAL_Driver/Inc -I../Drivers/STM32F7xx_HAL_Driver/Inc/Legacy -I../Drivers/CMSIS/Device/ST/STM32F7xx/Include -I../Drivers/CMSIS/Include -I../Drivers/BSP/Components/lsm6dso -I../Drivers/BSP/Components/lis2dw12 -I../Drivers/BSP/Components/lis2mdl -I../Drivers/BSP/Components/hts221 -I../Drivers/BSP/Components/lps22hh -I../Drivers/BSP/Components/stts751 -I../Drivers/BSP/IKS01A3 -I../Drivers/BSP/Components/Common -O0 -ffunction-sections -fdata-sections -Wall -fstack-usage -MMD -MP -MF"Core/Src/main.d" -MT"Core/Src/main.o" --specs=nano.specs -mfpu=fpv5-sp-d16 -mfloat-abi=hard -mthumb -o "Core/Src/main.o"
arm-none-eabi-g++ -o "CPP_IKS01A3_Sol.elf" @"objects.list"   -mcpu=cortex-m7 -T"C:\Users\raphael.baumeler\STM32CubeIDE\workspace_1.10.1\CPP_IKS01A3_Sol\STM32F746ZGTX_FLASH.ld" --specs=nosys.specs -Wl,-Map="CPP_IKS01A3_Sol.map" -Wl,--gc-sections -static --specs=nano.specs -mfpu=fpv5-sp-d16 -mfloat-abi=hard -mthumb -Wl,--start-group -lc -lm -lstdc++ -lsupc++ -Wl,--end-group
Finished building target: CPP_IKS01A3_Sol.elf
 
arm-none-eabi-size   CPP_IKS01A3_Sol.elf 
arm-none-eabi-objdump -h -S  CPP_IKS01A3_Sol.elf  > "CPP_IKS01A3_Sol.list"
   text	   data	    bss	    dec	    hex	filename
  20748	    440	   3256	  24444	   5f7c	CPP_IKS01A3_Sol.elf
Finished building: default.size.stdout
 
Finished building: CPP_IKS01A3_Sol.list
 

11:34:10 Build Finished. 0 errors, 0 warnings. (took 918ms)

